Component: ARM Compiler 5.06 update 5 (build 528) Tool: armlink [4d35e2]

==============================================================================

Section Cross References

    main.o(i.Beep_UpdateByDistance) refers to beep.o(i.BEEP_SetVolume) for BEEP_SetVolume
    main.o(i.Beep_UpdateByDistance) refers to main.o(.data) for g_beep_dist_enable
    main.o(i.Chassis_UpdateMotionLine) refers to arbiter.o(i.Arbiter_GetMotionInfo) for Arbiter_GetMotionInfo
    main.o(i.Chassis_UpdateMotionLine) refers to arbiter.o(i.Arbiter_GetCmdMotionInfo) for Arbiter_GetCmdMotionInfo
    main.o(i.Chassis_UpdateMotionLine) refers to arbiter.o(i.Arbiter_MotionDirNameAscii) for Arbiter_MotionDirNameAscii
    main.o(i.Chassis_UpdateMotionLine) refers to printfa.o(i.__0sprintf) for __2sprintf
    main.o(i.Chassis_UpdateMotionLine) refers to main.o(i.SensorUI_UpdateLine) for SensorUI_UpdateLine
    main.o(i.Chassis_UpdateMotionLine) refers to arbiter.o(.bss) for arb_state
    main.o(i.Chassis_UpdateOnLCD) refers to main.o(i.Chassis_UpdateMotionLine) for Chassis_UpdateMotionLine
    main.o(i.Chassis_UpdateOnLCD) refers to main.o(i.Chassis_UpdateWheelLines) for Chassis_UpdateWheelLines
    main.o(i.Chassis_UpdateOnLCD) refers to printfa.o(i.__0sprintf) for __2sprintf
    main.o(i.Chassis_UpdateOnLCD) refers to main.o(i.SensorUI_UpdateLine) for SensorUI_UpdateLine
    main.o(i.Chassis_UpdateOnLCD) refers to arbiter.o(.bss) for arb_state
    main.o(i.Chassis_UpdateWheelLines) refers to arbiter.o(i.Arbiter_GetWheelSpeedPhysical) for Arbiter_GetWheelSpeedPhysical
    main.o(i.Chassis_UpdateWheelLines) refers to printfa.o(i.__0sprintf) for __2sprintf
    main.o(i.Chassis_UpdateWheelLines) refers to main.o(i.SensorUI_UpdateLine) for SensorUI_UpdateLine
    main.o(i.ControlKey_ToggleSwitch) refers to key.o(i.KEY_Scan) for KEY_Scan
    main.o(i.ControlKey_ToggleSwitch) refers to beep.o(i.BEEP_SetVolume) for BEEP_SetVolume
    main.o(i.ControlKey_ToggleSwitch) refers to printfa.o(i.__0printf) for __2printf
    main.o(i.ControlKey_ToggleSwitch) refers to arbiter.o(i.Arbiter_Init) for Arbiter_Init
    main.o(i.ControlKey_ToggleSwitch) refers to arbiter.o(i.Arbiter_EnableCANMode) for Arbiter_EnableCANMode
    main.o(i.ControlKey_ToggleSwitch) refers to systick.o(i.delay_ms) for delay_ms
    main.o(i.ControlKey_ToggleSwitch) refers to main.o(.data) for g_force_stop_enable
    main.o(i.ControlKey_ToggleSwitch) refers to arbiter.o(.bss) for arb_state
    main.o(i.Hardware_Check) refers to systick.o(i.SysTick_Init) for SysTick_Init
    main.o(i.Hardware_Check) refers to misc.o(i.NVIC_PriorityGroupConfig) for NVIC_PriorityGroupConfig
    main.o(i.Hardware_Check) refers to usart.o(i.USART1_Init) for USART1_Init
    main.o(i.Hardware_Check) refers to led.o(i.LED_Init) for LED_Init
    main.o(i.Hardware_Check) refers to tftlcd.o(i.TFTLCD_Init) for TFTLCD_Init
    main.o(i.Hardware_Check) refers to beep.o(i.BEEP_Init) for BEEP_Init
    main.o(i.Hardware_Check) refers to key.o(i.KEY_Init) for KEY_Init
    main.o(i.Hardware_Check) refers to sram.o(i.FSMC_SRAM_Init) for FSMC_SRAM_Init
    main.o(i.Hardware_Check) refers to 24cxx.o(i.AT24CXX_Init) for AT24CXX_Init
    main.o(i.Hardware_Check) refers to flash.o(i.EN25QXX_Init) for EN25QXX_Init
    main.o(i.Hardware_Check) refers to lsens.o(i.Lsens_Init) for Lsens_Init
    main.o(i.Hardware_Check) refers to adc_temp.o(i.ADC_Temp_Init) for ADC_Temp_Init
    main.o(i.Hardware_Check) refers to malloc.o(i.my_mem_init) for my_mem_init
    main.o(i.Hardware_Check) refers to touch.o(i.TP_Init) for TP_Init
    main.o(i.Hardware_Check) refers to piclib.o(i.piclib_init) for piclib_init
    main.o(i.Hardware_Check) refers to gui.o(i.gui_init) for gui_init
    main.o(i.Hardware_Check) refers to fatfs_app.o(i.FATFS_Init) for FATFS_Init
    main.o(i.Hardware_Check) refers to tftlcd.o(i.LCD_Clear) for LCD_Clear
    main.o(i.Hardware_Check) refers to tftlcd.o(i.LCD_ShowString) for LCD_ShowString
    main.o(i.Hardware_Check) refers to wm8978.o(i.WM8978_Init) for WM8978_Init
    main.o(i.Hardware_Check) refers to wm8978.o(i.WM8978_HPvol_Set) for WM8978_HPvol_Set
    main.o(i.Hardware_Check) refers to wm8978.o(i.WM8978_SPKvol_Set) for WM8978_SPKvol_Set
    main.o(i.Hardware_Check) refers to main.o(i.system_exsram_test) for system_exsram_test
    main.o(i.Hardware_Check) refers to main.o(i.system_error_show) for system_error_show
    main.o(i.Hardware_Check) refers to flash.o(i.EN25QXX_ReadID) for EN25QXX_ReadID
    main.o(i.Hardware_Check) refers to tftlcd.o(i.LCD_ShowxNum) for LCD_ShowxNum
    main.o(i.Hardware_Check) refers to key.o(i.KEY_Scan) for KEY_Scan
    main.o(i.Hardware_Check) refers to main.o(i.system_files_erase) for system_files_erase
    main.o(i.Hardware_Check) refers to rtc.o(i.RTC_Config) for RTC_Config
    main.o(i.Hardware_Check) refers to rtc.o(i.RTC_Set_WakeUp) for RTC_Set_WakeUp
    main.o(i.Hardware_Check) refers to stm32f4xx_rtc.o(i.RTC_GetTime) for RTC_GetTime
[...]
    UPDATE_REMIND_TBL                        0x08018534   Data          20  font_update.o(.constdata)
    gImage_led_icon                          0x08018548   Data        8712  common.o(.constdata)
    gImage_clock_icon                        0x0801a750   Data        8712  common.o(.constdata)
    gImage_calc_icon                         0x0801c958   Data        8712  common.o(.constdata)
    gImage_paint_icon                        0x0801eb60   Data        8712  common.o(.constdata)
    gImage_picture_icon                      0x08020d68   Data        8712  common.o(.constdata)
    gImage_3d_icon                           0x08022f70   Data        8712  common.o(.constdata)
    gImage_ebook_icon                        0x08025178   Data        8712  common.o(.constdata)
    gImage_notepad_icon                      0x08027380   Data        8712  common.o(.constdata)
    gImage_earthnet_icon                     0x08029588   Data        8712  common.o(.constdata)
    gImage_usb_icon                          0x0802b790   Data        8712  common.o(.constdata)
    gImage_music_icon                        0x0802d998   Data        8712  common.o(.constdata)
    gImage_camera_icon                       0x0802fba0   Data        8712  common.o(.constdata)
    gImage_com_icon                          0x08031da8   Data        8712  common.o(.constdata)
    gImage_qrcode_icon                       0x08033fb0   Data        8712  common.o(.constdata)
    gImage_phone_icon                        0x080361b8   Data        8712  common.o(.constdata)
    gImage_wireless_icon                     0x080383c0   Data        8712  common.o(.constdata)
    APP_OK_PIC                               0x0803a5c8   Data           4  common.o(.constdata)
    APP_CANCEL_PIC                           0x0803a5cc   Data           4  common.o(.constdata)
    APP_UNSELECT_PIC                         0x0803a5d0   Data           4  common.o(.constdata)
    APP_SELECT_PIC                           0x0803a5d4   Data           4  common.o(.constdata)
    APP_VOL_PIC                              0x0803a5d8   Data           4  common.o(.constdata)
    APP_MODESEL_CAPTION_TBL                  0x0803a5dc   Data          12  common.o(.constdata)
    APP_REMIND_CAPTION_TBL                   0x0803a5e8   Data          12  common.o(.constdata)
    APP_SAVE_CAPTION_TBL                     0x0803a5f4   Data          12  common.o(.constdata)
    APP_CREAT_ERR_MSG_TBL                    0x0803a600   Data          12  common.o(.constdata)
    Region$$Table$$Base                      0x0803aa70   Number         0  anon$$obj.o(Region$$Table)
    Region$$Table$$Limit                     0x0803aa90   Number         0  anon$$obj.o(Region$$Table)
    mem3base                                 0x10000000   Data       61440  malloc.o(.ARM.__AT_0x10000000)
    mem3mapbase                              0x1000f000   Data        3840  malloc.o(.ARM.__AT_0x1000F000)
    VERSION                                  0x20000000   Data          30  main.o(.data)
    DMATxDescToSet                           0x20000048   Data           4  stm32f4x7_eth.o(.data)
    DMARxDescToGet                           0x2000004c   Data           4  stm32f4x7_eth.o(.data)
    DMA_RX_FRAME_infos                       0x20000050   Data           4  stm32f4x7_eth.o(.data)
    Frame_Rx_index                           0x20000054   Data           4  stm32f4x7_eth.o(.data)
    USART1_RX_STA                            0x2000005c   Data           2  usart.o(.data)
    EN25QXX_TYPE                             0x20000064   Data           2  flash.o(.data)
    OSTime                                   0x20000068   Data           4  time.o(.data)
    sd_ok                                    0x2000006c   Data           1  time.o(.data)
    frame                                    0x2000006e   Data           2  time.o(.data)
    frameup                                  0x20000070   Data           1  time.o(.data)
    RTC_TimeStruct                           0x20000078   Data           4  rtc.o(.data)
    RTC_DateStruct                           0x2000007c   Data           4  rtc.o(.data)
    TransferError                            0x2000008a   Data           1  sdio_sdcard.o(.data)
    TransferEnd                              0x2000008b   Data           1  sdio_sdcard.o(.data)
    tempbuff                                 0x2000008c   Data           4  sdio_sdcard.o(.data)
    hw_jsm                                   0x20000090   Data           4  hwjs.o(.data)
    hw_jsbz                                  0x20000094   Data           1  hwjs.o(.data)
    FRONT_COLOR                              0x20000096   Data           2  tftlcd.o(.data)
    BACK_COLOR                               0x20000098   Data           2  tftlcd.o(.data)
    tftlcd_data                              0x2000009a   Data           8  tftlcd.o(.data)
    tp_dev                                   0x200000a4   Data          72  touch.o(.data)
    CMD_RDX                                  0x200000ec   Data           1  touch.o(.data)
    CMD_RDY                                  0x200000ed   Data           1  touch.o(.data)
    i2s_tx_callback                          0x20000164   Data           4  i2s.o(.data)
    ov_frame                                 0x20000168   Data           1  dcmi.o(.data)
    dcmi_rx_callback                         0x2000016c   Data           4  dcmi.o(.data)
    ARBITER_MODE_NAMES                       0x20000190   Data          20  arbiter.o(.data)
    mallco_dev                               0x200001b0   Data          36  malloc.o(.data)
    FLASH_SECTOR_COUNT                       0x200001d4   Data           2  diskio.o(.data)
    file                                     0x200001d8   Data           4  fatfs_app.o(.data)
    ftemp                                    0x200001dc   Data           4  fatfs_app.o(.data)
    br                                       0x200001e0   Data           4  fatfs_app.o(.data)
    bw                                       0x200001e4   Data           4  fatfs_app.o(.data)
    fatbuf                                   0x200001e8   Data           4  fatfs_app.o(.data)
    TCPTimer                                 0x200001ec   Data           4  lwip_comm.o(.data)
    ARPTimer                                 0x200001f0   Data           4  lwip_comm.o(.data)
    lwip_localtime                           0x200001f4   Data           4  lwip_comm.o(.data)
    ram_heap                                 0x200001f8   Data           4  mem.o(.data)
    SET_TEST_MODE                            0x20000208   Data           4  usbd_core.o(.data)
    USBD_DCD_INT_cb                          0x2000020c   Data          44  usbd_core.o(.data)
    USBD_DCD_INT_fops                        0x20000238   Data           4  usbd_core.o(.data)
    USBD_ep_status                           0x2000023c   Data           4  usbd_req.o(.data)
    USBD_default_cfg                         0x20000240   Data           4  usbd_req.o(.data)
    USBD_cfg_status                          0x20000244   Data           4  usbd_req.o(.data)
    system_task_return                       0x2000024c   Data           1  common.o(.data)
    asc2_s6030                               0x20000250   Data           4  common.o(.data)
    asc2_5427                                0x20000254   Data           4  common.o(.data)
    asc2_3618                                0x20000258   Data           4  common.o(.data)
    asc2_2814                                0x2000025c   Data           4  common.o(.data)
    icon_ui_app_tbl                          0x20000260   Data         128  common.o(.data)
    rtc_showflag                             0x200002e0   Data           1  common.o(.data)
    random_seed                              0x200002e4   Data           4  common.o(.data)
    hsync_int                                0x200002f0   Data           1  camera_app.o(.data)
    jpeg_size                                0x200002f1   Data           1  camera_app.o(.data)
    ov2640_mode                              0x200002f2   Data           1  camera_app.o(.data)
    jpeg_data_len                            0x200002f4   Data           4  camera_app.o(.data)
    jpeg_data_ok                             0x200002f8   Data           1  camera_app.o(.data)
    jpeg_buf0                                0x200002fc   Data           4  camera_app.o(.data)
    jpeg_buf1                                0x20000300   Data           4  camera_app.o(.data)
    jpeg_data_buf                            0x20000304   Data           4  camera_app.o(.data)
    __stdout                                 0x20000308   Data           4  stdout.o(.data)
    USART1_RX_BUF                            0x20000310   Data         200  usart.o(.bss)
    EN25QXX_BUFFER                           0x200003d8   Data        4096  flash.o(.bss)
    buf                                      0x200013d8   Data          40  rtc.o(.bss)
    SDIO_InitStructure                       0x20001410   Data          24  sdio_sdcard.o(.bss)
    SDIO_CmdInitStructure                    0x20001428   Data          20  sdio_sdcard.o(.bss)
    SDIO_DataInitStructure                   0x2000143c   Data          24  sdio_sdcard.o(.bss)
    SDCardInfo                               0x20001478   Data          88  sdio_sdcard.o(.bss)
    SDIO_DATA_BUFFER                         0x200014d0   Data         512  sdio_sdcard.o(.bss)
    arb_state                                0x200017d8   Data         240  arbiter.o(.bss)
    mem1base                                 0x200018e0   Data       97280  malloc.o(.bss)
    mem1mapbase                              0x200194e0   Data        6080  malloc.o(.bss)
    fs                                       0x2001acb0   Data          12  fatfs_app.o(.bss)
    fileinfo                                 0x2001acc0   Data         288  fatfs_app.o(.bss)
    dir                                      0x2001ade0   Data          72  fatfs_app.o(.bss)
    ftinfo                                   0x2001ae28   Data          41  font_update.o(.bss)
    picinfo                                  0x2001ae54   Data          40  piclib.o(.bss)
    pic_phy                                  0x2001ae7c   Data          20  piclib.o(.bss)
    lwipdev                                  0x2001ae90   Data          23  lwip_comm.o(.bss)
    lwip_netif                               0x2001aea8   Data          48  lwip_comm.o(.bss)
    gui_phy                                  0x2001af00   Data          29  gui.o(.bss)
    USB_OTG_dev                              0x2001af20   Data        1524  usb_app.o(.bss)
    __initial_sp                             0x2001bd18   Data           0  startup_stm32f40_41xxx.o(STACK)
    mem2base                                 0x68000000   Data       983040  malloc.o(.ARM.__AT_0x68000000)
    mem2mapbase                              0x680f0000   Data       61440  malloc.o(.ARM.__AT_0x680F0000)



==============================================================================

Memory Map of the image

  Image Entry point : 0x08000189

  Load Region LR_IROM1 (Base: 0x08000000, Size: 0x0003ada0, Max: 0x00100000, ABSOLUTE, COMPRESSED[0x0003abe4])

    Execution Region ER_IROM1 (Exec base: 0x08000000, Load base: 0x08000000, Size: 0x0003aa90, Max: 0x00100000, ABSOLUTE)

    Exec Addr    Load Addr    Size         Type   Attr      Idx    E Section Name        Object

    0x08000000   0x08000000   0x00000188   Data   RO          575    RESET               startup_stm32f40_41xxx.o
    0x08000188   0x08000188   0x00000000   Code   RO        17374  * .ARM.Collect$$$$00000000  mc_w.l(entry.o)
    0x08000188   0x08000188   0x00000004   Code   RO        17767    .ARM.Collect$$$$00000001  mc_w.l(entry2.o)
    0x0800018c   0x0800018c   0x00000004   Code   RO        17770    .ARM.Collect$$$$00000004  mc_w.l(entry5.o)
    0x08000190   0x08000190   0x00000000   Code   RO        17772    .ARM.Collect$$$$00000008  mc_w.l(entry7b.o)
    0x08000190   0x08000190   0x00000000   Code   RO        17774    .ARM.Collect$$$$0000000A  mc_w.l(entry8b.o)
    0x08000190   0x08000190   0x00000008   Code   RO        17775    .ARM.Collect$$$$0000000B  mc_w.l(entry9a.o)
    0x08000198   0x08000198   0x00000000   Code   RO        17777    .ARM.Collect$$$$0000000D  mc_w.l(entry10a.o)
    0x08000198   0x08000198   0x00000000   Code   RO        17779    .ARM.Collect$$$$0000000F  mc_w.l(entry11a.o)
    0x08000198   0x08000198   0x00000004   Code   RO        17768    .ARM.Collect$$$$00002712  mc_w.l(entry2.o)
    0x0800019c   0x0800019c   0x00000024   Code   RO          576    .text               startup_stm32f40_41xxx.o
    0x080001c0   0x080001c0   0x00000062   Code   RO        17381    .text               mc_w.l(uldiv.o)
    0x08000222   0x08000222   0x00000062   Code   RO        17383    .text               mc_w.l(ldiv.o)
    0x08000284   0x08000284   0x00000024   Code   RO        17387    .text               mc_w.l(memcpya.o)
    0x080002a8   0x080002a8   0x00000024   Code   RO        17389    .text               mc_w.l(memseta.o)
    0x080002cc   0x080002cc   0x00000018   Code   RO        17391    .text               mc_w.l(strcat.o)
    0x080002e4   0x080002e4   0x00000012   Code   RO        17405    .text               mc_w.l(strcpy.o)
    0x080002f6   0x080002f6   0x0000014e   Code   RO        17680    .text               mf_w.l(dadd.o)
    0x08000444   0x08000444   0x000000e4   Code   RO        17682    .text               mf_w.l(dmul.o)
    0x08000528   0x08000528   0x000000de   Code   RO        17684    .text               mf_w.l(ddiv.o)
    0x08000606   0x08000606   0x0000001a   Code   RO        17690    .text               mf_w.l(dfltui.o)
    0x08000620   0x08000620   0x00000032   Code   RO        17696    .text               mf_w.l(dfixui.o)
    0x08000652   0x08000652   0x00000026   Code   RO        17698    .text               mf_w.l(f2d.o)
    0x08000678   0x08000678   0x00000030   Code   RO        17700    .text               mf_w.l(cdcmple.o)
    0x080006a8   0x080006a8   0x00000030   Code   RO        17702    .text               mf_w.l(cdrcmple.o)
    0x080006d8   0x080006d8   0x0000002c   Code   RO        17782    .text               mc_w.l(uidiv.o)
    0x08000704   0x08000704   0x0000001e   Code   RO        17784    .text               mc_w.l(llshl.o)
    0x08000722   0x08000722   0x00000020   Code   RO        17786    .text               mc_w.l(llushr.o)
    0x08000742   0x08000742   0x00000024   Code   RO        17788    .text               mc_w.l(llsshr.o)
    0x08000766   0x08000766   0x00000000   Code   RO        17807    .text               mc_w.l(iusefp.o)
    0x08000766   0x08000766   0x000000ba   Code   RO        17810    .text               mf_w.l(depilogue.o)
    0x08000820   0x08000820   0x000000a2   Code   RO        17814    .text               mf_w.l(dsqrt.o)
    0x080008c2   0x080008c2   0x00000030   Code   RO        17816    .text               mf_w.l(dfixul.o)
    0x080008f2   0x080008f2   0x00000002   PAD
    0x080008f4   0x080008f4   0x00000024   Code   RO        17818    .text               mc_w.l(init.o)
    0x08000918   0x08000918   0x00000056   Code   RO        17869    .text               mc_w.l(__dczerorl2.o)
    0x0800096e   0x0800096e   0x00000016   Code   RO         2261    i.ADC_Cmd           stm32f4xx_adc.o
    0x08000984   0x08000984   0x00000030   Code   RO         2262    i.ADC_CommonInit    stm32f4xx_adc.o
    0x080009b4   0x080009b4   0x00000054   Code   RO         2281    i.ADC_Init          stm32f4xx_adc.o
    0x08000a08   0x08000a08   0x0000002c   Code   RO         2291    i.ADC_TempSensorVrefintCmd  stm32f4xx_adc.o
    0x08000a34   0x08000a34   0x00000054   Code   RO         6386    i.ADC_Temp_Init     adc_temp.o
    0x08000a88   0x08000a88   0x0000002e   Code   RO         5014    i.AT24CXX_Check     24cxx.o
    0x08000ab6   0x08000ab6   0x00000008   Code   RO         5015    i.AT24CXX_Init      24cxx.o
    0x08000abe   0x08000abe   0x0000002c   Code   RO         5017    i.AT24CXX_ReadLenByte  24cxx.o
    0x08000aea   0x08000aea   0x00000058   Code   RO         5018    i.AT24CXX_ReadOneByte  24cxx.o
    0x08000b42   0x08000b42   0x0000002a   Code   RO         5020    i.AT24CXX_WriteLenByte  24cxx.o
    0x08000b6c   0x08000b6c   0x00000050   Code   RO         5021    i.AT24CXX_WriteOneByte  24cxx.o
    0x08000bbc   0x08000bbc   0x000000a4   Code   RO         8211    i.Arbiter_AllDirectionsDanger  arbiter.o
    0x08000c60   0x08000c60   0x000000c4   Code   RO         8212    i.Arbiter_ApplyAckermannIntent  arbiter.o
    0x08000d24   0x08000d24   0x000000cc   Code   RO         8213    i.Arbiter_ApplyBackwardIntent  arbiter.o
    0x08000df0   0x08000df0   0x000000e0   Code   RO         8214    i.Arbiter_ApplyForwardIntent  arbiter.o
    0x08000ed0   0x08000ed0   0x000000a0   Code   RO         8215    i.Arbiter_ApplySlideLeftIntent  arbiter.o
    0x08000f70   0x08000f70   0x000000a0   Code   RO         8216    i.Arbiter_ApplySlideRightIntent  arbiter.o
    0x08001010   0x08001010   0x00000044   Code   RO         8217    i.Arbiter_ApplySpinIntent  arbiter.o
    0x08001054   0x08001054   0x0000002c   Code   RO         8218    i.Arbiter_ApplyStopOutput  arbiter.o
    0x08001080   0x08001080   0x00000030   Code   RO         8219    i.Arbiter_CalcDistFactorPct  arbiter.o
    0x080010b0   0x080010b0   0x0000006c   Code   RO         8220    i.Arbiter_CheckHeartbeat  arbiter.o
    0x0800111c   0x0800111c   0x00000020   Code   RO         8221    i.Arbiter_ClampSpeed  arbiter.o
    0x0800113c   0x0800113c   0x0000003c   Code   RO         8222    i.Arbiter_ClearError  arbiter.o
    0x08001178   0x08001178   0x00000054   Code   RO         8223    i.Arbiter_EnableCANMode  arbiter.o
    0x080011cc   0x080011cc   0x00000030   Code   RO         8224    i.Arbiter_FormatDistMm  arbiter.o
    0x080011fc   0x080011fc   0x00000080   Code   RO         8225    i.Arbiter_GetCmdMotionInfo  arbiter.o
    0x0800127c   0x0800127c   0x000000dc   Code   RO         8227    i.Arbiter_GetMotionInfo  arbiter.o
    0x08001358   0x08001358   0x000000a0   Code   RO         8228    i.Arbiter_GetMotionIntent  arbiter.o
    0x080013f8   0x080013f8   0x0000002c   Code   RO         8230    i.Arbiter_GetWheelSpeedPhysical  arbiter.o
    0x08001424   0x08001424   0x000000b8   Code   RO         8231    i.Arbiter_Init      arbiter.o
    0x080014dc   0x080014dc   0x00000016   Code   RO         8232    i.Arbiter_IsDangerDist  arbiter.o
    0x080014f2   0x080014f2   0x00000016   Code   RO         8233    i.Arbiter_IsObstacleDist  arbiter.o
    0x08001508   0x08001508   0x00000054   Code   RO         8234    i.Arbiter_IsStopIntent  arbiter.o
    0x0800155c   0x0800155c   0x0000001a   Code   RO         8235    i.Arbiter_IsValidDist  arbiter.o
    0x08001576   0x08001576   0x00000002   PAD
    0x08001578   0x08001578   0x0000004c   Code   RO         8236    i.Arbiter_JetsonBackwardSpeed  arbiter.o
    0x080015c4   0x080015c4   0x00000034   Code   RO         8237    i.Arbiter_JetsonForwardSpeed  arbiter.o
    0x080015f8   0x080015f8   0x00000024   Code   RO         8238    i.Arbiter_JetsonSlideSpeed  arbiter.o
    0x0800161c   0x0800161c   0x0000004e   Code   RO         8239    i.Arbiter_MinDistance4  arbiter.o
    0x0800166a   0x0800166a   0x00000002   PAD
    0x0800166c   0x0800166c   0x00000054   Code   RO         8240    i.Arbiter_MotionDirNameAscii  arbiter.o
    0x080016c0   0x080016c0   0x00000034   Code   RO         8241    i.Arbiter_ParseBMSAlarm  arbiter.o
    0x080016f4   0x080016f4   0x00000054   Code   RO         8242    i.Arbiter_ParseBMSData  arbiter.o
    0x08001748   0x08001748   0x00000228   Code   RO         8243    i.Arbiter_ParseJetsonCmd  arbiter.o
    0x08001970   0x08001970   0x00000040   Code   RO         8244    i.Arbiter_ParseMotionFeedback  arbiter.o
    0x080019b0   0x080019b0   0x0000002c   Code   RO         8245    i.Arbiter_ParseMotionModeFeedback  arbiter.o
    0x080019dc   0x080019dc   0x00000068   Code   RO         8246    i.Arbiter_ParseMotorHighInfo  arbiter.o
    0x08001a44   0x08001a44   0x00000070   Code   RO         8247    i.Arbiter_ParseMotorLowInfo  arbiter.o
    0x08001ab4   0x08001ab4   0x00000048   Code   RO         8248    i.Arbiter_ParseOdometerFront  arbiter.o
    0x08001afc   0x08001afc   0x00000048   Code   RO         8249    i.Arbiter_ParseOdometerRear  arbiter.o
    0x08001b44   0x08001b44   0x00000050   Code   RO         8250    i.Arbiter_ParseRemoteCtrl  arbiter.o
    0x08001b94   0x08001b94   0x00000048   Code   RO         8251    i.Arbiter_ParseSysStatus  arbiter.o
    0x08001bdc   0x08001bdc   0x00000058   Code   RO         8252    i.Arbiter_ParseWheelAngle  arbiter.o
    0x08001c34   0x08001c34   0x00000054   Code   RO         8253    i.Arbiter_ParseWheelSpeed  arbiter.o
    0x08001c88   0x08001c88   0x0000005e   Code   RO         8254    i.Arbiter_PickFreestAll4  arbiter.o
    0x08001ce6   0x08001ce6   0x00000048   Code   RO         8255    i.Arbiter_PickFreestBackLeftRight  arbiter.o
    0x08001d2e   0x08001d2e   0x00000048   Code   RO         8256    i.Arbiter_PickFreestFrontLeftRight  arbiter.o
    0x08001d76   0x08001d76   0x00000020   Code   RO         8257    i.Arbiter_PolicyDist  arbiter.o
    0x08001d96   0x08001d96   0x00000002   PAD
    0x08001d98   0x08001d98   0x0000002c   Code   RO         8258    i.Arbiter_PolicyEmergencyStop  arbiter.o
    0x08001dc4   0x08001dc4   0x0000001c   Code   RO         8259    i.Arbiter_PolicyEnsureMotionMode  arbiter.o
    0x08001de0   0x08001de0   0x00000028   Code   RO         8261    i.Arbiter_PolicyMoveSlide90Ex  arbiter.o
    0x08001e08   0x08001e08   0x0000001c   Code   RO         8262    i.Arbiter_PolicySetAckermannStraight  arbiter.o
    0x08001e24   0x08001e24   0x000001e8   Code   RO         8263    i.Arbiter_PrintChassisFeedback  arbiter.o
    0x0800200c   0x0800200c   0x00000094   Code   RO         8264    i.Arbiter_PrintPowerDriverStatus  arbiter.o
    0x080020a0   0x080020a0   0x00000048   Code   RO         8266    i.Arbiter_Process   arbiter.o
    0x080020e8   0x080020e8   0x0000015a   Code   RO         8267    i.Arbiter_ProcessCANFeedback  arbiter.o
    0x08002242   0x08002242   0x00000002   PAD
    0x08002244   0x08002244   0x00000140   Code   RO         8268    i.Arbiter_ProcessDegradedAutonomy  arbiter.o
    0x08002384   0x08002384   0x00000050   Code   RO         8269    i.Arbiter_ProcessDegradedMode  arbiter.o
    0x080023d4   0x080023d4   0x0000003c   Code   RO         8270    i.Arbiter_ProcessEmergencyMode  arbiter.o
    0x08002410   0x08002410   0x000001c8   Code   RO         8271    i.Arbiter_ProcessJetsonIntentPolicy  arbiter.o
    0x080025d8   0x080025d8   0x00000060   Code   RO         8272    i.Arbiter_ProcessNormalMode  arbiter.o
    0x08002638   0x08002638   0x0000005c   Code   RO         8273    i.Arbiter_ProcessRecoveringMode  arbiter.o
    0x08002694   0x08002694   0x00000078   Code   RO         8274    i.Arbiter_ProcessSpeedLimitMode  arbiter.o
    0x0800270c   0x0800270c   0x0000001e   Code   RO         8275    i.Arbiter_SanitizeDist  arbiter.o
    0x0800272a   0x0800272a   0x0000002a   Code   RO         8276    i.Arbiter_ScaleJetsonVByDist  arbiter.o
    0x08002754   0x08002754   0x00000180   Code   RO         8277    i.Arbiter_SendToSTM32A  arbiter.o
    0x080028d4   0x080028d4   0x00000016   Code   RO         8278    i.Arbiter_SendZeroMotion111  arbiter.o
    0x080028ea   0x080028ea   0x00000002   PAD
    0x080028ec   0x080028ec   0x00000054   Code   RO         8279    i.Arbiter_SetDriveMode  arbiter.o
    0x08002940   0x08002940   0x00000058   Code   RO         8280    i.Arbiter_SetLight  arbiter.o
    0x08002998   0x08002998   0x00000054   Code   RO         8282    i.Arbiter_SetMode   arbiter.o
    0x080029ec   0x080029ec   0x0000003c   Code   RO         8283    i.Arbiter_SetMotionMode  arbiter.o
    0x08002a28   0x08002a28   0x000000d0   Code   RO         8285    i.Arbiter_SetObstacleDistances  arbiter.o
    0x08002af8   0x08002af8   0x00000088   Code   RO         8287    i.Arbiter_SwitchMode  arbiter.o
    0x08002b80   0x08002b80   0x00000078   Code   RO         8288    i.Arbiter_TryRecoverJetsonSpeedInSpeedLimit  arbiter.o
    0x08002bf8   0x08002bf8   0x00000018   Code   RO         8289    i.Arbiter_UpdateHeartbeat  arbiter.o
    0x08002c10   0x08002c10   0x00000074   Code   RO         4946    i.BEEP_Init         beep.o
    0x08002c84   0x08002c84   0x00000128   Code   RO         4948    i.BEEP_Process      beep.o
    0x08002dac   0x08002dac   0x00000034   Code   RO         4950    i.BEEP_SetVolume    beep.o
    0x08002de0   0x08002de0   0x0000004c   Code   RO            4    i.Beep_UpdateByDistance  main.o
    0x08002e2c   0x08002e2c   0x00000004   Code   RO          479    i.BusFault_Handler  stm32f4xx_it.o
    0x08002e30   0x08002e30   0x00000012   Code   RO         6506    i.CAN1_Init_RangerMini  can.o
    0x08002e42   0x08002e42   0x00000002   PAD
    0x08002e44   0x08002e44   0x000000dc   Code   RO         6507    i.CAN1_Mode_Init    can.o
    0x08002f20   0x08002f20   0x00000048   Code   RO         6509    i.CAN1_Receive_Msg_WithID  can.o
    0x08002f68   0x08002f68   0x00000074   Code   RO         6514    i.CAN1_Send_Msg_WithID  can.o
    0x08002fdc   0x08002fdc   0x00000108   Code   RO         3117    i.CAN_FilterInit    stm32f4xx_can.o
    0x080030e4   0x080030e4   0x00000114   Code   RO         3124    i.CAN_Init          stm32f4xx_can.o
    0x080031f8   0x080031f8   0x0000001e   Code   RO         3125    i.CAN_MessagePending  stm32f4xx_can.o
    0x08003216   0x08003216   0x000000f0   Code   RO         3127    i.CAN_Receive       stm32f4xx_can.o
    0x08003306   0x08003306   0x00000126   Code   RO         3132    i.CAN_Transmit      stm32f4xx_can.o
    0x0800342c   0x0800342c   0x000000a0   Code   RO         3133    i.CAN_TransmitStatus  stm32f4xx_can.o
    0x080034cc   0x080034cc   0x00000010   Code   RO         8290    i.Chassis_MotionAbs  arbiter.o
    0x080034dc   0x080034dc   0x0000005e   Code   RO         8291    i.Chassis_MotionAckermannCmd  arbiter.o
    0x0800353a   0x0800353a   0x0000005e   Code   RO         8292    i.Chassis_MotionAckermannFb  arbiter.o
    0x08003598   0x08003598   0x00000086   Code   RO         8293    i.Chassis_MotionSlide  arbiter.o
    0x0800361e   0x0800361e   0x0000000a   Code   RO         8294    i.Chassis_ParseS16BE  arbiter.o
    0x08003628   0x08003628   0x000000cc   Code   RO            5    i.Chassis_UpdateMotionLine  main.o
    0x080036f4   0x080036f4   0x000000c8   Code   RO            6    i.Chassis_UpdateOnLCD  main.o
    0x080037bc   0x080037bc   0x00000060   Code   RO            7    i.Chassis_UpdateWheelLines  main.o
    0x0800381c   0x0800381c   0x00000030   Code   RO         5504    i.CmdError          sdio_sdcard.o
    0x0800384c   0x0800384c   0x00000064   Code   RO         5505    i.CmdResp1Error     sdio_sdcard.o
    0x080038b0   0x080038b0   0x00000054   Code   RO         5506    i.CmdResp2Error     sdio_sdcard.o
    0x08003904   0x08003904   0x00000038   Code   RO         5507    i.CmdResp3Error     sdio_sdcard.o
    0x0800393c   0x0800393c   0x00000094   Code   RO         5508    i.CmdResp6Error     sdio_sdcard.o
    0x080039d0   0x080039d0   0x0000004c   Code   RO         5509    i.CmdResp7Error     sdio_sdcard.o
    0x08003a1c   0x08003a1c   0x0000014c   Code   RO            8    i.ControlKey_ToggleSwitch  main.o
    0x08003b68   0x08003b68   0x00000048   Code   RO        14244    i.DCD_EP_ClrStall   usb_dcd.o
    0x08003bb0   0x08003bb0   0x00000068   Code   RO        14246    i.DCD_EP_Open       usb_dcd.o
    0x08003c18   0x08003c18   0x00000052   Code   RO        14247    i.DCD_EP_PrepareRx  usb_dcd.o
    0x08003c6a   0x08003c6a   0x0000001c   Code   RO        14248    i.DCD_EP_SetAddress  usb_dcd.o
    0x08003c86   0x08003c86   0x00000048   Code   RO        14249    i.DCD_EP_Stall      usb_dcd.o
    0x08003cce   0x08003cce   0x0000004e   Code   RO        14250    i.DCD_EP_Tx         usb_dcd.o
    0x08003d1c   0x08003d1c   0x00000066   Code   RO        14340    i.DCD_HandleEnumDone_ISR  usb_dcd_int.o
    0x08003d82   0x08003d82   0x00000002   PAD
    0x08003d84   0x08003d84   0x00000144   Code   RO        14341    i.DCD_HandleInEP_ISR  usb_dcd_int.o
    0x08003ec8   0x08003ec8   0x00000100   Code   RO        14342    i.DCD_HandleOutEP_ISR  usb_dcd_int.o
    0x08003fc8   0x08003fc8   0x00000068   Code   RO        14343    i.DCD_HandleResume_ISR  usb_dcd_int.o
    0x08004030   0x08004030   0x000000b0   Code   RO        14344    i.DCD_HandleRxStatusQueueLevel_ISR  usb_dcd_int.o
    0x080040e0   0x080040e0   0x0000002c   Code   RO        14345    i.DCD_HandleSof_ISR  usb_dcd_int.o
    0x0800410c   0x0800410c   0x000000a8   Code   RO        14346    i.DCD_HandleUSBSuspend_ISR  usb_dcd_int.o
    0x080041b4   0x080041b4   0x00000104   Code   RO        14347    i.DCD_HandleUsbReset_ISR  usb_dcd_int.o
    0x080042b8   0x080042b8   0x0000002c   Code   RO        14348    i.DCD_IsoINIncomplete_ISR  usb_dcd_int.o
    0x080042e4   0x080042e4   0x0000002c   Code   RO        14349    i.DCD_IsoOUTIncomplete_ISR  usb_dcd_int.o
    0x08004310   0x08004310   0x00000028   Code   RO        14350    i.DCD_ReadDevInEP   usb_dcd_int.o
    0x08004338   0x08004338   0x00000090   Code   RO        14351    i.DCD_WriteEmptyTxFifo  usb_dcd_int.o
    0x080043c8   0x080043c8   0x0000000c   Code   RO         4575    i.DCMI_ClearITPendingBit  stm32f4xx_dcmi.o
    0x080043d4   0x080043d4   0x0000001c   Code   RO         4579    i.DCMI_GetITStatus  stm32f4xx_dcmi.o
    0x080043f0   0x080043f0   0x0000003c   Code   RO         7643    i.DCMI_IRQHandler   dcmi.o
    0x0800442c   0x0800442c   0x0000002c   Code   RO         7580    i.DMA1_Stream4_IRQHandler  i2s.o
    0x08004458   0x08004458   0x0000002c   Code   RO         7647    i.DMA2_Stream1_IRQHandler  dcmi.o
    0x08004484   0x08004484   0x00000034   Code   RO         2621    i.DMA_ClearFlag     stm32f4xx_dma.o
    0x080044b8   0x080044b8   0x00000034   Code   RO         2622    i.DMA_ClearITPendingBit  stm32f4xx_dma.o
    0x080044ec   0x080044ec   0x00000016   Code   RO         2623    i.DMA_Cmd           stm32f4xx_dma.o
    0x08004502   0x08004502   0x00000002   PAD
    0x08004504   0x08004504   0x00000158   Code   RO         2624    i.DMA_DeInit        stm32f4xx_dma.o
    0x0800465c   0x0800465c   0x00000016   Code   RO         2627    i.DMA_FlowControllerConfig  stm32f4xx_dma.o
    0x08004672   0x08004672   0x00000014   Code   RO         2628    i.DMA_GetCmdStatus  stm32f4xx_dma.o
    0x08004686   0x08004686   0x00000002   PAD
    0x08004688   0x08004688   0x00000044   Code   RO         2632    i.DMA_GetFlagStatus  stm32f4xx_dma.o
    0x080046cc   0x080046cc   0x00000064   Code   RO         2633    i.DMA_GetITStatus   stm32f4xx_dma.o
    0x08004730   0x08004730   0x00000058   Code   RO         2635    i.DMA_Init          stm32f4xx_dma.o
    0x08004788   0x08004788   0x00000002   Code   RO          480    i.DebugMon_Handler  stm32f4xx_it.o
    0x0800478a   0x0800478a   0x00000012   Code   RO         7950    i.DistanceSensor_AbsDiffU16  distance_sensor.o
    0x0800479c   0x0800479c   0x00000048   Code   RO         7951    i.DistanceSensor_DrainLog  distance_sensor.o
    0x080047e4   0x080047e4   0x00000024   Code   RO         7952    i.DistanceSensor_FilterIsPlausible  distance_sensor.o
    0x08004808   0x08004808   0x00000046   Code   RO         7953    i.DistanceSensor_FilterIsSpikeJump  distance_sensor.o
    0x0800484e   0x0800484e   0x00000064   Code   RO         7954    i.DistanceSensor_FilterMedian  distance_sensor.o
    0x080048b2   0x080048b2   0x00000020   Code   RO         7955    i.DistanceSensor_FilterOnNewFrame  distance_sensor.o
    0x080048d2   0x080048d2   0x00000002   PAD
    0x080048d4   0x080048d4   0x00000228   Code   RO         7956    i.DistanceSensor_FilterPushChannel  distance_sensor.o
    0x08004afc   0x08004afc   0x0000004c   Code   RO         7957    i.DistanceSensor_FilterReset  distance_sensor.o
    0x08004b48   0x08004b48   0x00000018   Code   RO         7958    i.DistanceSensor_FilterSampleKind  distance_sensor.o
    0x08004b60   0x08004b60   0x0000000c   Code   RO         7959    i.DistanceSensor_GetArbiterMm  distance_sensor.o
    0x08004b6c   0x08004b6c   0x00000008   Code   RO         7960    i.DistanceSensor_GetData  distance_sensor.o
    0x08004b74   0x08004b74   0x0000002c   Code   RO         7961    i.DistanceSensor_GetFilteredMinDistMm  distance_sensor.o
    0x08004ba0   0x08004ba0   0x00000034   Code   RO         7962    i.DistanceSensor_GetFilteredMm  distance_sensor.o
    0x08004bd4   0x08004bd4   0x000000d8   Code   RO         7964    i.DistanceSensor_Init  distance_sensor.o
    0x08004cac   0x08004cac   0x0000003c   Code   RO         7965    i.DistanceSensor_MinDistMm  distance_sensor.o
    0x08004ce8   0x08004ce8   0x00000020   Code   RO         7966    i.DistanceSensor_NewData  distance_sensor.o
    0x08004d08   0x08004d08   0x00000044   Code   RO         7967    i.DistanceSensor_NormalizedMm  distance_sensor.o
    0x08004d4c   0x08004d4c   0x000001b4   Code   RO         7968    i.DistanceSensor_Print  distance_sensor.o
    0x08004f00   0x08004f00   0x0000011c   Code   RO         7970    i.DistanceSensor_Process  distance_sensor.o
    0x0800501c   0x0800501c   0x0000001c   Code   RO         7971    i.DistanceSensor_UpdateArbEma  distance_sensor.o
    0x08005038   0x08005038   0x0000002c   Code   RO         5164    i.EN25QXX_Erase_Chip  flash.o
    0x08005064   0x08005064   0x00000058   Code   RO         5165    i.EN25QXX_Erase_Sector  flash.o
    0x080050bc   0x080050bc   0x00000094   Code   RO         5166    i.EN25QXX_Init      flash.o
    0x08005150   0x08005150   0x00000050   Code   RO         5168    i.EN25QXX_Read      flash.o
    0x080051a0   0x080051a0   0x00000048   Code   RO         5169    i.EN25QXX_ReadID    flash.o
    0x080051e8   0x080051e8   0x0000002c   Code   RO         5170    i.EN25QXX_ReadSR    flash.o
    0x08005214   0x08005214   0x00000012   Code   RO         5172    i.EN25QXX_Wait_Busy  flash.o
    0x08005226   0x08005226   0x00000002   PAD
    0x08005228   0x08005228   0x000000b8   Code   RO         5173    i.EN25QXX_Write     flash.o
    0x080052e0   0x080052e0   0x00000020   Code   RO         5175    i.EN25QXX_Write_Enable  flash.o
    0x08005300   0x08005300   0x00000046   Code   RO         5176    i.EN25QXX_Write_NoCheck  flash.o
    0x08005346   0x08005346   0x00000002   PAD
    0x08005348   0x08005348   0x00000054   Code   RO         5177    i.EN25QXX_Write_Page  flash.o
    0x0800539c   0x0800539c   0x0000000c   Code   RO         4040    i.ETH_DMAClearITPendingBit  stm32f4x7_eth.o
    0x080053a8   0x080053a8   0x0000000a   Code   RO         4069    i.ETH_GetDMARxDescFrameLength  stm32f4x7_eth.o
    0x080053b2   0x080053b2   0x0000002a   Code   RO         4082    i.ETH_GetRxPktSize  stm32f4x7_eth.o
    0x080053dc   0x080053dc   0x00000028   Code   RO         5800    i.ETH_IRQHandler    lan8720.o
    0x08005404   0x08005404   0x0000009c   Code   RO         5804    i.ETH_Rx_Packet     lan8720.o
    0x080054a0   0x080054a0   0x0000008c   Code   RO         5719    i.EXTI9_5_IRQHandler  hwjs.o
    0x0800552c   0x0800552c   0x0000000c   Code   RO         1132    i.EXTI_ClearITPendingBit  stm32f4xx_exti.o
    0x08005538   0x08005538   0x00000094   Code   RO         1137    i.EXTI_Init         stm32f4xx_exti.o
    0x080055cc   0x080055cc   0x00000084   Code   RO         9345    i.FATFS_Init        fatfs_app.o
    0x08005650   0x08005650   0x00000034   Code   RO         3289    i.FSMC_NORSRAMCmd   stm32f4xx_fsmc.o
    0x08005684   0x08005684   0x00000128   Code   RO         3291    i.FSMC_NORSRAMInit  stm32f4xx_fsmc.o
    0x080057ac   0x080057ac   0x000002cc   Code   RO         4904    i.FSMC_SRAM_Init    sram.o
    0x08005a78   0x08005a78   0x00000016   Code   RO         4905    i.FSMC_SRAM_ReadBuffer  sram.o
    0x08005a8e   0x08005a8e   0x00000018   Code   RO         4906    i.FSMC_SRAM_WriteBuffer  sram.o
    0x08005aa6   0x08005aa6   0x00000002   PAD
    0x08005aa8   0x08005aa8   0x00000194   Code   RO         5510    i.FindSCR           sdio_sdcard.o
    0x08005c3c   0x08005c3c   0x00000090   Code   RO          584    i.GPIO_Init         stm32f4xx_gpio.o
    0x08005ccc   0x08005ccc   0x00000046   Code   RO          585    i.GPIO_PinAFConfig  stm32f4xx_gpio.o
    0x08005d12   0x08005d12   0x00000012   Code   RO          588    i.GPIO_ReadInputDataBit  stm32f4xx_gpio.o
    0x08005d24   0x08005d24   0x00000004   Code   RO          591    i.GPIO_ResetBits    stm32f4xx_gpio.o
    0x08005d28   0x08005d28   0x00000004   Code   RO          592    i.GPIO_SetBits      stm32f4xx_gpio.o
    0x08005d2c   0x08005d2c   0x00000030   Code   RO         5720    i.HW_jssj           hwjs.o
    0x08005d5c   0x08005d5c   0x00000004   Code   RO          481    i.HardFault_Handler  stm32f4xx_it.o
    0x08005d60   0x08005d60   0x00000ce4   Code   RO            9    i.Hardware_Check    main.o
    0x08006a44   0x08006a44   0x00000038   Code   RO         5083    i.IIC_Ack           iic.o
    0x08006a7c   0x08006a7c   0x0000004c   Code   RO         5084    i.IIC_Init          iic.o
    0x08006ac8   0x08006ac8   0x00000038   Code   RO         5085    i.IIC_NAck          iic.o
    0x08006b00   0x08006b00   0x00000058   Code   RO         5086    i.IIC_Read_Byte     iic.o
    0x08006b58   0x08006b58   0x00000064   Code   RO         5087    i.IIC_Send_Byte     iic.o
    0x08006bbc   0x08006bbc   0x00000038   Code   RO         5088    i.IIC_Start         iic.o
    0x08006bf4   0x08006bf4   0x00000038   Code   RO         5089    i.IIC_Stop          iic.o
    0x08006c2c   0x08006c2c   0x0000004c   Code   RO         5090    i.IIC_Wait_Ack      iic.o
    0x08006c78   0x08006c78   0x00000004   Code   RO         4720    i.INTX_DISABLE      system.o
    0x08006c7c   0x08006c7c   0x00000004   Code   RO         4721    i.INTX_ENABLE       system.o
    0x08006c80   0x08006c80   0x000000a0   Code   RO         5511    i.IsCardProgramming  sdio_sdcard.o
    0x08006d20   0x08006d20   0x00000044   Code   RO         4870    i.KEY_Init          key.o
    0x08006d64   0x08006d64   0x000000a0   Code   RO         4871    i.KEY_Scan          key.o
    0x08006e04   0x08006e04   0x00000048   Code   RO         5882    i.LCD_Clear         tftlcd.o
    0x08006e4c   0x08006e4c   0x0000005e   Code   RO         5883    i.LCD_Color_Fill    tftlcd.o
    0x08006eaa   0x08006eaa   0x00000002   PAD
    0x08006eac   0x08006eac   0x00000048   Code   RO         5884    i.LCD_Display_Dir   tftlcd.o
    0x08006ef4   0x08006ef4   0x0000001c   Code   RO         5885    i.LCD_DrawFRONT_COLOR  tftlcd.o
    0x08006f10   0x08006f10   0x000000b0   Code   RO         5886    i.LCD_DrawLine      tftlcd.o
    0x08006fc0   0x08006fc0   0x00000020   Code   RO         5888    i.LCD_DrawPoint     tftlcd.o
    0x08006fe0   0x08006fe0   0x00000098   Code   RO         5890    i.LCD_Draw_Circle   tftlcd.o
    0x08007078   0x08007078   0x0000005c   Code   RO         5892    i.LCD_Fill          tftlcd.o
    0x080070d4   0x080070d4   0x00000016   Code   RO         5893    i.LCD_Pow           tftlcd.o
    0x080070ea   0x080070ea   0x00000002   PAD
    0x080070ec   0x080070ec   0x0000000c   Code   RO         5895    i.LCD_ReadData      tftlcd.o
    0x080070f8   0x080070f8   0x00000064   Code   RO         5896    i.LCD_ReadPoint     tftlcd.o
    0x0800715c   0x0800715c   0x0000004a   Code   RO         5898    i.LCD_Set_Window    tftlcd.o
    0x080071a6   0x080071a6   0x00000002   PAD
    0x080071a8   0x080071a8   0x00000128   Code   RO         5899    i.LCD_ShowChar      tftlcd.o
    0x080072d0   0x080072d0   0x00000094   Code   RO         5901    i.LCD_ShowNum       tftlcd.o
    0x08007364   0x08007364   0x00000066   Code   RO         5903    i.LCD_ShowString    tftlcd.o
    0x080073ca   0x080073ca   0x000000be   Code   RO         5904    i.LCD_ShowxNum      tftlcd.o
    0x08007488   0x08007488   0x0000000c   Code   RO         5905    i.LCD_WriteCmd      tftlcd.o
    0x08007494   0x08007494   0x0000000c   Code   RO         5907    i.LCD_WriteData     tftlcd.o
    0x080074a0   0x080074a0   0x00000018   Code   RO         5908    i.LCD_WriteData_Color  tftlcd.o
    0x080074b8   0x080074b8   0x00000058   Code   RO         4843    i.LED_Init          led.o
    0x08007510   0x08007510   0x0000003c   Code   RO         5321    i.Log_GetUptimeMs   time.o
    0x0800754c   0x0800754c   0x0000003c   Code   RO         5322    i.Log_TsPrefix      time.o
    0x08007588   0x08007588   0x00000084   Code   RO         6686    i.Lsens_Init        lsens.o
    0x0800760c   0x0800760c   0x0000007a   Code   RO         6726    i.MPU6050_Init      mpu6050.o
    0x08007686   0x08007686   0x0000003a   Code   RO         6727    i.MPU6050_Read_Byte  mpu6050.o
    0x080076c0   0x080076c0   0x00000010   Code   RO         6729    i.MPU6050_Set_Accel_Fsr  mpu6050.o
    0x080076d0   0x080076d0   0x00000010   Code   RO         6730    i.MPU6050_Set_Gyro_Fsr  mpu6050.o
    0x080076e0   0x080076e0   0x0000003a   Code   RO         6731    i.MPU6050_Set_LPF   mpu6050.o
    0x0800771a   0x0800771a   0x0000003a   Code   RO         6732    i.MPU6050_Set_Rate  mpu6050.o
    0x08007754   0x08007754   0x00000044   Code   RO         6733    i.MPU6050_Write_Byte  mpu6050.o
    0x08007798   0x08007798   0x00000004   Code   RO          482    i.MemManage_Handler  stm32f4xx_it.o
    0x0800779c   0x0800779c   0x00000090   Code   RO           11    i.Motion_ControlByDistance  main.o
    0x0800782c   0x0800782c   0x00000002   Code   RO          483    i.NMI_Handler       stm32f4xx_it.o
    0x0800782e   0x0800782e   0x00000002   PAD
    0x08007830   0x08007830   0x00000078   Code   RO         1083    i.NVIC_Init         misc.o
    0x080078a8   0x080078a8   0x00000014   Code   RO         1084    i.NVIC_PriorityGroupConfig  misc.o
    0x080078bc   0x080078bc   0x00000010   Code   RO        15189    i.OTG_FS_IRQHandler  usbd_usr.o
    0x080078cc   0x080078cc   0x0000000c   Code   RO         2141    i.PWR_BackupAccessCmd  stm32f4xx_pwr.o
    0x080078d8   0x080078d8   0x00000002   Code   RO          484    i.PendSV_Handler    stm32f4xx_it.o
    0x080078da   0x080078da   0x00000002   PAD
    0x080078dc   0x080078dc   0x00000020   Code   RO          685    i.RCC_AHB1PeriphClockCmd  stm32f4xx_rcc.o
    0x080078fc   0x080078fc   0x00000020   Code   RO          691    i.RCC_AHB3PeriphClockCmd  stm32f4xx_rcc.o
    0x0800791c   0x0800791c   0x00000020   Code   RO          694    i.RCC_APB1PeriphClockCmd  stm32f4xx_rcc.o
    0x0800793c   0x0800793c   0x00000020   Code   RO          697    i.RCC_APB2PeriphClockCmd  stm32f4xx_rcc.o
    0x0800795c   0x0800795c   0x00000020   Code   RO          699    i.RCC_APB2PeriphResetCmd  stm32f4xx_rcc.o
    0x0800797c   0x0800797c   0x000000e8   Code   RO          706    i.RCC_GetClocksFreq  stm32f4xx_rcc.o
    0x08007a64   0x08007a64   0x00000040   Code   RO          707    i.RCC_GetFlagStatus  stm32f4xx_rcc.o
    0x08007aa4   0x08007aa4   0x0000002c   Code   RO          715    i.RCC_LSEConfig     stm32f4xx_rcc.o
    0x08007ad0   0x08007ad0   0x0000000c   Code   RO          729    i.RCC_RTCCLKCmd     stm32f4xx_rcc.o
    0x08007adc   0x08007adc   0x0000003c   Code   RO          730    i.RCC_RTCCLKConfig  stm32f4xx_rcc.o
    0x08007b18   0x08007b18   0x0000001e   Code   RO         5437    i.RTC_Alarm_IRQHandler  rtc.o
    0x08007b36   0x08007b36   0x00000016   Code   RO         2756    i.RTC_Bcd2ToByte    stm32f4xx_rtc.o
    0x08007b4c   0x08007b4c   0x0000001c   Code   RO         2758    i.RTC_ByteToBcd2    stm32f4xx_rtc.o
    0x08007b68   0x08007b68   0x0000001c   Code   RO         2761    i.RTC_ClearFlag     stm32f4xx_rtc.o
    0x08007b84   0x08007b84   0x00000020   Code   RO         2762    i.RTC_ClearITPendingBit  stm32f4xx_rtc.o
    0x08007ba4   0x08007ba4   0x0000008a   Code   RO         5438    i.RTC_Config        rtc.o
    0x08007c2e   0x08007c2e   0x00000002   PAD
    0x08007c30   0x08007c30   0x00000050   Code   RO         2768    i.RTC_EnterInitMode  stm32f4xx_rtc.o
    0x08007c80   0x08007c80   0x00000014   Code   RO         2769    i.RTC_ExitInitMode  stm32f4xx_rtc.o
    0x08007c94   0x08007c94   0x0000004c   Code   RO         2772    i.RTC_GetDate       stm32f4xx_rtc.o
    0x08007ce0   0x08007ce0   0x00000028   Code   RO         2773    i.RTC_GetFlagStatus  stm32f4xx_rtc.o
    0x08007d08   0x08007d08   0x00000050   Code   RO         2777    i.RTC_GetTime       stm32f4xx_rtc.o
    0x08007d58   0x08007d58   0x00000064   Code   RO         2781    i.RTC_ITConfig      stm32f4xx_rtc.o
    0x08007dbc   0x08007dbc   0x00000064   Code   RO         2782    i.RTC_Init          stm32f4xx_rtc.o
    0x08007e20   0x08007e20   0x00000020   Code   RO         2785    i.RTC_ReadBackupRegister  stm32f4xx_rtc.o
    0x08007e40   0x08007e40   0x000000c8   Code   RO         2788    i.RTC_SetDate       stm32f4xx_rtc.o
    0x08007f08   0x08007f08   0x000000d0   Code   RO         2789    i.RTC_SetTime       stm32f4xx_rtc.o
    0x08007fd8   0x08007fd8   0x0000001c   Code   RO         2790    i.RTC_SetWakeUpCounter  stm32f4xx_rtc.o
    0x08007ff4   0x08007ff4   0x00000024   Code   RO         5440    i.RTC_Set_Date      rtc.o
    0x08008018   0x08008018   0x00000024   Code   RO         5441    i.RTC_Set_Time      rtc.o
    0x0800803c   0x0800803c   0x00000072   Code   RO         5442    i.RTC_Set_WakeUp    rtc.o
    0x080080ae   0x080080ae   0x00000002   PAD
    0x080080b0   0x080080b0   0x000000b4   Code   RO         5443    i.RTC_WKUP_IRQHandler  rtc.o
    0x08008164   0x08008164   0x00000060   Code   RO         2805    i.RTC_WaitForSynchro  stm32f4xx_rtc.o
    0x080081c4   0x080081c4   0x00000030   Code   RO         2806    i.RTC_WakeUpClockConfig  stm32f4xx_rtc.o
    0x080081f4   0x080081f4   0x00000078   Code   RO         2807    i.RTC_WakeUpCmd     stm32f4xx_rtc.o
    0x0800826c   0x0800826c   0x0000001c   Code   RO         2808    i.RTC_WriteBackupRegister  stm32f4xx_rtc.o
    0x08008288   0x08008288   0x00000024   Code   RO         5091    i.SDA_IN            iic.o
    0x080082ac   0x080082ac   0x00000030   Code   RO         5092    i.SDA_OUT           iic.o
    0x080082dc   0x080082dc   0x000000ac   Code   RO         5512    i.SDEnWideBus       sdio_sdcard.o
    0x08008388   0x08008388   0x0000000c   Code   RO         3840    i.SDIO_ClearFlag    stm32f4xx_sdio.o
    0x08008394   0x08008394   0x00000014   Code   RO         5513    i.SDIO_Clock_Set    sdio_sdcard.o
    0x080083a8   0x080083a8   0x00000034   Code   RO         3846    i.SDIO_DataConfig   stm32f4xx_sdio.o
    0x080083dc   0x080083dc   0x00000018   Code   RO         3852    i.SDIO_GetFlagStatus  stm32f4xx_sdio.o
    0x080083f4   0x080083f4   0x00000010   Code   RO         3854    i.SDIO_GetPowerState  stm32f4xx_sdio.o
    0x08008404   0x08008404   0x00000008   Code   RO         5514    i.SDIO_IRQHandler   sdio_sdcard.o
    0x0800840c   0x0800840c   0x00000030   Code   RO         3857    i.SDIO_Init         stm32f4xx_sdio.o
    0x0800843c   0x0800843c   0x00000038   Code   RO         5515    i.SDIO_Register_Deinit  sdio_sdcard.o
    0x08008474   0x08008474   0x0000002c   Code   RO         3860    i.SDIO_SendCommand  stm32f4xx_sdio.o
    0x080084a0   0x080084a0   0x0000000c   Code   RO         3862    i.SDIO_SetPowerState  stm32f4xx_sdio.o
    0x080084ac   0x080084ac   0x00000080   Code   RO         5516    i.SD_DMA_Config     sdio_sdcard.o
    0x0800852c   0x0800852c   0x00000068   Code   RO         5517    i.SD_EnableWideBusOperation  sdio_sdcard.o
    0x08008594   0x08008594   0x00000314   Code   RO         5518    i.SD_GetCardInfo    sdio_sdcard.o
    0x080088a8   0x080088a8   0x00000130   Code   RO         5520    i.SD_Init           sdio_sdcard.o
    0x080089d8   0x080089d8   0x00000164   Code   RO         5521    i.SD_InitializeCards  sdio_sdcard.o
    0x08008b3c   0x08008b3c   0x000001e4   Code   RO         5523    i.SD_PowerON        sdio_sdcard.o
    0x08008d20   0x08008d20   0x00000154   Code   RO         5524    i.SD_ProcessIRQSrc  sdio_sdcard.o
    0x08008e74   0x08008e74   0x00000268   Code   RO         5525    i.SD_ReadBlock      sdio_sdcard.o
    0x080090dc   0x080090dc   0x00000098   Code   RO         5526    i.SD_ReadDisk       sdio_sdcard.o
    0x08009174   0x08009174   0x000002f4   Code   RO         5527    i.SD_ReadMultiBlocks  sdio_sdcard.o
    0x08009468   0x08009468   0x00000030   Code   RO         5528    i.SD_SelectDeselect  sdio_sdcard.o
    0x08009498   0x08009498   0x00000018   Code   RO         5530    i.SD_SetDeviceMode  sdio_sdcard.o
    0x080094b0   0x080094b0   0x00000388   Code   RO         5531    i.SD_WriteBlock     sdio_sdcard.o
    0x08009838   0x08009838   0x00000098   Code   RO         5532    i.SD_WriteDisk      sdio_sdcard.o
    0x080098d0   0x080098d0   0x000003d0   Code   RO         5533    i.SD_WriteMultiBlocks  sdio_sdcard.o
    0x08009ca0   0x08009ca0   0x000000c4   Code   RO         5282    i.SPI1_Init         spi.o
    0x08009d64   0x08009d64   0x00000038   Code   RO         5283    i.SPI1_ReadWriteByte  spi.o
    0x08009d9c   0x08009d9c   0x00000028   Code   RO         5284    i.SPI1_SetSpeed     spi.o
    0x08009dc4   0x08009dc4   0x00000018   Code   RO         3419    i.SPI_Cmd           stm32f4xx_spi.o
    0x08009ddc   0x08009ddc   0x00000012   Code   RO         3427    i.SPI_I2S_GetFlagStatus  stm32f4xx_spi.o
    0x08009dee   0x08009dee   0x00000006   Code   RO         3430    i.SPI_I2S_ReceiveData  stm32f4xx_spi.o
    0x08009df4   0x08009df4   0x00000004   Code   RO         3431    i.SPI_I2S_SendData  stm32f4xx_spi.o
    0x08009df8   0x08009df8   0x0000003c   Code   RO         3432    i.SPI_Init          stm32f4xx_spi.o
    0x08009e34   0x08009e34   0x00000002   Code   RO          485    i.SVC_Handler       stm32f4xx_it.o
    0x08009e36   0x08009e36   0x00000002   PAD
    0x08009e38   0x08009e38   0x000001d0   Code   RO           13    i.SensorData_ShowScreen  main.o
    0x0800a008   0x0800a008   0x0000014c   Code   RO           14    i.SensorUI_DrawStatic  main.o
    0x0800a154   0x0800a154   0x00000060   Code   RO           15    i.SensorUI_FormatDist  main.o
    0x0800a1b4   0x0800a1b4   0x00000054   Code   RO           16    i.SensorUI_FormatDistWithFilt  main.o
    0x0800a208   0x0800a208   0x00000078   Code   RO           17    i.SensorUI_UpdateBeepStatus  main.o
    0x0800a280   0x0800a280   0x00000048   Code   RO           18    i.SensorUI_UpdateCount  main.o
    0x0800a2c8   0x0800a2c8   0x00000134   Code   RO           19    i.SensorUI_UpdateDistances  main.o
    0x0800a3fc   0x0800a3fc   0x00000084   Code   RO           20    i.SensorUI_UpdateForceStopBanner  main.o
    0x0800a480   0x0800a480   0x00000034   Code   RO           21    i.SensorUI_UpdateLine  main.o
    0x0800a4b4   0x0800a4b4   0x000000ec   Code   RO         4679    i.SetSysClock       system_stm32f4xx.o
    0x0800a5a0   0x0800a5a0   0x00000028   Code   RO         1087    i.SysTick_CLKSourceConfig  misc.o
    0x0800a5c8   0x0800a5c8   0x00000002   Code   RO          486    i.SysTick_Handler   stm32f4xx_it.o
    0x0800a5ca   0x0800a5ca   0x00000002   PAD
    0x0800a5cc   0x0800a5cc   0x0000003c   Code   RO         4753    i.SysTick_Init      systick.o
    0x0800a608   0x0800a608   0x00000068   Code   RO         4681    i.SystemInit        system_stm32f4xx.o
    0x0800a670   0x0800a670   0x0000007e   Code   RO         5909    i.TFTLCD_FSMC_Init  tftlcd.o
    0x0800a6ee   0x0800a6ee   0x00000002   PAD
    0x0800a6f0   0x0800a6f0   0x000001b8   Code   RO         5910    i.TFTLCD_GPIO_Init  tftlcd.o
    0x0800a8a8   0x0800a8a8   0x000001c0   Code   RO         5911    i.TFTLCD_Init       tftlcd.o
    0x0800aa68   0x0800aa68   0x000000b4   Code   RO         5323    i.TIM2_IRQHandler   time.o
    0x0800ab1c   0x0800ab1c   0x00000094   Code   RO         5324    i.TIM2_Init         time.o
    0x0800abb0   0x0800abb0   0x0000002c   Code   RO         5325    i.TIM3_IRQHandler   time.o
    0x0800abdc   0x0800abdc   0x00000040   Code   RO         5327    i.TIM4_IRQHandler   time.o
    0x0800ac1c   0x0800ac1c   0x00000064   Code   RO         5328    i.TIM4_Init         time.o
    0x0800ac80   0x0800ac80   0x00000024   Code   RO         5329    i.TIM6_DAC_IRQHandler  time.o
    0x0800aca4   0x0800aca4   0x00000006   Code   RO         1208    i.TIM_ClearITPendingBit  stm32f4xx_tim.o
    0x0800acaa   0x0800acaa   0x00000018   Code   RO         1213    i.TIM_Cmd           stm32f4xx_tim.o
    0x0800acc2   0x0800acc2   0x00000022   Code   RO         1234    i.TIM_GetITStatus   stm32f4xx_tim.o
    0x0800ace4   0x0800ace4   0x00000012   Code   RO         1238    i.TIM_ITConfig      stm32f4xx_tim.o
    0x0800acf6   0x0800acf6   0x00000002   PAD
    0x0800acf8   0x0800acf8   0x00000084   Code   RO         1285    i.TIM_TimeBaseInit  stm32f4xx_tim.o
    0x0800ad7c   0x0800ad7c   0x000001a8   Code   RO         6243    i.TP_Adj_Info_Show  touch.o
    0x0800af24   0x0800af24   0x00000900   Code   RO         6244    i.TP_Adjust         touch.o
    0x0800b824   0x0800b824   0x00000070   Code   RO         6246    i.TP_Drow_Touch_Point  touch.o
    0x0800b894   0x0800b894   0x000000b4   Code   RO         6247    i.TP_Get_Adjdata    touch.o
    0x0800b948   0x0800b948   0x000000a4   Code   RO         6248    i.TP_Init           touch.o
    0x0800b9ec   0x0800b9ec   0x00000094   Code   RO         6249    i.TP_Read_AD        touch.o
    0x0800ba80   0x0800ba80   0x0000007a   Code   RO         6250    i.TP_Read_XOY       touch.o
    0x0800bafa   0x0800bafa   0x00000002   PAD
    0x0800bafc   0x0800bafc   0x00000030   Code   RO         6251    i.TP_Read_XY        touch.o
    0x0800bb2c   0x0800bb2c   0x000000c0   Code   RO         6252    i.TP_Read_XY2       touch.o
    0x0800bbec   0x0800bbec   0x00000080   Code   RO         6253    i.TP_Save_Adjdata   touch.o
    0x0800bc6c   0x0800bc6c   0x000000f4   Code   RO         6254    i.TP_Scan           touch.o
    0x0800bd60   0x0800bd60   0x0000004c   Code   RO         6255    i.TP_Write_Byte     touch.o
    0x0800bdac   0x0800bdac   0x00000088   Code   RO         4800    i.USART1_IRQHandler  usart.o
    0x0800be34   0x0800be34   0x000000b4   Code   RO         4801    i.USART1_Init       usart.o
    0x0800bee8   0x0800bee8   0x0000002c   Code   RO         8109    i.USART2_IRQHandler  usart3.o
    0x0800bf14   0x0800bf14   0x00000016   Code   RO         8110    i.USART3_BuildXor   usart3.o
    0x0800bf2a   0x0800bf2a   0x0000004c   Code   RO         8111    i.USART3_CalcLimitFactor  usart3.o
    0x0800bf76   0x0800bf76   0x00000002   PAD
    0x0800bf78   0x0800bf78   0x00000030   Code   RO         8112    i.USART3_GetJetsonFrame  usart3.o
    0x0800bfa8   0x0800bfa8   0x00000154   Code   RO         7973    i.USART3_IRQHandler  distance_sensor.o
    0x0800c0fc   0x0800c0fc   0x000000b0   Code   RO         8113    i.USART3_Init       usart3.o
    0x0800c1ac   0x0800c1ac   0x00000028   Code   RO         8114    i.USART3_MapSafetyState  usart3.o
    0x0800c1d4   0x0800c1d4   0x00000002   Code   RO         8115    i.USART3_PrintRxFrame  usart3.o
    0x0800c1d6   0x0800c1d6   0x00000002   PAD
    0x0800c1d8   0x0800c1d8   0x00000070   Code   RO         8116    i.USART3_ProcessRxByte  usart3.o
    0x0800c248   0x0800c248   0x0000000e   Code   RO         8117    i.USART3_PutS16BE   usart3.o
    0x0800c256   0x0800c256   0x0000000c   Code   RO         8118    i.USART3_PutU16BE   usart3.o
    0x0800c262   0x0800c262   0x00000002   PAD
    0x0800c264   0x0800c264   0x00000020   Code   RO         8119    i.USART3_SendByte   usart3.o
    0x0800c284   0x0800c284   0x0000001c   Code   RO         8120    i.USART3_SendData   usart3.o
    0x0800c2a0   0x0800c2a0   0x0000010c   Code   RO         8121    i.USART3_SendV3DetailFrame  usart3.o
    0x0800c3ac   0x0800c3ac   0x000000e8   Code   RO         8122    i.USART3_SendV3StatusFrame  usart3.o
    0x0800c494   0x0800c494   0x00000012   Code   RO         1763    i.USART_ClearFlag   stm32f4xx_usart.o
    0x0800c4a6   0x0800c4a6   0x0000001e   Code   RO         1764    i.USART_ClearITPendingBit  stm32f4xx_usart.o
    0x0800c4c4   0x0800c4c4   0x00000018   Code   RO         1767    i.USART_Cmd         stm32f4xx_usart.o
    0x0800c4dc   0x0800c4dc   0x0000001a   Code   RO         1770    i.USART_GetFlagStatus  stm32f4xx_usart.o
    0x0800c4f6   0x0800c4f6   0x00000054   Code   RO         1771    i.USART_GetITStatus  stm32f4xx_usart.o
    0x0800c54a   0x0800c54a   0x0000004a   Code   RO         1773    i.USART_ITConfig    stm32f4xx_usart.o
    0x0800c594   0x0800c594   0x000000d4   Code   RO         1774    i.USART_Init        stm32f4xx_usart.o
    0x0800c668   0x0800c668   0x0000000a   Code   RO         1781    i.USART_ReceiveData  stm32f4xx_usart.o
    0x0800c672   0x0800c672   0x00000008   Code   RO         1784    i.USART_SendData    stm32f4xx_usart.o
    0x0800c67a   0x0800c67a   0x00000016   Code   RO        14428    i.USBD_ClrCfg       usbd_core.o
    0x0800c690   0x0800c690   0x00000048   Code   RO        14601    i.USBD_ClrFeature   usbd_req.o
    0x0800c6d8   0x0800c6d8   0x0000001e   Code   RO        14541    i.USBD_CtlContinueRx  usbd_ioreq.o
    0x0800c6f6   0x0800c6f6   0x0000001e   Code   RO        14542    i.USBD_CtlContinueSendData  usbd_ioreq.o
    0x0800c714   0x0800c714   0x0000001e   Code   RO        14602    i.USBD_CtlError     usbd_req.o
    0x0800c732   0x0800c732   0x00000024   Code   RO        14544    i.USBD_CtlReceiveStatus  usbd_ioreq.o
    0x0800c756   0x0800c756   0x0000002e   Code   RO        14545    i.USBD_CtlSendData  usbd_ioreq.o
    0x0800c784   0x0800c784   0x00000024   Code   RO        14546    i.USBD_CtlSendStatus  usbd_ioreq.o
    0x0800c7a8   0x0800c7a8   0x000000d0   Code   RO        14429    i.USBD_DataInStage  usbd_core.o
    0x0800c878   0x0800c878   0x00000096   Code   RO        14430    i.USBD_DataOutStage  usbd_core.o
    0x0800c90e   0x0800c90e   0x00000002   PAD
    0x0800c910   0x0800c910   0x00000054   Code   RO        14603    i.USBD_GetConfig    usbd_req.o
    0x0800c964   0x0800c964   0x00000122   Code   RO        14604    i.USBD_GetDescriptor  usbd_req.o
    0x0800ca86   0x0800ca86   0x00000002   PAD
    0x0800ca88   0x0800ca88   0x00000050   Code   RO        14606    i.USBD_GetStatus    usbd_req.o
    0x0800cad8   0x0800cad8   0x00000012   Code   RO        14433    i.USBD_IsoINIncomplete  usbd_core.o
    0x0800caea   0x0800caea   0x00000012   Code   RO        14434    i.USBD_IsoOUTIncomplete  usbd_core.o
    0x0800cafc   0x0800cafc   0x000000e0   Code   RO        14352    i.USBD_OTG_ISR_Handler  usb_dcd_int.o
    0x0800cbdc   0x0800cbdc   0x00000048   Code   RO        14608    i.USBD_ParseSetupRequest  usbd_req.o
    0x0800cc24   0x0800cc24   0x00000032   Code   RO        14435    i.USBD_Reset        usbd_core.o
    0x0800cc56   0x0800cc56   0x0000001e   Code   RO        14436    i.USBD_Resume       usbd_core.o
    0x0800cc74   0x0800cc74   0x00000014   Code   RO        14437    i.USBD_RunTestMode  usbd_core.o
    0x0800cc88   0x0800cc88   0x0000001a   Code   RO        14438    i.USBD_SOF          usbd_core.o
    0x0800cca2   0x0800cca2   0x0000005c   Code   RO        14609    i.USBD_SetAddress   usbd_req.o
    0x0800ccfe   0x0800ccfe   0x0000001e   Code   RO        14439    i.USBD_SetCfg       usbd_core.o
    0x0800cd1c   0x0800cd1c   0x000000d0   Code   RO        14610    i.USBD_SetConfig    usbd_req.o
    0x0800cdec   0x0800cdec   0x000000a4   Code   RO        14611    i.USBD_SetFeature   usbd_req.o
    0x0800ce90   0x0800ce90   0x00000054   Code   RO        14440    i.USBD_SetupStage   usbd_core.o
    0x0800cee4   0x0800cee4   0x00000072   Code   RO        14612    i.USBD_StdDevReq    usbd_req.o
    0x0800cf56   0x0800cf56   0x00000002   PAD
    0x0800cf58   0x0800cf58   0x0000015c   Code   RO        14613    i.USBD_StdEPReq     usbd_req.o
    0x0800d0b4   0x0800d0b4   0x0000004c   Code   RO        14614    i.USBD_StdItfReq    usbd_req.o
    0x0800d100   0x0800d100   0x00000020   Code   RO        14441    i.USBD_Suspend      usbd_core.o
    0x0800d120   0x0800d120   0x0000000c   Code   RO        15001    i.USB_OTG_BSP_uDelay  usb_bsp.o
    0x0800d12c   0x0800d12c   0x0000006a   Code   RO        13999    i.USB_OTG_EP0Activate  usb_core.o
    0x0800d196   0x0800d196   0x00000156   Code   RO        14000    i.USB_OTG_EP0StartXfer  usb_core.o
    0x0800d2ec   0x0800d2ec   0x00000062   Code   RO        14001    i.USB_OTG_EP0_OutStart  usb_core.o
    0x0800d34e   0x0800d34e   0x00000098   Code   RO        14002    i.USB_OTG_EPActivate  usb_core.o
    0x0800d3e6   0x0800d3e6   0x00000050   Code   RO        14003    i.USB_OTG_EPClearStall  usb_core.o
    0x0800d436   0x0800d436   0x00000064   Code   RO        14005    i.USB_OTG_EPSetStall  usb_core.o
    0x0800d49a   0x0800d49a   0x000001f6   Code   RO        14006    i.USB_OTG_EPStartXfer  usb_core.o
    0x0800d690   0x0800d690   0x00000054   Code   RO        14011    i.USB_OTG_FlushTxFifo  usb_core.o
    0x0800d6e4   0x0800d6e4   0x00000034   Code   RO        14012    i.USB_OTG_GetDeviceSpeed  usb_core.o
    0x0800d718   0x0800d718   0x0000000c   Code   RO        14014    i.USB_OTG_GetMode   usb_core.o
    0x0800d724   0x0800d724   0x00000016   Code   RO        14016    i.USB_OTG_IsDeviceMode  usb_core.o
    0x0800d73a   0x0800d73a   0x00000010   Code   RO        14018    i.USB_OTG_ReadCoreItr  usb_core.o
    0x0800d74a   0x0800d74a   0x00000010   Code   RO        14019    i.USB_OTG_ReadDevAllInEPItr  usb_core.o
    0x0800d75a   0x0800d75a   0x00000010   Code   RO        14020    i.USB_OTG_ReadDevAllOutEp_itr  usb_core.o
    0x0800d76a   0x0800d76a   0x00000014   Code   RO        14021    i.USB_OTG_ReadDevOutEP_itr  usb_core.o
    0x0800d77e   0x0800d77e   0x00000028   Code   RO        14023    i.USB_OTG_ReadPacket  usb_core.o
    0x0800d7a6   0x0800d7a6   0x00000040   Code   RO        14029    i.USB_OTG_WritePacket  usb_core.o
    0x0800d7e6   0x0800d7e6   0x00000004   Code   RO          487    i.UsageFault_Handler  stm32f4xx_it.o
    0x0800d7ea   0x0800d7ea   0x0000002e   Code   RO         7362    i.WM8978_HPvol_Set  wm8978.o
    0x0800d818   0x0800d818   0x000000fc   Code   RO         7364    i.WM8978_Init       wm8978.o
    0x0800d914   0x0800d914   0x00000022   Code   RO         7370    i.WM8978_SPKvol_Set  wm8978.o
    0x0800d936   0x0800d936   0x00000002   PAD
    0x0800d938   0x0800d938   0x00000054   Code   RO         7371    i.WM8978_Write_Reg  wm8978.o
    0x0800d98c   0x0800d98c   0x00000020   Code   RO        17644    i.__0printf         mc_w.l(printfa.o)
    0x0800d9ac   0x0800d9ac   0x00000028   Code   RO        17646    i.__0sprintf        mc_w.l(printfa.o)
    0x0800d9d4   0x0800d9d4   0x0000007a   Code   RO        17350    i.__hardfp_sqrt     m_wm.l(sqrt.o)
    0x0800da4e   0x0800da4e   0x0000000e   Code   RO        17863    i.__scatterload_copy  mc_w.l(handlers.o)
    0x0800da5c   0x0800da5c   0x00000002   Code   RO        17864    i.__scatterload_null  mc_w.l(handlers.o)
    0x0800da5e   0x0800da5e   0x0000000e   Code   RO        17865    i.__scatterload_zeroinit  mc_w.l(handlers.o)
    0x0800da6c   0x0800da6c   0x0000000c   Code   RO        17792    i.__set_errno       mc_w.l(errno.o)
    0x0800da78   0x0800da78   0x00000184   Code   RO        17651    i._fp_digits        mc_w.l(printfa.o)
    0x0800dbfc   0x0800dbfc   0x000006dc   Code   RO        17652    i._printf_core      mc_w.l(printfa.o)
    0x0800e2d8   0x0800e2d8   0x00000024   Code   RO        17653    i._printf_post_padding  mc_w.l(printfa.o)
    0x0800e2fc   0x0800e2fc   0x0000002e   Code   RO        17654    i._printf_pre_padding  mc_w.l(printfa.o)
    0x0800e32a   0x0800e32a   0x0000000a   Code   RO        17656    i._sputc            mc_w.l(printfa.o)
    0x0800e334   0x0800e334   0x000001f0   Code   RO         9560    i.bmp_encode        bmp.o
    0x0800e524   0x0800e524   0x000000b0   Code   RO        17185    i.camera_new_pathname  camera_app.o
    0x0800e5d4   0x0800e5d4   0x00000088   Code   RO         8929    i.change_bitmap     ff.o
    0x0800e65c   0x0800e65c   0x00000084   Code   RO         8930    i.check_fs          ff.o
    0x0800e6e0   0x0800e6e0   0x00000014   Code   RO         8931    i.chk_chr           ff.o
    0x0800e6f4   0x0800e6f4   0x00000062   Code   RO         8932    i.clmt_clust        ff.o
    0x0800e756   0x0800e756   0x0000001a   Code   RO         8933    i.clust2sect        ff.o
    0x0800e770   0x0800e770   0x00000098   Code   RO         8934    i.cmp_lfn           ff.o
    0x0800e808   0x0800e808   0x00000012   Code   RO         5534    i.convert_from_bytes_to_power_of_two  sdio_sdcard.o
    0x0800e81a   0x0800e81a   0x0000015e   Code   RO         8935    i.create_chain      ff.o
    0x0800e978   0x0800e978   0x00000270   Code   RO         8936    i.create_name       ff.o
    0x0800ebe8   0x0800ebe8   0x00000090   Code   RO         8937    i.create_xdir       ff.o
    0x0800ec78   0x0800ec78   0x00000038   Code   RO         4754    i.delay_ms          systick.o
    0x0800ecb0   0x0800ecb0   0x0000004c   Code   RO         4755    i.delay_nms         systick.o
    0x0800ecfc   0x0800ecfc   0x0000004c   Code   RO         4756    i.delay_us          systick.o
    0x0800ed48   0x0800ed48   0x0000007c   Code   RO         8938    i.dir_alloc         ff.o
    0x0800edc4   0x0800edc4   0x000001a0   Code   RO         8939    i.dir_find          ff.o
    0x0800ef64   0x0800ef64   0x00000120   Code   RO         8940    i.dir_next          ff.o
    0x0800f084   0x0800f084   0x00000104   Code   RO         8941    i.dir_read          ff.o
    0x0800f188   0x0800f188   0x0000020c   Code   RO         8942    i.dir_register      ff.o
    0x0800f394   0x0800f394   0x000000aa   Code   RO         8944    i.dir_sdi           ff.o
    0x0800f43e   0x0800f43e   0x0000002c   Code   RO         8857    i.disk_initialize   diskio.o
    0x0800f46a   0x0800f46a   0x00000002   PAD
    0x0800f46c   0x0800f46c   0x000000b4   Code   RO         8858    i.disk_ioctl        diskio.o
    0x0800f520   0x0800f520   0x0000007a   Code   RO         8859    i.disk_read         diskio.o
    0x0800f59a   0x0800f59a   0x00000006   Code   RO         8860    i.disk_status       diskio.o
    0x0800f5a0   0x0800f5a0   0x0000007a   Code   RO         8861    i.disk_write        diskio.o
    0x0800f61a   0x0800f61a   0x0000002c   Code   RO        12637    i.ethernetif_input  ethernetif.o
    0x0800f646   0x0800f646   0x00000026   Code   RO         8945    i.f_close           ff.o
    0x0800f66c   0x0800f66c   0x00000166   Code   RO         8947    i.f_getfree         ff.o
    0x0800f7d2   0x0800f7d2   0x000001f4   Code   RO         8951    i.f_mkdir           ff.o
    0x0800f9c6   0x0800f9c6   0x00000002   PAD
    0x0800f9c8   0x0800f9c8   0x00000570   Code   RO         8952    i.f_mkfs            ff.o
    0x0800ff38   0x0800ff38   0x0000005c   Code   RO         8953    i.f_mount           ff.o
    0x0800ff94   0x0800ff94   0x000002bc   Code   RO         8954    i.f_open            ff.o
    0x08010250   0x08010250   0x00000228   Code   RO         8959    i.f_read            ff.o
    0x08010478   0x08010478   0x00000268   Code   RO         8962    i.f_setlabel        ff.o
    0x080106e0   0x080106e0   0x0000018e   Code   RO         8964    i.f_sync            ff.o
    0x0801086e   0x0801086e   0x00000292   Code   RO         8967    i.f_write           ff.o
    0x08010b00   0x08010b00   0x0000004a   Code   RO         9353    i.fatfs_getfree     fatfs_app.o
    0x08010b4a   0x08010b4a   0x00000002   PAD
    0x08010b4c   0x08010b4c   0x00000098   Code   RO         9429    i.ff_convert        mycc936.o
    0x08010be4   0x08010be4   0x0000000e   Code   RO         8862    i.ff_memalloc       diskio.o
    0x08010bf2   0x08010bf2   0x0000000e   Code   RO         8863    i.ff_memfree        diskio.o
    0x08010c00   0x08010c00   0x00000038   Code   RO         9430    i.ff_wtoupper       mycc936.o
    0x08010c38   0x08010c38   0x00000036   Code   RO         8968    i.fill_fat_chain    ff.o
    0x08010c6e   0x08010c6e   0x000000a4   Code   RO         8969    i.find_bitmap       ff.o
    0x08010d12   0x08010d12   0x00000002   PAD
    0x08010d14   0x08010d14   0x00000458   Code   RO         8970    i.find_volume       ff.o
    0x0801116c   0x0801116c   0x000000e4   Code   RO         8971    i.follow_path       ff.o
    0x08011250   0x08011250   0x00000044   Code   RO         9509    i.font_init         font_update.o
    0x08011294   0x08011294   0x00000024   Code   RO         4802    i.fputc             usart.o
    0x080112b8   0x080112b8   0x0000009c   Code   RO         9510    i.fupd_prog         font_update.o
    0x08011354   0x08011354   0x000000cc   Code   RO         8972    i.gen_numname       ff.o
    0x08011420   0x08011420   0x0000017a   Code   RO         8973    i.get_fat           ff.o
    0x0801159a   0x0801159a   0x00000004   Code   RO         8864    i.get_fattime       diskio.o
    0x0801159e   0x0801159e   0x0000004a   Code   RO         8975    i.get_ldnumber      ff.o
    0x080115e8   0x080115e8   0x0000003c   Code   RO        15654    i.gui_fill_rectangle  gui.o
    0x08011624   0x08011624   0x000000a8   Code   RO        15657    i.gui_init          gui.o
    0x080116cc   0x080116cc   0x000000e4   Code   RO        17186    i.jpeg_data_process  camera_app.o
    0x080117b0   0x080117b0   0x00000026   Code   RO         8977    i.ld_clust          ff.o
    0x080117d6   0x080117d6   0x00000018   Code   RO         8978    i.ld_dword          ff.o
    0x080117ee   0x080117ee   0x00000062   Code   RO         8979    i.ld_qword          ff.o
    0x08011850   0x08011850   0x0000000c   Code   RO         8980    i.ld_word           ff.o
    0x0801185c   0x0801185c   0x0000003c   Code   RO         8981    i.load_obj_dir      ff.o
    0x08011898   0x08011898   0x000000dc   Code   RO         8982    i.load_xdir         ff.o
    0x08011974   0x08011974   0x00000074   Code   RO        12639    i.low_level_input   ethernetif.o
    0x080119e8   0x080119e8   0x00000010   Code   RO        12168    i.lwip_pkt_handle   lwip_comm.o
    0x080119f8   0x080119f8   0x00000170   Code   RO           24    i.main              main.o
    0x08011b68   0x08011b68   0x00000024   Code   RO         8983    i.mem_cmp           ff.o
    0x08011b8c   0x08011b8c   0x0000001a   Code   RO         8984    i.mem_cpy           ff.o
    0x08011ba6   0x08011ba6   0x00000002   PAD
    0x08011ba8   0x08011ba8   0x0000013c   Code   RO        13041    i.mem_free          mem.o
    0x08011ce4   0x08011ce4   0x00000268   Code   RO        13043    i.mem_malloc        mem.o
    0x08011f4c   0x08011f4c   0x00000012   Code   RO         8985    i.mem_set           ff.o
    0x08011f5e   0x08011f5e   0x00000002   PAD
    0x08011f60   0x08011f60   0x000000ac   Code   RO        13084    i.memp_free         memp.o
    0x0801200c   0x0801200c   0x000000ec   Code   RO        13087    i.memp_malloc       memp.o
    0x080120f8   0x080120f8   0x00000034   Code   RO         8986    i.move_window       ff.o
    0x0801212c   0x0801212c   0x0000006c   Code   RO         8774    i.my_mem_free       malloc.o
    0x08012198   0x08012198   0x00000044   Code   RO         8775    i.my_mem_init       malloc.o
    0x080121dc   0x080121dc   0x000000a8   Code   RO         8776    i.my_mem_malloc     malloc.o
    0x08012284   0x08012284   0x00000040   Code   RO         8777    i.my_mem_perused    malloc.o
    0x080122c4   0x080122c4   0x00000014   Code   RO         8778    i.my_mem_set        malloc.o
    0x080122d8   0x080122d8   0x00000024   Code   RO         8779    i.myfree            malloc.o
    0x080122fc   0x080122fc   0x00000028   Code   RO         8780    i.mymalloc          malloc.o
    0x08012324   0x08012324   0x0000040c   Code   RO        13222    i.pbuf_alloc        pbuf.o
    0x08012730   0x08012730   0x000001a0   Code   RO        13231    i.pbuf_free         pbuf.o
    0x080128d0   0x080128d0   0x0000000e   Code   RO         9744    i.pic_memalloc      piclib.o
    0x080128de   0x080128de   0x0000000e   Code   RO         9745    i.pic_memfree       piclib.o
    0x080128ec   0x080128ec   0x00000088   Code   RO         8987    i.pick_lfn          ff.o
    0x08012974   0x08012974   0x00000038   Code   RO         9748    i.piclib_draw_hline  piclib.o
    0x080129ac   0x080129ac   0x0000002c   Code   RO         9749    i.piclib_fill_color  piclib.o
    0x080129d8   0x080129d8   0x0000005c   Code   RO         9750    i.piclib_init       piclib.o
    0x08012a34   0x08012a34   0x000001b0   Code   RO        13045    i.plug_holes        mem.o
    0x08012be4   0x08012be4   0x00000144   Code   RO         8988    i.put_fat           ff.o
    0x08012d28   0x08012d28   0x00000080   Code   RO         8989    i.put_lfn           ff.o
    0x08012da8   0x08012da8   0x0000010a   Code   RO         8991    i.remove_chain      ff.o
    0x08012eb2   0x08012eb2   0x00000024   Code   RO         8992    i.st_clust          ff.o
    0x08012ed6   0x08012ed6   0x00000018   Code   RO         8993    i.st_dword          ff.o
    0x08012eee   0x08012eee   0x0000005c   Code   RO         8994    i.st_qword          ff.o
    0x08012f4a   0x08012f4a   0x0000000c   Code   RO         8995    i.st_word           ff.o
    0x08012f56   0x08012f56   0x0000006e   Code   RO         8996    i.store_xdir        ff.o
    0x08012fc4   0x08012fc4   0x00000020   Code   RO         8997    i.sum_sfn           ff.o
    0x08012fe4   0x08012fe4   0x00000090   Code   RO         8998    i.sync_fs           ff.o
    0x08013074   0x08013074   0x00000052   Code   RO         8999    i.sync_window       ff.o
    0x080130c6   0x080130c6   0x00000002   PAD
    0x080130c8   0x080130c8   0x00000050   Code   RO           25    i.system_error_show  main.o
    0x08013118   0x08013118   0x000000ec   Code   RO           26    i.system_exsram_test  main.o
    0x08013204   0x08013204   0x0000015c   Code   RO           27    i.system_files_erase  main.o
    0x08013360   0x08013360   0x000000dc   Code   RO           28    i.system_font_update_confirm  main.o
    0x0801343c   0x0801343c   0x00000180   Code   RO         9511    i.updata_fontx      font_update.o
    0x080135bc   0x080135bc   0x00000150   Code   RO         9512    i.update_font       font_update.o
    0x0801370c   0x0801370c   0x00000042   Code   RO         9000    i.validate          ff.o
    0x0801374e   0x0801374e   0x0000003a   Code   RO         9001    i.xdir_sum          ff.o
    0x08013788   0x08013788   0x0000004c   Code   RO         9002    i.xname_sum         ff.o
    0x080137d4   0x080137d4   0x00004918   Data   RO         5912    .constdata          tftlcd.o
    0x080180ec   0x080180ec   0x00000004   Data   RO         6256    .constdata          touch.o
    0x080180f0   0x080180f0   0x00000024   Data   RO         8787    .constdata          malloc.o
    0x08018114   0x08018114   0x0000004a   Data   RO         9004    .constdata          ff.o
    0x0801815e   0x0801815e   0x000003c0   Data   RO         9431    .constdata          mycc936.o
    0x0801851e   0x0801851e   0x00000002   PAD
    0x08018520   0x08018520   0x00000028   Data   RO         9514    .constdata          font_update.o
    0x08018548   0x08018548   0x000220c4   Data   RO        16361    .constdata          common.o
    0x0803a60c   0x0803a60c   0x00000052   Data   RO           29    .conststring        main.o
    0x0803a65e   0x0803a65e   0x00000002   PAD
    0x0803a660   0x0803a660   0x00000079   Data   RO         6257    .conststring        touch.o
    0x0803a6d9   0x0803a6d9   0x00000003   PAD
    0x0803a6dc   0x0803a6dc   0x000000f2   Data   RO         8296    .conststring        arbiter.o
    0x0803a7ce   0x0803a7ce   0x00000002   PAD
    0x0803a7d0   0x0803a7d0   0x000000b8   Data   RO         9515    .conststring        font_update.o
    0x0803a888   0x0803a888   0x000001e7   Data   RO        16362    .conststring        common.o
    0x0803aa6f   0x0803aa6f   0x00000001   PAD
    0x0803aa70   0x0803aa70   0x00000020   Data   RO        17861    Region$$Table       anon$$obj.o


    Execution Region RW_IRAM1 (Exec base: 0x20000000, Load base: 0x0803aa90, Size: 0x0001bd18, Max: 0x00020000, ABSOLUTE, COMPRESSED[0x00000154])

    Exec Addr    Load Addr    Size         Type   Attr      Idx    E Section Name        Object

    0x20000000   COMPRESSED   0x00000038   Data   RW           30    .data               main.o
    0x20000038   COMPRESSED   0x00000010   Data   RW          738    .data               stm32f4xx_rcc.o
    0x20000048   COMPRESSED   0x00000010   Data   RW         4123    .data               stm32f4x7_eth.o
    0x20000058   COMPRESSED   0x00000004   Data   RW         4757    .data               systick.o
    0x2000005c   COMPRESSED   0x00000002   Data   RW         4804    .data               usart.o
    0x2000005e   COMPRESSED   0x00000001   Data   RW         4872    .data               key.o
    0x2000005f   COMPRESSED   0x00000001   PAD
    0x20000060   COMPRESSED   0x00000004   Data   RW         4951    .data               beep.o
    0x20000064   COMPRESSED   0x00000002   Data   RW         5180    .data               flash.o
    0x20000066   COMPRESSED   0x00000002   PAD
    0x20000068   COMPRESSED   0x00000010   Data   RW         5331    .data               time.o
    0x20000078   COMPRESSED   0x00000008   Data   RW         5445    .data               rtc.o
    0x20000080   COMPRESSED   0x00000010   Data   RW         5536    .data               sdio_sdcard.o
    0x20000090   COMPRESSED   0x00000005   Data   RW         5722    .data               hwjs.o
    0x20000095   COMPRESSED   0x00000001   PAD
    0x20000096   COMPRESSED   0x0000000c   Data   RW         5913    .data               tftlcd.o
    0x200000a2   COMPRESSED   0x00000002   PAD
    0x200000a4   COMPRESSED   0x0000004a   Data   RW         6258    .data               touch.o
    0x200000ee   COMPRESSED   0x00000074   Data   RW         7372    .data               wm8978.o
    0x20000162   COMPRESSED   0x00000002   PAD
    0x20000164   COMPRESSED   0x00000004   Data   RW         7587    .data               i2s.o
    0x20000168   COMPRESSED   0x00000008   Data   RW         7650    .data               dcmi.o
    0x20000170   COMPRESSED   0x0000001a   Data   RW         7975    .data               distance_sensor.o
    0x2000018a   COMPRESSED   0x00000003   Data   RW         8124    .data               usart3.o
    0x2000018d   COMPRESSED   0x00000003   PAD
    0x20000190   COMPRESSED   0x0000001d   Data   RW         8297    .data               arbiter.o
    0x200001ad   COMPRESSED   0x00000003   PAD
    0x200001b0   COMPRESSED   0x00000024   Data   RW         8788    .data               malloc.o
    0x200001d4   COMPRESSED   0x00000002   Data   RW         8865    .data               diskio.o
    0x200001d6   COMPRESSED   0x00000002   Data   RW         9005    .data               ff.o
    0x200001d8   COMPRESSED   0x00000014   Data   RW         9357    .data               fatfs_app.o
    0x200001ec   COMPRESSED   0x0000000c   Data   RW        12170    .data               lwip_comm.o
    0x200001f8   COMPRESSED   0x00000010   Data   RW        13046    .data               mem.o
    0x20000208   COMPRESSED   0x00000034   Data   RW        14442    .data               usbd_core.o
    0x2000023c   COMPRESSED   0x0000000d   Data   RW        14616    .data               usbd_req.o
    0x20000249   COMPRESSED   0x00000003   PAD
    0x2000024c   COMPRESSED   0x000000a1   Data   RW        16363    .data               common.o
    0x200002ed   COMPRESSED   0x00000003   PAD
    0x200002f0   COMPRESSED   0x00000018   Data   RW        17193    .data               camera_app.o
    0x20000308   COMPRESSED   0x00000004   Data   RW        17781    .data               mc_w.l(stdout.o)
    0x2000030c   COMPRESSED   0x00000004   Data   RW        17793    .data               mc_w.l(errno.o)
    0x20000310        -       0x000000c8   Zero   RW         4803    .bss                usart.o
    0x200003d8        -       0x00001000   Zero   RW         5179    .bss                flash.o
    0x200013d8        -       0x00000031   Zero   RW         5444    .bss                rtc.o
    0x20001409   COMPRESSED   0x00000007   PAD
    0x20001410        -       0x000002c0   Zero   RW         5535    .bss                sdio_sdcard.o
    0x200016d0        -       0x000000d8   Zero   RW         7974    .bss                distance_sensor.o
    0x200017a8        -       0x00000030   Zero   RW         8123    .bss                usart3.o
    0x200017d8        -       0x000000f0   Zero   RW         8295    .bss                arbiter.o
    0x200018c8   COMPRESSED   0x00000018   PAD
    0x200018e0        -       0x000193c0   Zero   RW         8786    .bss                malloc.o
    0x2001aca0        -       0x0000000c   Zero   RW         9003    .bss                ff.o
    0x2001acac   COMPRESSED   0x00000004   PAD
    0x2001acb0        -       0x00000178   Zero   RW         9354    .bss                fatfs_app.o
    0x2001ae28        -       0x00000029   Zero   RW         9513    .bss                font_update.o
    0x2001ae51   COMPRESSED   0x00000003   PAD
    0x2001ae54        -       0x0000003c   Zero   RW         9751    .bss                piclib.o
    0x2001ae90        -       0x00000048   Zero   RW        12169    .bss                lwip_comm.o
    0x2001aed8        -       0x00000028   Zero   RW        13088    .bss                memp.o
    0x2001af00        -       0x0000001d   Zero   RW        15677    .bss                gui.o
    0x2001af1d   COMPRESSED   0x00000003   PAD
    0x2001af20        -       0x000005f4   Zero   RW        17103    .bss                usb_app.o
    0x2001b514   COMPRESSED   0x00000004   PAD
    0x2001b518        -       0x00000800   Zero   RW          573    STACK               startup_stm32f40_41xxx.o



  Load Region LR$$.ARM.__AT_0x10000000 (Base: 0x10000000, Size: 0x00000000, Max: 0x0000f000, ABSOLUTE)

    Execution Region ER$$.ARM.__AT_0x10000000 (Exec base: 0x10000000, Load base: 0x10000000, Size: 0x0000f000, Max: 0x0000f000, ABSOLUTE, UNINIT)

    Exec Addr    Load Addr    Size         Type   Attr      Idx    E Section Name        Object

    0x10000000        -       0x0000f000   Zero   RW         8782    .ARM.__AT_0x10000000  malloc.o



  Load Region LR$$.ARM.__AT_0x1000F000 (Base: 0x1000f000, Size: 0x00000000, Max: 0x00000f00, ABSOLUTE)

    Execution Region ER$$.ARM.__AT_0x1000F000 (Exec base: 0x1000f000, Load base: 0x1000f000, Size: 0x00000f00, Max: 0x00000f00, ABSOLUTE, UNINIT)

    Exec Addr    Load Addr    Size         Type   Attr      Idx    E Section Name        Object

    0x1000f000        -       0x00000f00   Zero   RW         8783    .ARM.__AT_0x1000F000  malloc.o



  Load Region LR$$.ARM.__AT_0x68000000 (Base: 0x68000000, Size: 0x00000000, Max: 0x000f0000, ABSOLUTE)

    Execution Region ER$$.ARM.__AT_0x68000000 (Exec base: 0x68000000, Load base: 0x68000000, Size: 0x000f0000, Max: 0x000f0000, ABSOLUTE, UNINIT)

    Exec Addr    Load Addr    Size         Type   Attr      Idx    E Section Name        Object

    0x68000000        -       0x000f0000   Zero   RW         8784    .ARM.__AT_0x68000000  malloc.o



  Load Region LR$$.ARM.__AT_0x680F0000 (Base: 0x680f0000, Size: 0x00000000, Max: 0x0000f000, ABSOLUTE)

    Execution Region ER$$.ARM.__AT_0x680F0000 (Exec base: 0x680f0000, Load base: 0x680f0000, Size: 0x0000f000, Max: 0x0000f000, ABSOLUTE, UNINIT)

    Exec Addr    Load Addr    Size         Type   Attr      Idx    E Section Name        Object

    0x680f0000        -       0x0000f000   Zero   RW         8785    .ARM.__AT_0x680F0000  malloc.o


==============================================================================

Image component sizes


      Code (inc. data)   RO Data    RW Data    ZI Data      Debug   Object Name

       308          0          0          0          0       4029   24cxx.o
        84          4          0          0          0        676   adc_temp.o
      8614       1160        242         29        240      63939   arbiter.o
       464         46          0          4          0       2148   beep.o
       496         10          0          0          0       2889   bmp.o
       404        124          0         24          0       3463   camera_app.o
       426         22          0          0          0       3653   can.o
         0          0     139947        161          0       8966   common.o
       104         24          0          8          0       1875   dcmi.o
       506         10          0          2          0       7896   diskio.o
      2560        332          0         26        216      18258   distance_sensor.o
       160          6          0          0          0       4550   ethernetif.o
       206         18          0         20        376       5005   fatfs_app.o
     13152        176         74          2         12      58291   ff.o
       864        100          0          2       4096       8114   flash.o
       944         42        224          0         41       5472   font_update.o
       228         34          0          0         29       4586   gui.o
       188         20          0          5          0       1644   hwjs.o
        44         14          0          4          0       1232   i2s.o
       648         88          0          0          0       5861   iic.o
       228         20          0          1          0       1318   key.o
       196         12          0          0          0       1801   lan8720.o
        88          6          0          0          0        579   led.o
       132          8          0          0          0        709   lsens.o
        16          6          0         12         72       4623   lwip_comm.o
      7264       1680         82         56          0     442229   main.o
       504         60         36         36    1213120       6952   malloc.o
      1364        632          0         16          0       3891   mem.o
       408        264          0          0         40       2976   memp.o
       180         24          0          0          0       2529   misc.o
       396          0          0          0          0       4760   mpu6050.o
       208         16        960          0          0       2115   mycc936.o
      1452        570          0          0          0       3125   pbuf.o
       220         38          0          0         60       4961   piclib.o
       534         50          0          8         49       4977   rtc.o
      7482        400          0         16        704      35561   sdio_sdcard.o
       292         20          0          0          0       1925   spi.o
       762         22          0          0          0       2644   sram.o
        36          8        392          0       2048        884   startup_stm32f40_41xxx.o
        64          6          0         16          0       3138   stm32f4x7_eth.o
       198         34          0          0          0       4037   stm32f4xx_adc.o
      1264         28          0          0          0       5979   stm32f4xx_can.o
        40         10          0          0          0       1364   stm32f4xx_dcmi.o
       768         86          0          0          0       8162   stm32f4xx_dma.o
       160         12          0          0          0       1845   stm32f4xx_exti.o
       348         12          0          0          0       2349   stm32f4xx_fsmc.o
       240          0          0          0          0       4179   stm32f4xx_gpio.o
        26          0          0          0          0       4598   stm32f4xx_it.o
        12          6          0          0          0        638   stm32f4xx_pwr.o
       572         72          0         16          0       9404   stm32f4xx_rcc.o
      1366        104          0          0          0      14920   stm32f4xx_rtc.o
       208         38          0          0          0       6545   stm32f4xx_sdio.o
       112          0          0          0          0       4158   stm32f4xx_spi.o
       214         28          0          0          0       4334   stm32f4xx_tim.o
       486          8          0          0          0       7785   stm32f4xx_usart.o
         8          0          0          0          0        997   system.o
       340         32          0          0          0       1729   system_stm32f4xx.o
       268         16          0          4          0       2705   systick.o
      2724        118      18712         12          0      19338   tftlcd.o
       692        104          0         16          0       8395   time.o
      4142        260        125         74          0      11281   touch.o
       352         26          0          2        200       2688   usart.o
      1106         60          0          3         48      10567   usart3.o
         0          0          0          0       1524        270   usb_app.o
        12          0          0          0          0       1037   usb_bsp.o
      1722          4          0          0          0      33141   usb_core.o
       436          0          0          0          0       5102   usb_dcd.o
      1930         50          0          0          0      10491   usb_dcd_int.o
       688          6          0         52          0      10774   usbd_core.o
       178          0          0          0          0       4252   usbd_ioreq.o
      1630         54          0         13          0      10326   usbd_req.o
        16          6          0          0          0        548   usbd_usr.o
       416         12          0        116          0       3412   wm8978.o

    ----------------------------------------------------------------------
     74978       7258     160836        776    1222920     961594   Object Totals
         0          0         32          0          0          0   (incl. Generated)
        78          0         10         20         45          0   (incl. Padding)

    ----------------------------------------------------------------------

      Code (inc. data)   RO Data    RW Data    ZI Data      Debug   Library Member Name

       122          0          0          0          0        148   sqrt.o
        86          0          0          0          0          0   __dczerorl2.o
         0          0          0          0          0          0   entry.o
         0          0          0          0          0          0   entry10a.o
         0          0          0          0          0          0   entry11a.o
         8          4          0          0          0          0   entry2.o
         4          0          0          0          0          0   entry5.o
         0          0          0          0          0          0   entry7b.o
         0          0          0          0          0          0   entry8b.o
         8          4          0          0          0          0   entry9a.o
        12          6          0          4          0         68   errno.o
        30          0          0          0          0          0   handlers.o
        36          8          0          0          0         68   init.o
         0          0          0          0          0          0   iusefp.o
        98          0          0          0          0         84   ldiv.o
        30          0          0          0          0         68   llshl.o
        36          0          0          0          0         68   llsshr.o
        32          0          0          0          0         68   llushr.o
        36          0          0          0          0         68   memcpya.o
        36          0          0          0          0        108   memseta.o
      2308         96          0          0          0        604   printfa.o
         0          0          0          4          0          0   stdout.o
        24          0          0          0          0         68   strcat.o
        18          0          0          0          0         68   strcpy.o
        44          0          0          0          0         80   uidiv.o
        98          0          0          0          0         92   uldiv.o
        48          0          0          0          0         68   cdcmple.o
        48          0          0          0          0         68   cdrcmple.o
       334          0          0          0          0        148   dadd.o
       222          0          0          0          0        100   ddiv.o
       186          0          0          0          0        176   depilogue.o
        50          0          0          0          0         76   dfixui.o
        48          0          0          0          0         68   dfixul.o
        26          0          0          0          0         76   dfltui.o
       228          0          0          0          0         96   dmul.o
       162          0          0          0          0        100   dsqrt.o
        38          0          0          0          0         68   f2d.o

    ----------------------------------------------------------------------
      4458        118          0          8          0       2704   Library Totals
         2          0          0          0          0          0   (incl. Padding)

    ----------------------------------------------------------------------

      Code (inc. data)   RO Data    RW Data    ZI Data      Debug   Library Name

       122          0          0          0          0        148   m_wm.l
      2944        118          0          8          0       1512   mc_w.l
      1390          0          0          0          0       1044   mf_w.l

    ----------------------------------------------------------------------
      4458        118          0          8          0       2704   Library Totals

    ----------------------------------------------------------------------

==============================================================================


      Code (inc. data)   RO Data    RW Data    ZI Data      Debug   

     79436       7376     160836        784    1222920     908730   Grand Totals
     79436       7376     160836        340    1222920     908730   ELF Image Totals (compressed)
     79436       7376     160836        340          0          0   ROM Totals

==============================================================================

    Total RO  Size (Code + RO Data)               240272 ( 234.64kB)
    Total RW  Size (RW Data + ZI Data)           1223704 (1195.02kB)
    Total ROM Size (Code + RO Data + RW Data)     240612 ( 234.97kB)

==============================================================================

