<html>
<body>
<pre>
<h1>礦ision Build Log</h1>
<h2>Tool Versions:</h2>
IDE-Version: μVision V5.24.2.0
Copyright (C) 2017 ARM Ltd and ARM Germany GmbH. All rights reserved.
License Information: a a, aa, LIC=47GU5-GFV8H-8TY3P-MC5HI-X6RJD-LGQKE
 
Tool Versions:
Toolchain:       MDK-ARM Plus  Version: 5.24.1
Toolchain Path:  D:\Keil5\ARM\ARMCC\Bin
C Compiler:      Armcc.exe V5.06 update 5 (build 528)
Assembler:       Armasm.exe V5.06 update 5 (build 528)
Linker/Locator:  ArmLink.exe V5.06 update 5 (build 528)
Library Manager: ArmAr.exe V5.06 update 5 (build 528)
Hex Converter:   FromElf.exe V5.06 update 5 (build 528)
CPU DLL:         SARMCM3.DLL V5.24.1
Dialog DLL:      DCM.DLL V1.16.0.0
Target DLL:      CMSIS_AGDI.dll V1.28.3.0
Dialog DLL:      TCM.DLL V1.32.0.0
 
<h2>Project:</h2>
C:\Users\Administrator\Desktop\麒麟f407\0--麒麟F407综合实验程序\0--麒麟F407综合实验程序\Template.uvprojx
Project File Date:  06/18/2026

<h2>Output:</h2>
*** Using Compiler 'V5.06 update 5 (build 528)', folder: 'D:\Keil5\ARM\ARMCC\Bin'
Build target 'Target 1'
compiling freertos_app.c...
compiling jetson_can.c...
APP\jetson_can\jetson_can.c(23): warning:  #550-D: variable "s_time_session_active"  was set but never used
  static u8 s_time_session_active = 0;
APP\jetson_can\jetson_can.c: 1 warning, 0 errors
compiling agv_blob_pack.c...
APP\agv_blob\agv_blob_pack.c(69): warning:  #177-D: function "BlobPack_GetU32BE"  was declared but never referenced
  static u32 BlobPack_GetU32BE(const u8 *buf, u16 idx)
APP\agv_blob\agv_blob_pack.c: 1 warning, 0 errors
compiling jetson_eth.c...
APP\jetson_eth\jetson_eth.c(265): warning:  #177-D: variable "i"  was declared but never referenced
  	(void)port;\015
APP\jetson_eth\jetson_eth.c: 1 warning, 0 errors
compiling app_boot.c...
compiling rtos_tasks.c...
APP\freertos\rtos_tasks.c(64): warning:  #177-D: variable "rx_b"  was declared but never referenced
  	u32 rx_b = 0, ore = 0, ab = 0;
APP\freertos\rtos_tasks.c(64): warning:  #177-D: variable "ore"  was declared but never referenced
  	u32 rx_b = 0, ore = 0, ab = 0;
APP\freertos\rtos_tasks.c(64): warning:  #177-D: variable "ab"  was declared but never referenced
  	u32 rx_b = 0, ore = 0, ab = 0;
APP\freertos\rtos_tasks.c(66): warning:  #177-D: variable "db"  was declared but never referenced
  	u32 ctrl, db = 0, dab = 0, dtx, dm02, dm03;
APP\freertos\rtos_tasks.c(66): warning:  #177-D: variable "dab"  was declared but never referenced
  	u32 ctrl, db = 0, dab = 0, dtx, dm02, dm03;
APP\freertos\rtos_tasks.c(236): warning:  #550-D: variable "ds_proc"  was set but never used
  			u32 ds_rx, ds_ok, ds_proc, ds_trig, ds_poll;
APP\freertos\rtos_tasks.c(236): warning:  #550-D: variable "ds_trig"  was set but never used
  			u32 ds_rx, ds_ok, ds_proc, ds_trig, ds_poll;
APP\freertos\rtos_tasks.c(236): warning:  #550-D: variable "ds_poll"  was set but never used
  			u32 ds_rx, ds_ok, ds_proc, ds_trig, ds_poll;
APP\freertos\rtos_tasks.c(285): warning:  #177-D: variable "jetson_frame"  was declared but never referenced
  	u8 jetson_frame[JETSON_FRAME_LEN];
APP\freertos\rtos_tasks.c(43): warning:  #177-D: variable "s_jetson_tx_toggle"  was declared but never referenced
  static u8 s_jetson_tx_toggle = 0;
APP\freertos\rtos_tasks.c(45): warning:  #550-D: variable "s_ui_last_stack_log"  was set but never used
  static TickType_t s_ui_last_stack_log = 0;
APP\freertos\rtos_tasks.c(49): warning:  #177-D: variable "s_link_last_rx_b"  was declared but never referenced
  static u32 s_link_last_rx_b = 0;
APP\freertos\rtos_tasks.c(50): warning:  #177-D: variable "s_link_last_ab"  was declared but never referenced
  static u32 s_link_last_ab = 0;
APP\freertos\rtos_tasks.c: 13 warnings, 0 errors
linking...
Program Size: Code=135798 RO-data=162334 RW-data=1396 ZI-data=1141756  
FromELF: creating hex file...
".\Obj\Template.axf" - 0 Error(s), 16 Warning(s).

<h2>Software Packages used:</h2>

Package Vendor: Keil
                http://www.keil.com/pack/Keil.STM32F4xx_DFP.2.16.0.pack
                Keil.STM32F4xx_DFP.2.16.0
                STMicroelectronics STM32F4 Series Device Support, Drivers and Examples

<h2>Collection of Component include folders:</h2>
  .\RTE\_Target_1
  D:\Keil5\ARM\PACK\Keil\STM32F4xx_DFP\2.16.0\Drivers\CMSIS\Device\ST\STM32F4xx\Include

<h2>Collection of Component Files used:</h2>
Build Time Elapsed:  00:00:02
</pre>
</body>
</html>
