<!doctype html public "-//w3c//dtd html 4.0 transitional//en">
<html><head>
<title>Static Call Graph - [.\Obj\Template.axf]</title></head>
<body><HR>
<H1>Static Call Graph for image .\Obj\Template.axf</H1><HR>
<BR><P>#&#060CALLGRAPH&#062# ARM Linker, 5060528: Last Updated: Wed May 27 14:35:57 2026
<BR><P>
<H3>Maximum Stack Usage =       1692 bytes + Unknown(Cycles, Untraceable Function Pointers)</H3><H3>
Call chain for Maximum Stack Depth:</H3>
pass2_fs_dither &rArr; fill_inverse_cmap &rArr; find_nearby_colors
<P>
<H3>
Mutually Recursive functions
</H3> <LI><a href="#[48]">ADC_IRQHandler</a>&nbsp;&nbsp;&nbsp;&rArr;&nbsp;&nbsp;&nbsp;<a href="#[48]">ADC_IRQHandler</a><BR>
</UL>
<P>
<H3>
Function Pointers
</H3><UL>
 <LI><a href="#[9e]">ADC_Handler</a> from httpd_cgi_ssi.o(i.ADC_Handler) referenced from httpd_cgi_ssi.o(i.httpd_ssi_init)
 <LI><a href="#[48]">ADC_IRQHandler</a> from startup_stm32f40_41xxx.o(.text) referenced from startup_stm32f40_41xxx.o(RESET)
 <LI><a href="#[30]">BusFault_Handler</a> from stm32f4xx_it.o(i.BusFault_Handler) referenced from startup_stm32f40_41xxx.o(RESET)
 <LI><a href="#[4a]">CAN1_RX0_IRQHandler</a> from startup_stm32f40_41xxx.o(.text) referenced from startup_stm32f40_41xxx.o(RESET)
 <LI><a href="#[4b]">CAN1_RX1_IRQHandler</a> from startup_stm32f40_41xxx.o(.text) referenced from startup_stm32f40_41xxx.o(RESET)
 <LI><a href="#[4c]">CAN1_SCE_IRQHandler</a> from startup_stm32f40_41xxx.o(.text) referenced from startup_stm32f40_41xxx.o(RESET)
 <LI><a href="#[49]">CAN1_TX_IRQHandler</a> from startup_stm32f40_41xxx.o(.text) referenced from startup_stm32f40_41xxx.o(RESET)
 <LI><a href="#[76]">CAN2_RX0_IRQHandler</a> from startup_stm32f40_41xxx.o(.text) referenced from startup_stm32f40_41xxx.o(RESET)
 <LI><a href="#[77]">CAN2_RX1_IRQHandler</a> from startup_stm32f40_41xxx.o(.text) referenced from startup_stm32f40_41xxx.o(RESET)
 <LI><a href="#[78]">CAN2_SCE_IRQHandler</a> from startup_stm32f40_41xxx.o(.text) referenced from startup_stm32f40_41xxx.o(RESET)
 <LI><a href="#[75]">CAN2_TX_IRQHandler</a> from startup_stm32f40_41xxx.o(.text) referenced from startup_stm32f40_41xxx.o(RESET)
 <LI><a href="#[85]">CRYP_IRQHandler</a> from startup_stm32f40_41xxx.o(.text) referenced from startup_stm32f40_41xxx.o(RESET)
 <LI><a href="#[84]">DCMI_IRQHandler</a> from dcmi.o(i.DCMI_IRQHandler) referenced from startup_stm32f40_41xxx.o(RESET)
 <LI><a href="#[41]">DMA1_Stream0_IRQHandler</a> from startup_stm32f40_41xxx.o(.text) referenced from startup_stm32f40_41xxx.o(RESET)
 <LI><a href="#[42]">DMA1_Stream1_IRQHandler</a> from startup_stm32f40_41xxx.o(.text) referenced from startup_stm32f40_41xxx.o(RESET)
 <LI><a href="#[43]">DMA1_Stream2_IRQHandler</a> from startup_stm32f40_41xxx.o(.text) referenced from startup_stm32f40_41xxx.o(RESET)
 <LI><a href="#[44]">DMA1_Stream3_IRQHandler</a> from startup_stm32f40_41xxx.o(.text) referenced from startup_stm32f40_41xxx.o(RESET)
 <LI><a href="#[45]">DMA1_Stream4_IRQHandler</a> from i2s.o(i.DMA1_Stream4_IRQHandler) referenced from startup_stm32f40_41xxx.o(RESET)
 <LI><a href="#[46]">DMA1_Stream5_IRQHandler</a> from startup_stm32f40_41xxx.o(.text) referenced from startup_stm32f40_41xxx.o(RESET)
 <LI><a href="#[47]">DMA1_Stream6_IRQHandler</a> from startup_stm32f40_41xxx.o(.text) referenced from startup_stm32f40_41xxx.o(RESET)
 <LI><a href="#[65]">DMA1_Stream7_IRQHandler</a> from startup_stm32f40_41xxx.o(.text) referenced from startup_stm32f40_41xxx.o(RESET)
 <LI><a href="#[6e]">DMA2_Stream0_IRQHandler</a> from startup_stm32f40_41xxx.o(.text) referenced from startup_stm32f40_41xxx.o(RESET)
 <LI><a href="#[6f]">DMA2_Stream1_IRQHandler</a> from dcmi.o(i.DMA2_Stream1_IRQHandler) referenced from startup_stm32f40_41xxx.o(RESET)
 <LI><a href="#[70]">DMA2_Stream2_IRQHandler</a> from startup_stm32f40_41xxx.o(.text) referenced from startup_stm32f40_41xxx.o(RESET)
 <LI><a href="#[71]">DMA2_Stream3_IRQHandler</a> from startup_stm32f40_41xxx.o(.text) referenced from startup_stm32f40_41xxx.o(RESET)
 <LI><a href="#[72]">DMA2_Stream4_IRQHandler</a> from startup_stm32f40_41xxx.o(.text) referenced from startup_stm32f40_41xxx.o(RESET)
 <LI><a href="#[7a]">DMA2_Stream5_IRQHandler</a> from startup_stm32f40_41xxx.o(.text) referenced from startup_stm32f40_41xxx.o(RESET)
 <LI><a href="#[7b]">DMA2_Stream6_IRQHandler</a> from startup_stm32f40_41xxx.o(.text) referenced from startup_stm32f40_41xxx.o(RESET)
 <LI><a href="#[7c]">DMA2_Stream7_IRQHandler</a> from startup_stm32f40_41xxx.o(.text) referenced from startup_stm32f40_41xxx.o(RESET)
 <LI><a href="#[33]">DebugMon_Handler</a> from stm32f4xx_it.o(i.DebugMon_Handler) referenced from startup_stm32f40_41xxx.o(RESET)
 <LI><a href="#[73]">ETH_IRQHandler</a> from lan8720.o(i.ETH_IRQHandler) referenced from startup_stm32f40_41xxx.o(RESET)
 <LI><a href="#[74]">ETH_WKUP_IRQHandler</a> from startup_stm32f40_41xxx.o(.text) referenced from startup_stm32f40_41xxx.o(RESET)
 <LI><a href="#[3c]">EXTI0_IRQHandler</a> from startup_stm32f40_41xxx.o(.text) referenced from startup_stm32f40_41xxx.o(RESET)
 <LI><a href="#[5e]">EXTI15_10_IRQHandler</a> from startup_stm32f40_41xxx.o(.text) referenced from startup_stm32f40_41xxx.o(RESET)
 <LI><a href="#[3d]">EXTI1_IRQHandler</a> from startup_stm32f40_41xxx.o(.text) referenced from startup_stm32f40_41xxx.o(RESET)
 <LI><a href="#[3e]">EXTI2_IRQHandler</a> from startup_stm32f40_41xxx.o(.text) referenced from startup_stm32f40_41xxx.o(RESET)
 <LI><a href="#[3f]">EXTI3_IRQHandler</a> from startup_stm32f40_41xxx.o(.text) referenced from startup_stm32f40_41xxx.o(RESET)
 <LI><a href="#[40]">EXTI4_IRQHandler</a> from startup_stm32f40_41xxx.o(.text) referenced from startup_stm32f40_41xxx.o(RESET)
 <LI><a href="#[4d]">EXTI9_5_IRQHandler</a> from hwjs.o(i.EXTI9_5_IRQHandler) referenced from startup_stm32f40_41xxx.o(RESET)
 <LI><a href="#[3a]">FLASH_IRQHandler</a> from startup_stm32f40_41xxx.o(.text) referenced from startup_stm32f40_41xxx.o(RESET)
 <LI><a href="#[87]">FPU_IRQHandler</a> from startup_stm32f40_41xxx.o(.text) referenced from startup_stm32f40_41xxx.o(RESET)
 <LI><a href="#[66]">FSMC_IRQHandler</a> from startup_stm32f40_41xxx.o(.text) referenced from startup_stm32f40_41xxx.o(RESET)
 <LI><a href="#[86]">HASH_RNG_IRQHandler</a> from startup_stm32f40_41xxx.o(.text) referenced from startup_stm32f40_41xxx.o(RESET)
 <LI><a href="#[2e]">HardFault_Handler</a> from stm32f4xx_it.o(i.HardFault_Handler) referenced from startup_stm32f40_41xxx.o(RESET)
 <LI><a href="#[56]">I2C1_ER_IRQHandler</a> from startup_stm32f40_41xxx.o(.text) referenced from startup_stm32f40_41xxx.o(RESET)
 <LI><a href="#[55]">I2C1_EV_IRQHandler</a> from startup_stm32f40_41xxx.o(.text) referenced from startup_stm32f40_41xxx.o(RESET)
 <LI><a href="#[58]">I2C2_ER_IRQHandler</a> from startup_stm32f40_41xxx.o(.text) referenced from startup_stm32f40_41xxx.o(RESET)
 <LI><a href="#[57]">I2C2_EV_IRQHandler</a> from startup_stm32f40_41xxx.o(.text) referenced from startup_stm32f40_41xxx.o(RESET)
 <LI><a href="#[7f]">I2C3_ER_IRQHandler</a> from startup_stm32f40_41xxx.o(.text) referenced from startup_stm32f40_41xxx.o(RESET)
 <LI><a href="#[7e]">I2C3_EV_IRQHandler</a> from startup_stm32f40_41xxx.o(.text) referenced from startup_stm32f40_41xxx.o(RESET)
 <LI><a href="#[98]">LCD_Color_Fill</a> from tftlcd.o(i.LCD_Color_Fill) referenced from gui.o(i.gui_init)
 <LI><a href="#[96]">LCD_DrawFRONT_COLOR</a> from tftlcd.o(i.LCD_DrawFRONT_COLOR) referenced from gui.o(i.gui_init)
 <LI><a href="#[96]">LCD_DrawFRONT_COLOR</a> from tftlcd.o(i.LCD_DrawFRONT_COLOR) referenced from piclib.o(i.piclib_init)
 <LI><a href="#[97]">LCD_Fill</a> from tftlcd.o(i.LCD_Fill) referenced from gui.o(i.gui_init)
 <LI><a href="#[97]">LCD_Fill</a> from tftlcd.o(i.LCD_Fill) referenced from piclib.o(i.piclib_init)
 <LI><a href="#[95]">LCD_ReadPoint</a> from tftlcd.o(i.LCD_ReadPoint) referenced from gui.o(i.gui_init)
 <LI><a href="#[95]">LCD_ReadPoint</a> from tftlcd.o(i.LCD_ReadPoint) referenced from piclib.o(i.piclib_init)
 <LI><a href="#[134]">LEDS_CGI_Handler</a> from httpd_cgi_ssi.o(i.LEDS_CGI_Handler) referenced from httpd_cgi_ssi.o(.constdata)
 <LI><a href="#[2f]">MemManage_Handler</a> from stm32f4xx_it.o(i.MemManage_Handler) referenced from startup_stm32f40_41xxx.o(RESET)
 <LI><a href="#[2d]">NMI_Handler</a> from stm32f4xx_it.o(i.NMI_Handler) referenced from startup_stm32f40_41xxx.o(RESET)
 <LI><a href="#[79]">OTG_FS_IRQHandler</a> from usbd_usr.o(i.OTG_FS_IRQHandler) referenced from startup_stm32f40_41xxx.o(RESET)
 <LI><a href="#[60]">OTG_FS_WKUP_IRQHandler</a> from startup_stm32f40_41xxx.o(.text) referenced from startup_stm32f40_41xxx.o(RESET)
 <LI><a href="#[81]">OTG_HS_EP1_IN_IRQHandler</a> from startup_stm32f40_41xxx.o(.text) referenced from startup_stm32f40_41xxx.o(RESET)
 <LI><a href="#[80]">OTG_HS_EP1_OUT_IRQHandler</a> from startup_stm32f40_41xxx.o(.text) referenced from startup_stm32f40_41xxx.o(RESET)
 <LI><a href="#[83]">OTG_HS_IRQHandler</a> from startup_stm32f40_41xxx.o(.text) referenced from startup_stm32f40_41xxx.o(RESET)
 <LI><a href="#[82]">OTG_HS_WKUP_IRQHandler</a> from startup_stm32f40_41xxx.o(.text) referenced from startup_stm32f40_41xxx.o(RESET)
 <LI><a href="#[37]">PVD_IRQHandler</a> from startup_stm32f40_41xxx.o(.text) referenced from startup_stm32f40_41xxx.o(RESET)
 <LI><a href="#[34]">PendSV_Handler</a> from stm32f4xx_it.o(i.PendSV_Handler) referenced from startup_stm32f40_41xxx.o(RESET)
 <LI><a href="#[3b]">RCC_IRQHandler</a> from startup_stm32f40_41xxx.o(.text) referenced from startup_stm32f40_41xxx.o(RESET)
 <LI><a href="#[5f]">RTC_Alarm_IRQHandler</a> from rtc.o(i.RTC_Alarm_IRQHandler) referenced from startup_stm32f40_41xxx.o(RESET)
 <LI><a href="#[39]">RTC_WKUP_IRQHandler</a> from rtc.o(i.RTC_WKUP_IRQHandler) referenced from startup_stm32f40_41xxx.o(RESET)
 <LI><a href="#[2c]">Reset_Handler</a> from startup_stm32f40_41xxx.o(.text) referenced from startup_stm32f40_41xxx.o(RESET)
 <LI><a href="#[67]">SDIO_IRQHandler</a> from sdio_sdcard.o(i.SDIO_IRQHandler) referenced from startup_stm32f40_41xxx.o(RESET)
 <LI><a href="#[59]">SPI1_IRQHandler</a> from startup_stm32f40_41xxx.o(.text) referenced from startup_stm32f40_41xxx.o(RESET)
 <LI><a href="#[5a]">SPI2_IRQHandler</a> from startup_stm32f40_41xxx.o(.text) referenced from startup_stm32f40_41xxx.o(RESET)
 <LI><a href="#[69]">SPI3_IRQHandler</a> from startup_stm32f40_41xxx.o(.text) referenced from startup_stm32f40_41xxx.o(RESET)
 <LI><a href="#[1e]">STORAGE_GetCapacity</a> from usbd_storage_msd.o(i.STORAGE_GetCapacity) referenced 2 times from usbd_storage_msd.o(.data)
 <LI><a href="#[23]">STORAGE_GetMaxLun</a> from usbd_storage_msd.o(i.STORAGE_GetMaxLun) referenced 2 times from usbd_storage_msd.o(.data)
 <LI><a href="#[1d]">STORAGE_Init</a> from usbd_storage_msd.o(i.STORAGE_Init) referenced 2 times from usbd_storage_msd.o(.data)
 <LI><a href="#[1f]">STORAGE_IsReady</a> from usbd_storage_msd.o(i.STORAGE_IsReady) referenced 2 times from usbd_storage_msd.o(.data)
 <LI><a href="#[20]">STORAGE_IsWriteProtected</a> from usbd_storage_msd.o(i.STORAGE_IsWriteProtected) referenced 2 times from usbd_storage_msd.o(.data)
 <LI><a href="#[21]">STORAGE_Read</a> from usbd_storage_msd.o(i.STORAGE_Read) referenced 2 times from usbd_storage_msd.o(.data)
 <LI><a href="#[22]">STORAGE_Write</a> from usbd_storage_msd.o(i.STORAGE_Write) referenced 2 times from usbd_storage_msd.o(.data)
 <LI><a href="#[32]">SVC_Handler</a> from stm32f4xx_it.o(i.SVC_Handler) referenced from startup_stm32f40_41xxx.o(RESET)
 <LI><a href="#[35]">SysTick_Handler</a> from stm32f4xx_it.o(i.SysTick_Handler) referenced from startup_stm32f40_41xxx.o(RESET)
 <LI><a href="#[89]">SystemInit</a> from system_stm32f4xx.o(i.SystemInit) referenced from startup_stm32f40_41xxx.o(.text)
 <LI><a href="#[38]">TAMP_STAMP_IRQHandler</a> from startup_stm32f40_41xxx.o(.text) referenced from startup_stm32f40_41xxx.o(RESET)
 <LI><a href="#[4e]">TIM1_BRK_TIM9_IRQHandler</a> from startup_stm32f40_41xxx.o(.text) referenced from startup_stm32f40_41xxx.o(RESET)
 <LI><a href="#[51]">TIM1_CC_IRQHandler</a> from startup_stm32f40_41xxx.o(.text) referenced from startup_stm32f40_41xxx.o(RESET)
 <LI><a href="#[50]">TIM1_TRG_COM_TIM11_IRQHandler</a> from startup_stm32f40_41xxx.o(.text) referenced from startup_stm32f40_41xxx.o(RESET)
 <LI><a href="#[4f]">TIM1_UP_TIM10_IRQHandler</a> from startup_stm32f40_41xxx.o(.text) referenced from startup_stm32f40_41xxx.o(RESET)
 <LI><a href="#[52]">TIM2_IRQHandler</a> from time.o(i.TIM2_IRQHandler) referenced from startup_stm32f40_41xxx.o(RESET)
 <LI><a href="#[53]">TIM3_IRQHandler</a> from time.o(i.TIM3_IRQHandler) referenced from startup_stm32f40_41xxx.o(RESET)
 <LI><a href="#[54]">TIM4_IRQHandler</a> from time.o(i.TIM4_IRQHandler) referenced from startup_stm32f40_41xxx.o(RESET)
 <LI><a href="#[68]">TIM5_IRQHandler</a> from startup_stm32f40_41xxx.o(.text) referenced from startup_stm32f40_41xxx.o(RESET)
 <LI><a href="#[6c]">TIM6_DAC_IRQHandler</a> from time.o(i.TIM6_DAC_IRQHandler) referenced from startup_stm32f40_41xxx.o(RESET)
 <LI><a href="#[6d]">TIM7_IRQHandler</a> from startup_stm32f40_41xxx.o(.text) referenced from startup_stm32f40_41xxx.o(RESET)
 <LI><a href="#[61]">TIM8_BRK_TIM12_IRQHandler</a> from startup_stm32f40_41xxx.o(.text) referenced from startup_stm32f40_41xxx.o(RESET)
 <LI><a href="#[64]">TIM8_CC_IRQHandler</a> from startup_stm32f40_41xxx.o(.text) referenced from startup_stm32f40_41xxx.o(RESET)
 <LI><a href="#[63]">TIM8_TRG_COM_TIM14_IRQHandler</a> from startup_stm32f40_41xxx.o(.text) referenced from startup_stm32f40_41xxx.o(RESET)
 <LI><a href="#[62]">TIM8_UP_TIM13_IRQHandler</a> from startup_stm32f40_41xxx.o(.text) referenced from startup_stm32f40_41xxx.o(RESET)
 <LI><a href="#[4]">TP_Adjust</a> from touch.o(i.TP_Adjust) referenced 2 times from touch.o(.data)
 <LI><a href="#[2]">TP_Init</a> from touch.o(i.TP_Init) referenced 2 times from touch.o(.data)
 <LI><a href="#[3]">TP_Scan</a> from touch.o(i.TP_Scan) referenced 2 times from touch.o(.data)
 <LI><a href="#[6a]">UART4_IRQHandler</a> from startup_stm32f40_41xxx.o(.text) referenced from startup_stm32f40_41xxx.o(RESET)
 <LI><a href="#[6b]">UART5_IRQHandler</a> from startup_stm32f40_41xxx.o(.text) referenced from startup_stm32f40_41xxx.o(RESET)
 <LI><a href="#[5b]">USART1_IRQHandler</a> from usart.o(i.USART1_IRQHandler) referenced from startup_stm32f40_41xxx.o(RESET)
 <LI><a href="#[5c]">USART2_IRQHandler</a> from rs232.o(i.USART2_IRQHandler) referenced from startup_stm32f40_41xxx.o(RESET)
 <LI><a href="#[5d]">USART3_IRQHandler</a> from startup_stm32f40_41xxx.o(.text) referenced from startup_stm32f40_41xxx.o(RESET)
 <LI><a href="#[7d]">USART6_IRQHandler</a> from startup_stm32f40_41xxx.o(.text) referenced from startup_stm32f40_41xxx.o(RESET)
 <LI><a href="#[8]">USBD_DataInStage</a> from usbd_core.o(i.USBD_DataInStage) referenced 2 times from usbd_core.o(.data)
 <LI><a href="#[7]">USBD_DataOutStage</a> from usbd_core.o(i.USBD_DataOutStage) referenced 2 times from usbd_core.o(.data)
 <LI><a href="#[e]">USBD_IsoINIncomplete</a> from usbd_core.o(i.USBD_IsoINIncomplete) referenced 2 times from usbd_core.o(.data)
 <LI><a href="#[f]">USBD_IsoOUTIncomplete</a> from usbd_core.o(i.USBD_IsoOUTIncomplete) referenced 2 times from usbd_core.o(.data)
 <LI><a href="#[13]">USBD_MSC_DataIn</a> from usbd_msc_core.o(i.USBD_MSC_DataIn) referenced 2 times from usbd_msc_core.o(.data)
 <LI><a href="#[14]">USBD_MSC_DataOut</a> from usbd_msc_core.o(i.USBD_MSC_DataOut) referenced 2 times from usbd_msc_core.o(.data)
 <LI><a href="#[11]">USBD_MSC_DeInit</a> from usbd_msc_core.o(i.USBD_MSC_DeInit) referenced 2 times from usbd_msc_core.o(.data)
 <LI><a href="#[15]">USBD_MSC_GetCfgDesc</a> from usbd_msc_core.o(i.USBD_MSC_GetCfgDesc) referenced 2 times from usbd_msc_core.o(.data)
 <LI><a href="#[10]">USBD_MSC_Init</a> from usbd_msc_core.o(i.USBD_MSC_Init) referenced 2 times from usbd_msc_core.o(.data)
 <LI><a href="#[12]">USBD_MSC_Setup</a> from usbd_msc_core.o(i.USBD_MSC_Setup) referenced 2 times from usbd_msc_core.o(.data)
 <LI><a href="#[b]">USBD_Reset</a> from usbd_core.o(i.USBD_Reset) referenced 2 times from usbd_core.o(.data)
 <LI><a href="#[d]">USBD_Resume</a> from usbd_core.o(i.USBD_Resume) referenced 2 times from usbd_core.o(.data)
 <LI><a href="#[a]">USBD_SOF</a> from usbd_core.o(i.USBD_SOF) referenced 2 times from usbd_core.o(.data)
 <LI><a href="#[9]">USBD_SetupStage</a> from usbd_core.o(i.USBD_SetupStage) referenced 2 times from usbd_core.o(.data)
 <LI><a href="#[c]">USBD_Suspend</a> from usbd_core.o(i.USBD_Suspend) referenced 2 times from usbd_core.o(.data)
 <LI><a href="#[1b]">USBD_USR_ConfigStrDescriptor</a> from usbd_desc.o(i.USBD_USR_ConfigStrDescriptor) referenced 2 times from usbd_desc.o(.data)
 <LI><a href="#[26]">USBD_USR_DeviceConfigured</a> from usbd_usr.o(i.USBD_USR_DeviceConfigured) referenced 2 times from usbd_usr.o(.data)
 <LI><a href="#[29]">USBD_USR_DeviceConnected</a> from usbd_usr.o(i.USBD_USR_DeviceConnected) referenced 2 times from usbd_usr.o(.data)
 <LI><a href="#[16]">USBD_USR_DeviceDescriptor</a> from usbd_desc.o(i.USBD_USR_DeviceDescriptor) referenced 2 times from usbd_desc.o(.data)
 <LI><a href="#[2a]">USBD_USR_DeviceDisconnected</a> from usbd_usr.o(i.USBD_USR_DeviceDisconnected) referenced 2 times from usbd_usr.o(.data)
 <LI><a href="#[25]">USBD_USR_DeviceReset</a> from usbd_usr.o(i.USBD_USR_DeviceReset) referenced 2 times from usbd_usr.o(.data)
 <LI><a href="#[28]">USBD_USR_DeviceResumed</a> from usbd_usr.o(i.USBD_USR_DeviceResumed) referenced 2 times from usbd_usr.o(.data)
 <LI><a href="#[27]">USBD_USR_DeviceSuspended</a> from usbd_usr.o(i.USBD_USR_DeviceSuspended) referenced 2 times from usbd_usr.o(.data)
 <LI><a href="#[24]">USBD_USR_Init</a> from usbd_usr.o(i.USBD_USR_Init) referenced 2 times from usbd_usr.o(.data)
 <LI><a href="#[1c]">USBD_USR_InterfaceStrDescriptor</a> from usbd_desc.o(i.USBD_USR_InterfaceStrDescriptor) referenced 2 times from usbd_desc.o(.data)
 <LI><a href="#[17]">USBD_USR_LangIDStrDescriptor</a> from usbd_desc.o(i.USBD_USR_LangIDStrDescriptor) referenced 2 times from usbd_desc.o(.data)
 <LI><a href="#[18]">USBD_USR_ManufacturerStrDescriptor</a> from usbd_desc.o(i.USBD_USR_ManufacturerStrDescriptor) referenced 2 times from usbd_desc.o(.data)
 <LI><a href="#[19]">USBD_USR_ProductStrDescriptor</a> from usbd_desc.o(i.USBD_USR_ProductStrDescriptor) referenced 2 times from usbd_desc.o(.data)
 <LI><a href="#[1a]">USBD_USR_SerialStrDescriptor</a> from usbd_desc.o(i.USBD_USR_SerialStrDescriptor) referenced 2 times from usbd_desc.o(.data)
 <LI><a href="#[31]">UsageFault_Handler</a> from stm32f4xx_it.o(i.UsageFault_Handler) referenced from startup_stm32f40_41xxx.o(RESET)
 <LI><a href="#[36]">WWDG_IRQHandler</a> from startup_stm32f40_41xxx.o(.text) referenced from startup_stm32f40_41xxx.o(RESET)
 <LI><a href="#[8a]">__main</a> from entry.o(.ARM.Collect$$$$00000000) referenced from startup_stm32f40_41xxx.o(.text)
 <LI><a href="#[8c]">_sbackspace</a> from _sgetc.o(.text) referenced 2 times from __0sscanf.o(.text)
 <LI><a href="#[8d]">_scanf_char_input</a> from scanf_char.o(.text) referenced from scanf_char.o(.text)
 <LI><a href="#[8b]">_sgetc</a> from _sgetc.o(.text) referenced 2 times from __0sscanf.o(.text)
 <LI><a href="#[90]">_sputc</a> from printfa.o(i._sputc) referenced from printfa.o(i.__0sprintf)
 <LI><a href="#[cf]">access_virt_barray</a> from jmemmgr.o(i.access_virt_barray) referenced from jmemmgr.o(i.jinit_memory_mgr)
 <LI><a href="#[ce]">access_virt_sarray</a> from jmemmgr.o(i.access_virt_sarray) referenced from jmemmgr.o(i.jinit_memory_mgr)
 <LI><a href="#[ca]">alloc_barray</a> from jmemmgr.o(i.alloc_barray) referenced from jmemmgr.o(i.jinit_memory_mgr)
 <LI><a href="#[c8]">alloc_large</a> from jmemmgr.o(i.alloc_large) referenced from jmemmgr.o(i.jinit_memory_mgr)
 <LI><a href="#[c9]">alloc_sarray</a> from jmemmgr.o(i.alloc_sarray) referenced from jmemmgr.o(i.jinit_memory_mgr)
 <LI><a href="#[c7]">alloc_small</a> from jmemmgr.o(i.alloc_small) referenced from jmemmgr.o(i.jinit_memory_mgr)
 <LI><a href="#[91]">arp_timer</a> from timers.o(i.arp_timer) referenced from timers.o(i.arp_timer)
 <LI><a href="#[91]">arp_timer</a> from timers.o(i.arp_timer) referenced from timers.o(i.sys_timeouts_init)
 <LI><a href="#[132]">audio_i2s_dma_callback</a> from videoplayer.o(i.audio_i2s_dma_callback) referenced from videoplayer.o(i.video_play_mjpeg)
 <LI><a href="#[11a]">color_quantize</a> from jquant1.o(i.color_quantize) referenced from jquant1.o(i.start_pass_1_quant)
 <LI><a href="#[119]">color_quantize3</a> from jquant1.o(i.color_quantize3) referenced from jquant1.o(i.start_pass_1_quant)
 <LI><a href="#[b4]">consume_data</a> from jdcoefct.o(i.consume_data) referenced from jdcoefct.o(i.jinit_d_coef_controller)
 <LI><a href="#[94]">consume_markers</a> from jdinput.o(i.consume_markers) referenced from jdinput.o(i.finish_input_pass)
 <LI><a href="#[94]">consume_markers</a> from jdinput.o(i.consume_markers) referenced from jdinput.o(i.jinit_input_controller)
 <LI><a href="#[94]">consume_markers</a> from jdinput.o(i.consume_markers) referenced from jdinput.o(i.reset_input_controller)
 <LI><a href="#[f6]">decode_mcu</a> from jdarith.o(i.decode_mcu) referenced from jdarith.o(i.start_pass)
 <LI><a href="#[12b]">decode_mcu</a> from jdhuff.o(i.decode_mcu) referenced from jdhuff.o(i.start_pass_huff_decoder)
 <LI><a href="#[f3]">decode_mcu_AC_first</a> from jdarith.o(i.decode_mcu_AC_first) referenced from jdarith.o(i.start_pass)
 <LI><a href="#[127]">decode_mcu_AC_first</a> from jdhuff.o(i.decode_mcu_AC_first) referenced from jdhuff.o(i.start_pass_huff_decoder)
 <LI><a href="#[f5]">decode_mcu_AC_refine</a> from jdarith.o(i.decode_mcu_AC_refine) referenced from jdarith.o(i.start_pass)
 <LI><a href="#[129]">decode_mcu_AC_refine</a> from jdhuff.o(i.decode_mcu_AC_refine) referenced from jdhuff.o(i.start_pass_huff_decoder)
 <LI><a href="#[f2]">decode_mcu_DC_first</a> from jdarith.o(i.decode_mcu_DC_first) referenced from jdarith.o(i.start_pass)
 <LI><a href="#[126]">decode_mcu_DC_first</a> from jdhuff.o(i.decode_mcu_DC_first) referenced from jdhuff.o(i.start_pass_huff_decoder)
 <LI><a href="#[f4]">decode_mcu_DC_refine</a> from jdarith.o(i.decode_mcu_DC_refine) referenced from jdarith.o(i.start_pass)
 <LI><a href="#[128]">decode_mcu_DC_refine</a> from jdhuff.o(i.decode_mcu_DC_refine) referenced from jdhuff.o(i.start_pass_huff_decoder)
 <LI><a href="#[12a]">decode_mcu_sub</a> from jdhuff.o(i.decode_mcu_sub) referenced from jdhuff.o(i.start_pass_huff_decoder)
 <LI><a href="#[b5]">decompress_data</a> from jdcoefct.o(i.decompress_data) referenced from jdcoefct.o(i.jinit_d_coef_controller)
 <LI><a href="#[b5]">decompress_data</a> from jdcoefct.o(i.decompress_data) referenced from jdcoefct.o(i.start_output_pass)
 <LI><a href="#[b7]">decompress_onepass</a> from jdcoefct.o(i.decompress_onepass) referenced from jdcoefct.o(i.jinit_d_coef_controller)
 <LI><a href="#[f1]">decompress_smooth_data</a> from jdcoefct.o(i.decompress_smooth_data) referenced from jdcoefct.o(i.start_output_pass)
 <LI><a href="#[b6]">dummy_consume_data</a> from jdcoefct.o(i.dummy_consume_data) referenced from jdcoefct.o(i.jinit_d_coef_controller)
 <LI><a href="#[e4]">emit_message</a> from jerror.o(i.emit_message) referenced from jerror.o(i.jpeg_std_error)
 <LI><a href="#[e3]">error_exit</a> from jerror.o(i.error_exit) referenced from jerror.o(i.jpeg_std_error)
 <LI><a href="#[92]">etharp_output</a> from etharp.o(i.etharp_output) referenced from ethernetif.o(i.ethernetif_init)
 <LI><a href="#[eb]">ethernet_input</a> from etharp.o(i.ethernet_input) referenced from lwip_comm.o(i.lwip_comm_init)
 <LI><a href="#[ec]">ethernetif_init</a> from ethernetif.o(i.ethernetif_init) referenced from lwip_comm.o(i.lwip_comm_init)
 <LI><a href="#[df]">fill_input_buffer</a> from mjpeg.o(i.fill_input_buffer) referenced from mjpeg.o(i.jpeg_filerw_src_init)
 <LI><a href="#[be]">finish_input_pass</a> from jdinput.o(i.finish_input_pass) referenced from jdinput.o(i.jinit_input_controller)
 <LI><a href="#[c6]">finish_output_pass</a> from jdmaster.o(i.finish_output_pass) referenced from jdmaster.o(i.jinit_master_decompress)
 <LI><a href="#[a7]">finish_pass</a> from jdarith.o(i.finish_pass) referenced from jdarith.o(i.jinit_arith_decoder)
 <LI><a href="#[11f]">finish_pass1</a> from jquant2.o(i.finish_pass1) referenced from jquant2.o(i.start_pass_2_quant)
 <LI><a href="#[122]">finish_pass2</a> from jquant2.o(i.finish_pass2) referenced from jquant2.o(i.start_pass_2_quant)
 <LI><a href="#[a2]">finish_pass_1_quant</a> from jquant1.o(i.finish_pass_1_quant) referenced from jquant1.o(i.jinit_1pass_quantizer)
 <LI><a href="#[bb]">finish_pass_huff</a> from jdhuff.o(i.finish_pass_huff) referenced from jdhuff.o(i.jinit_huff_decoder)
 <LI><a href="#[e6]">format_message</a> from jerror.o(i.format_message) referenced from jerror.o(i.jpeg_std_error)
 <LI><a href="#[8f]">fputc</a> from usart.o(i.fputc) referenced from printfa.o(i.__0printf)
 <LI><a href="#[d0]">free_pool</a> from jmemmgr.o(i.free_pool) referenced from jmemmgr.o(i.jinit_memory_mgr)
 <LI><a href="#[da]">fullsize_upsample</a> from jdsample.o(i.fullsize_upsample) referenced from jdsample.o(i.jinit_upsampler)
 <LI><a href="#[c4]">get_interesting_appn</a> from jdmarker.o(i.get_interesting_appn) referenced from jdmarker.o(i.jinit_marker_reader)
 <LI><a href="#[ac]">gray_rgb_convert</a> from jdcolor.o(i.gray_rgb_convert) referenced from jdcolor.o(i.jinit_color_deconverter)
 <LI><a href="#[a9]">grayscale_convert</a> from jdcolor.o(i.grayscale_convert) referenced from jdcolor.o(i.jinit_color_deconverter)
 <LI><a href="#[2b]">gui_get_key</a> from gui.o(i.gui_get_key) referenced 2 times from gui.o(.data)
 <LI><a href="#[d6]">h2v1_merged_upsample</a> from jdmerge.o(i.h2v1_merged_upsample) referenced from jdmerge.o(i.jinit_merged_upsampler)
 <LI><a href="#[db]">h2v1_upsample</a> from jdsample.o(i.h2v1_upsample) referenced from jdsample.o(i.jinit_upsampler)
 <LI><a href="#[d4]">h2v2_merged_upsample</a> from jdmerge.o(i.h2v2_merged_upsample) referenced from jdmerge.o(i.jinit_merged_upsampler)
 <LI><a href="#[dc]">h2v2_upsample</a> from jdsample.o(i.h2v2_upsample) referenced from jdsample.o(i.jinit_upsampler)
 <LI><a href="#[9d]">http_accept</a> from httpd.o(i.http_accept) referenced from httpd.o(i.httpd_init_addr)
 <LI><a href="#[9a]">http_err</a> from httpd.o(i.http_err) referenced from httpd.o(i.http_accept)
 <LI><a href="#[9b]">http_poll</a> from httpd.o(i.http_poll) referenced from httpd.o(i.http_accept)
 <LI><a href="#[9b]">http_poll</a> from httpd.o(i.http_poll) referenced from httpd.o(i.http_close_conn)
 <LI><a href="#[99]">http_recv</a> from httpd.o(i.http_recv) referenced from httpd.o(i.http_accept)
 <LI><a href="#[9c]">http_sent</a> from httpd.o(i.http_sent) referenced from httpd.o(i.http_accept)
 <LI><a href="#[de]">init_source</a> from mjpeg.o(i.init_source) referenced from mjpeg.o(i.jpeg_filerw_src_init)
 <LI><a href="#[dd]">int_upsample</a> from jdsample.o(i.int_upsample) referenced from jdsample.o(i.jinit_upsampler)
 <LI><a href="#[a0]">ip_reass_timer</a> from timers.o(i.ip_reass_timer) referenced from timers.o(i.ip_reass_timer)
 <LI><a href="#[a0]">ip_reass_timer</a> from timers.o(i.ip_reass_timer) referenced from timers.o(i.sys_timeouts_init)
 <LI><a href="#[9f]">ipfrag_free_pbuf_custom</a> from ip_frag.o(i.ipfrag_free_pbuf_custom) referenced from ip_frag.o(i.ip_frag)
 <LI><a href="#[8e]">isspace</a> from isspace_o.o(.text) referenced 2 times from scanf_char.o(.text)
 <LI><a href="#[ff]">jpeg_idct_10x10</a> from jidctint.o(i.jpeg_idct_10x10) referenced from jddctmgr.o(i.start_pass)
 <LI><a href="#[109]">jpeg_idct_10x5</a> from jidctint.o(i.jpeg_idct_10x5) referenced from jddctmgr.o(i.start_pass)
 <LI><a href="#[100]">jpeg_idct_11x11</a> from jidctint.o(i.jpeg_idct_11x11) referenced from jddctmgr.o(i.start_pass)
 <LI><a href="#[101]">jpeg_idct_12x12</a> from jidctint.o(i.jpeg_idct_12x12) referenced from jddctmgr.o(i.start_pass)
 <LI><a href="#[108]">jpeg_idct_12x6</a> from jidctint.o(i.jpeg_idct_12x6) referenced from jddctmgr.o(i.start_pass)
 <LI><a href="#[102]">jpeg_idct_13x13</a> from jidctint.o(i.jpeg_idct_13x13) referenced from jddctmgr.o(i.start_pass)
 <LI><a href="#[103]">jpeg_idct_14x14</a> from jidctint.o(i.jpeg_idct_14x14) referenced from jddctmgr.o(i.start_pass)
 <LI><a href="#[107]">jpeg_idct_14x7</a> from jidctint.o(i.jpeg_idct_14x7) referenced from jddctmgr.o(i.start_pass)
 <LI><a href="#[104]">jpeg_idct_15x15</a> from jidctint.o(i.jpeg_idct_15x15) referenced from jddctmgr.o(i.start_pass)
 <LI><a href="#[105]">jpeg_idct_16x16</a> from jidctint.o(i.jpeg_idct_16x16) referenced from jddctmgr.o(i.start_pass)
 <LI><a href="#[106]">jpeg_idct_16x8</a> from jidctint.o(i.jpeg_idct_16x8) referenced from jddctmgr.o(i.start_pass)
 <LI><a href="#[f7]">jpeg_idct_1x1</a> from jidctint.o(i.jpeg_idct_1x1) referenced from jddctmgr.o(i.start_pass)
 <LI><a href="#[115]">jpeg_idct_1x2</a> from jidctint.o(i.jpeg_idct_1x2) referenced from jddctmgr.o(i.start_pass)
 <LI><a href="#[10d]">jpeg_idct_2x1</a> from jidctint.o(i.jpeg_idct_2x1) referenced from jddctmgr.o(i.start_pass)
 <LI><a href="#[f8]">jpeg_idct_2x2</a> from jidctint.o(i.jpeg_idct_2x2) referenced from jddctmgr.o(i.start_pass)
 <LI><a href="#[114]">jpeg_idct_2x4</a> from jidctint.o(i.jpeg_idct_2x4) referenced from jddctmgr.o(i.start_pass)
 <LI><a href="#[f9]">jpeg_idct_3x3</a> from jidctint.o(i.jpeg_idct_3x3) referenced from jddctmgr.o(i.start_pass)
 <LI><a href="#[113]">jpeg_idct_3x6</a> from jidctint.o(i.jpeg_idct_3x6) referenced from jddctmgr.o(i.start_pass)
 <LI><a href="#[10c]">jpeg_idct_4x2</a> from jidctint.o(i.jpeg_idct_4x2) referenced from jddctmgr.o(i.start_pass)
 <LI><a href="#[fa]">jpeg_idct_4x4</a> from jidctint.o(i.jpeg_idct_4x4) referenced from jddctmgr.o(i.start_pass)
 <LI><a href="#[112]">jpeg_idct_4x8</a> from jidctint.o(i.jpeg_idct_4x8) referenced from jddctmgr.o(i.start_pass)
 <LI><a href="#[111]">jpeg_idct_5x10</a> from jidctint.o(i.jpeg_idct_5x10) referenced from jddctmgr.o(i.start_pass)
 <LI><a href="#[fb]">jpeg_idct_5x5</a> from jidctint.o(i.jpeg_idct_5x5) referenced from jddctmgr.o(i.start_pass)
 <LI><a href="#[110]">jpeg_idct_6x12</a> from jidctint.o(i.jpeg_idct_6x12) referenced from jddctmgr.o(i.start_pass)
 <LI><a href="#[10b]">jpeg_idct_6x3</a> from jidctint.o(i.jpeg_idct_6x3) referenced from jddctmgr.o(i.start_pass)
 <LI><a href="#[fc]">jpeg_idct_6x6</a> from jidctint.o(i.jpeg_idct_6x6) referenced from jddctmgr.o(i.start_pass)
 <LI><a href="#[10f]">jpeg_idct_7x14</a> from jidctint.o(i.jpeg_idct_7x14) referenced from jddctmgr.o(i.start_pass)
 <LI><a href="#[fd]">jpeg_idct_7x7</a> from jidctint.o(i.jpeg_idct_7x7) referenced from jddctmgr.o(i.start_pass)
 <LI><a href="#[10e]">jpeg_idct_8x16</a> from jidctint.o(i.jpeg_idct_8x16) referenced from jddctmgr.o(i.start_pass)
 <LI><a href="#[10a]">jpeg_idct_8x4</a> from jidctint.o(i.jpeg_idct_8x4) referenced from jddctmgr.o(i.start_pass)
 <LI><a href="#[fe]">jpeg_idct_9x9</a> from jidctint.o(i.jpeg_idct_9x9) referenced from jddctmgr.o(i.start_pass)
 <LI><a href="#[118]">jpeg_idct_float</a> from jidctflt.o(i.jpeg_idct_float) referenced from jddctmgr.o(i.start_pass)
 <LI><a href="#[117]">jpeg_idct_ifast</a> from jidctfst.o(i.jpeg_idct_ifast) referenced from jddctmgr.o(i.start_pass)
 <LI><a href="#[116]">jpeg_idct_islow</a> from jidctint.o(i.jpeg_idct_islow) referenced from jddctmgr.o(i.start_pass)
 <LI><a href="#[e8]">jpeg_in_func</a> from tjpgd.o(i.jpeg_in_func) referenced from tjpgd.o(i.jpg_decode)
 <LI><a href="#[ea]">jpeg_out_func_fill</a> from tjpgd.o(i.jpeg_out_func_fill) referenced from tjpgd.o(i.jpg_decode)
 <LI><a href="#[e9]">jpeg_out_func_point</a> from tjpgd.o(i.jpeg_out_func_point) referenced from tjpgd.o(i.jpg_decode)
 <LI><a href="#[e1]">jpeg_resync_to_restart</a> from jdmarker.o(i.jpeg_resync_to_restart) referenced from mjpeg.o(i.jpeg_filerw_src_init)
 <LI><a href="#[93]">low_level_output</a> from ethernetif.o(i.low_level_output) referenced from ethernetif.o(i.ethernetif_init)
 <LI><a href="#[88]">main</a> from main.o(i.main) referenced from entry9a.o(.ARM.Collect$$$$0000000B)
 <LI><a href="#[d5]">merged_1v_upsample</a> from jdmerge.o(i.merged_1v_upsample) referenced from jdmerge.o(i.jinit_merged_upsampler)
 <LI><a href="#[d3]">merged_2v_upsample</a> from jdmerge.o(i.merged_2v_upsample) referenced from jdmerge.o(i.jinit_merged_upsampler)
 <LI><a href="#[ee]">my_emit_message</a> from mjpeg.o(i.my_emit_message) referenced from mjpeg.o(i.mjpegdec_decode)
 <LI><a href="#[ed]">my_error_exit</a> from mjpeg.o(i.my_error_exit) referenced from mjpeg.o(i.mjpegdec_decode)
 <LI><a href="#[5]">my_mem_init</a> from malloc.o(i.my_mem_init) referenced 2 times from malloc.o(.data)
 <LI><a href="#[6]">my_mem_perused</a> from malloc.o(i.my_mem_perused) referenced 2 times from malloc.o(.data)
 <LI><a href="#[a3]">new_color_map_1_quant</a> from jquant1.o(i.new_color_map_1_quant) referenced from jquant1.o(i.jinit_1pass_quantizer)
 <LI><a href="#[a5]">new_color_map_2_quant</a> from jquant2.o(i.new_color_map_2_quant) referenced from jquant2.o(i.jinit_2pass_quantizer)
 <LI><a href="#[d9]">noop_upsample</a> from jdsample.o(i.noop_upsample) referenced from jdsample.o(i.jinit_upsampler)
 <LI><a href="#[b1]">null_convert</a> from jdcolor.o(i.null_convert) referenced from jdcolor.o(i.jinit_color_deconverter)
 <LI><a href="#[e5]">output_message</a> from jerror.o(i.output_message) referenced from jerror.o(i.jpeg_std_error)
 <LI><a href="#[120]">pass2_fs_dither</a> from jquant2.o(i.pass2_fs_dither) referenced from jquant2.o(i.start_pass_2_quant)
 <LI><a href="#[121]">pass2_no_dither</a> from jquant2.o(i.pass2_no_dither) referenced from jquant2.o(i.start_pass_2_quant)
 <LI><a href="#[ef]">piclib_draw_hline</a> from piclib.o(i.piclib_draw_hline) referenced from piclib.o(i.piclib_init)
 <LI><a href="#[f0]">piclib_fill_color</a> from piclib.o(i.piclib_fill_color) referenced from piclib.o(i.piclib_init)
 <LI><a href="#[123]">post_process_1pass</a> from jdpostct.o(i.post_process_1pass) referenced from jdpostct.o(i.start_pass_dpost)
 <LI><a href="#[125]">post_process_2pass</a> from jdpostct.o(i.post_process_2pass) referenced from jdpostct.o(i.start_pass_dpost)
 <LI><a href="#[124]">post_process_prepass</a> from jdpostct.o(i.post_process_prepass) referenced from jdpostct.o(i.start_pass_dpost)
 <LI><a href="#[c5]">prepare_for_output_pass</a> from jdmaster.o(i.prepare_for_output_pass) referenced from jdmaster.o(i.jinit_master_decompress)
 <LI><a href="#[11e]">prescan_quantize</a> from jquant2.o(i.prescan_quantize) referenced from jquant2.o(i.start_pass_2_quant)
 <LI><a href="#[12c]">process_data_context_main</a> from jdmainct.o(i.process_data_context_main) referenced from jdmainct.o(i.start_pass_main)
 <LI><a href="#[12e]">process_data_crank_post</a> from jdmainct.o(i.process_data_crank_post) referenced from jdmainct.o(i.start_pass_main)
 <LI><a href="#[12d]">process_data_simple_main</a> from jdmainct.o(i.process_data_simple_main) referenced from jdmainct.o(i.start_pass_main)
 <LI><a href="#[11b]">quantize3_ord_dither</a> from jquant1.o(i.quantize3_ord_dither) referenced from jquant1.o(i.start_pass_1_quant)
 <LI><a href="#[11d]">quantize_fs_dither</a> from jquant1.o(i.quantize_fs_dither) referenced from jquant1.o(i.start_pass_1_quant)
 <LI><a href="#[11c]">quantize_ord_dither</a> from jquant1.o(i.quantize_ord_dither) referenced from jquant1.o(i.start_pass_1_quant)
 <LI><a href="#[c1]">read_markers</a> from jdmarker.o(i.read_markers) referenced from jdmarker.o(i.jinit_marker_reader)
 <LI><a href="#[c2]">read_restart_marker</a> from jdmarker.o(i.read_restart_marker) referenced from jdmarker.o(i.jinit_marker_reader)
 <LI><a href="#[cd]">realize_virt_arrays</a> from jmemmgr.o(i.realize_virt_arrays) referenced from jmemmgr.o(i.jinit_memory_mgr)
 <LI><a href="#[cc]">request_virt_barray</a> from jmemmgr.o(i.request_virt_barray) referenced from jmemmgr.o(i.jinit_memory_mgr)
 <LI><a href="#[cb]">request_virt_sarray</a> from jmemmgr.o(i.request_virt_sarray) referenced from jmemmgr.o(i.jinit_memory_mgr)
 <LI><a href="#[e7]">reset_error_mgr</a> from jerror.o(i.reset_error_mgr) referenced from jerror.o(i.jpeg_std_error)
 <LI><a href="#[bc]">reset_input_controller</a> from jdinput.o(i.reset_input_controller) referenced from jdinput.o(i.jinit_input_controller)
 <LI><a href="#[c0]">reset_marker_reader</a> from jdmarker.o(i.reset_marker_reader) referenced from jdmarker.o(i.jinit_marker_reader)
 <LI><a href="#[ab]">rgb1_gray_convert</a> from jdcolor.o(i.rgb1_gray_convert) referenced from jdcolor.o(i.jinit_color_deconverter)
 <LI><a href="#[af]">rgb1_rgb_convert</a> from jdcolor.o(i.rgb1_rgb_convert) referenced from jdcolor.o(i.jinit_color_deconverter)
 <LI><a href="#[ae]">rgb_convert</a> from jdcolor.o(i.rgb_convert) referenced from jdcolor.o(i.jinit_color_deconverter)
 <LI><a href="#[aa]">rgb_gray_convert</a> from jdcolor.o(i.rgb_gray_convert) referenced from jdcolor.o(i.jinit_color_deconverter)
 <LI><a href="#[d1]">self_destruct</a> from jmemmgr.o(i.self_destruct) referenced from jmemmgr.o(i.jinit_memory_mgr)
 <LI><a href="#[d8]">sep_upsample</a> from jdsample.o(i.sep_upsample) referenced from jdsample.o(i.jinit_upsampler)
 <LI><a href="#[e0]">skip_input_data</a> from mjpeg.o(i.skip_input_data) referenced from mjpeg.o(i.jpeg_filerw_src_init)
 <LI><a href="#[c3]">skip_variable</a> from jdmarker.o(i.skip_variable) referenced from jdmarker.o(i.jinit_marker_reader)
 <LI><a href="#[b2]">start_input_pass</a> from jdcoefct.o(i.start_input_pass) referenced from jdcoefct.o(i.jinit_d_coef_controller)
 <LI><a href="#[bd]">start_input_pass</a> from jdinput.o(i.start_input_pass) referenced from jdinput.o(i.jinit_input_controller)
 <LI><a href="#[b3]">start_output_pass</a> from jdcoefct.o(i.start_output_pass) referenced from jdcoefct.o(i.jinit_d_coef_controller)
 <LI><a href="#[a6]">start_pass</a> from jdarith.o(i.start_pass) referenced from jdarith.o(i.jinit_arith_decoder)
 <LI><a href="#[bf]">start_pass</a> from jddctmgr.o(i.start_pass) referenced from jddctmgr.o(i.jinit_inverse_dct)
 <LI><a href="#[a1]">start_pass_1_quant</a> from jquant1.o(i.start_pass_1_quant) referenced from jquant1.o(i.jinit_1pass_quantizer)
 <LI><a href="#[a4]">start_pass_2_quant</a> from jquant2.o(i.start_pass_2_quant) referenced from jquant2.o(i.jinit_2pass_quantizer)
 <LI><a href="#[a8]">start_pass_dcolor</a> from jdcolor.o(i.start_pass_dcolor) referenced from jdcolor.o(i.jinit_color_deconverter)
 <LI><a href="#[b9]">start_pass_dpost</a> from jdpostct.o(i.start_pass_dpost) referenced from jdpostct.o(i.jinit_d_post_controller)
 <LI><a href="#[ba]">start_pass_huff_decoder</a> from jdhuff.o(i.start_pass_huff_decoder) referenced from jdhuff.o(i.jinit_huff_decoder)
 <LI><a href="#[b8]">start_pass_main</a> from jdmainct.o(i.start_pass_main) referenced from jdmainct.o(i.jinit_d_main_controller)
 <LI><a href="#[d2]">start_pass_merged_upsample</a> from jdmerge.o(i.start_pass_merged_upsample) referenced from jdmerge.o(i.jinit_merged_upsampler)
 <LI><a href="#[d7]">start_pass_upsample</a> from jdsample.o(i.start_pass_upsample) referenced from jdsample.o(i.jinit_upsampler)
 <LI><a href="#[130]">tcp_accept_null</a> from tcp.o(i.tcp_accept_null) referenced from tcp.o(i.tcp_listen_with_backlog)
 <LI><a href="#[12f]">tcp_recv_null</a> from tcp.o(i.tcp_recv_null) referenced from tcp.o(i.tcp_alloc)
 <LI><a href="#[131]">tcpip_tcp_timer</a> from timers.o(i.tcpip_tcp_timer) referenced from timers.o(i.tcp_timer_needed)
 <LI><a href="#[131]">tcpip_tcp_timer</a> from timers.o(i.tcpip_tcp_timer) referenced from timers.o(i.tcpip_tcp_timer)
 <LI><a href="#[e2]">term_source</a> from mjpeg.o(i.term_source) referenced from mjpeg.o(i.jpeg_filerw_src_init)
 <LI><a href="#[133]">wav_i2s_dma_tx_callback</a> from wavplay.o(i.wav_i2s_dma_tx_callback) referenced from wavplay.o(i.wav_play_song)
 <LI><a href="#[ad]">ycc_rgb_convert</a> from jdcolor.o(i.ycc_rgb_convert) referenced from jdcolor.o(i.jinit_color_deconverter)
 <LI><a href="#[b0]">ycck_cmyk_convert</a> from jdcolor.o(i.ycck_cmyk_convert) referenced from jdcolor.o(i.jinit_color_deconverter)
</UL>
<P>
<H3>
Global Symbols
</H3>
<P><STRONG><a name="[8a]"></a>__main</STRONG> (Thumb, 0 bytes, Stack size unknown bytes, entry.o(.ARM.Collect$$$$00000000))
<BR>[Address Reference Count : 1]<UL><LI> startup_stm32f40_41xxx.o(.text)
</UL>
<P><STRONG><a name="[5e8]"></a>_main_stk</STRONG> (Thumb, 0 bytes, Stack size unknown bytes, entry2.o(.ARM.Collect$$$$00000001))

<P><STRONG><a name="[135]"></a>_main_scatterload</STRONG> (Thumb, 0 bytes, Stack size unknown bytes, entry5.o(.ARM.Collect$$$$00000004))
<BR><BR>[Calls]<UL><LI><a href="#[136]">&gt;&gt;</a>&nbsp;&nbsp;&nbsp;__scatterload
</UL>

<P><STRONG><a name="[15c]"></a>__main_after_scatterload</STRONG> (Thumb, 0 bytes, Stack size unknown bytes, entry5.o(.ARM.Collect$$$$00000004))
<BR><BR>[Called By]<UL><LI><a href="#[136]">&gt;&gt;</a>&nbsp;&nbsp;&nbsp;__scatterload
</UL>

<P><STRONG><a name="[5e9]"></a>_main_clock</STRONG> (Thumb, 0 bytes, Stack size unknown bytes, entry7b.o(.ARM.Collect$$$$00000008))

<P><STRONG><a name="[5ea]"></a>_main_cpp_init</STRONG> (Thumb, 0 bytes, Stack size unknown bytes, entry8b.o(.ARM.Collect$$$$0000000A))

<P><STRONG><a name="[5eb]"></a>_main_init</STRONG> (Thumb, 0 bytes, Stack size unknown bytes, entry9a.o(.ARM.Collect$$$$0000000B))

<P><STRONG><a name="[5ec]"></a>__rt_final_cpp</STRONG> (Thumb, 0 bytes, Stack size unknown bytes, entry10a.o(.ARM.Collect$$$$0000000D))

<P><STRONG><a name="[5ed]"></a>__rt_final_exit</STRONG> (Thumb, 0 bytes, Stack size unknown bytes, entry11a.o(.ARM.Collect$$$$0000000F))

<P><STRONG><a name="[2c]"></a>Reset_Handler</STRONG> (Thumb, 8 bytes, Stack size 0 bytes, startup_stm32f40_41xxx.o(.text))
<BR>[Address Reference Count : 1]<UL><LI> startup_stm32f40_41xxx.o(RESET)
</UL>
<P><STRONG><a name="[48]"></a>ADC_IRQHandler</STRONG> (Thumb, 0 bytes, Stack size 0 bytes, startup_stm32f40_41xxx.o(.text))
<BR><BR>[Calls]<UL><LI><a href="#[48]">&gt;&gt;</a>&nbsp;&nbsp;&nbsp;ADC_IRQHandler
</UL>
<BR>[Called By]<UL><LI><a href="#[48]">&gt;&gt;</a>&nbsp;&nbsp;&nbsp;ADC_IRQHandler
</UL>
<BR>[Address Reference Count : 1]<UL><LI> startup_stm32f40_41xxx.o(RESET)
</UL>
<P><STRONG><a name="[4a]"></a>CAN1_RX0_IRQHandler</STRONG> (Thumb, 0 bytes, Stack size 0 bytes, startup_stm32f40_41xxx.o(.text))
<BR>[Address Reference Count : 1]<UL><LI> startup_stm32f40_41xxx.o(RESET)
</UL>
<P><STRONG><a name="[4b]"></a>CAN1_RX1_IRQHandler</STRONG> (Thumb, 0 bytes, Stack size 0 bytes, startup_stm32f40_41xxx.o(.text))
<BR>[Address Reference Count : 1]<UL><LI> startup_stm32f40_41xxx.o(RESET)
</UL>
<P><STRONG><a name="[4c]"></a>CAN1_SCE_IRQHandler</STRONG> (Thumb, 0 bytes, Stack size 0 bytes, startup_stm32f40_41xxx.o(.text))
<BR>[Address Reference Count : 1]<UL><LI> startup_stm32f40_41xxx.o(RESET)
</UL>
<P><STRONG><a name="[49]"></a>CAN1_TX_IRQHandler</STRONG> (Thumb, 0 bytes, Stack size 0 bytes, startup_stm32f40_41xxx.o(.text))
<BR>[Address Reference Count : 1]<UL><LI> startup_stm32f40_41xxx.o(RESET)
</UL>
<P><STRONG><a name="[76]"></a>CAN2_RX0_IRQHandler</STRONG> (Thumb, 0 bytes, Stack size 0 bytes, startup_stm32f40_41xxx.o(.text))
<BR>[Address Reference Count : 1]<UL><LI> startup_stm32f40_41xxx.o(RESET)
</UL>
<P><STRONG><a name="[77]"></a>CAN2_RX1_IRQHandler</STRONG> (Thumb, 0 bytes, Stack size 0 bytes, startup_stm32f40_41xxx.o(.text))
<BR>[Address Reference Count : 1]<UL><LI> startup_stm32f40_41xxx.o(RESET)
</UL>
<P><STRONG><a name="[78]"></a>CAN2_SCE_IRQHandler</STRONG> (Thumb, 0 bytes, Stack size 0 bytes, startup_stm32f40_41xxx.o(.text))
<BR>[Address Reference Count : 1]<UL><LI> startup_stm32f40_41xxx.o(RESET)
</UL>
<P><STRONG><a name="[75]"></a>CAN2_TX_IRQHandler</STRONG> (Thumb, 0 bytes, Stack size 0 bytes, startup_stm32f40_41xxx.o(.text))
<BR>[Address Reference Count : 1]<UL><LI> startup_stm32f40_41xxx.o(RESET)
</UL>
<P><STRONG><a name="[85]"></a>CRYP_IRQHandler</STRONG> (Thumb, 0 bytes, Stack size 0 bytes, startup_stm32f40_41xxx.o(.text))
<BR>[Address Reference Count : 1]<UL><LI> startup_stm32f40_41xxx.o(RESET)
</UL>
<P><STRONG><a name="[41]"></a>DMA1_Stream0_IRQHandler</STRONG> (Thumb, 0 bytes, Stack size 0 bytes, startup_stm32f40_41xxx.o(.text))
<BR>[Address Reference Count : 1]<UL><LI> startup_stm32f40_41xxx.o(RESET)
</UL>
<P><STRONG><a name="[42]"></a>DMA1_Stream1_IRQHandler</STRONG> (Thumb, 0 bytes, Stack size 0 bytes, startup_stm32f40_41xxx.o(.text))
<BR>[Address Reference Count : 1]<UL><LI> startup_stm32f40_41xxx.o(RESET)
</UL>
<P><STRONG><a name="[43]"></a>DMA1_Stream2_IRQHandler</STRONG> (Thumb, 0 bytes, Stack size 0 bytes, startup_stm32f40_41xxx.o(.text))
<BR>[Address Reference Count : 1]<UL><LI> startup_stm32f40_41xxx.o(RESET)
</UL>
<P><STRONG><a name="[44]"></a>DMA1_Stream3_IRQHandler</STRONG> (Thumb, 0 bytes, Stack size 0 bytes, startup_stm32f40_41xxx.o(.text))
<BR>[Address Reference Count : 1]<UL><LI> startup_stm32f40_41xxx.o(RESET)
</UL>
<P><STRONG><a name="[46]"></a>DMA1_Stream5_IRQHandler</STRONG> (Thumb, 0 bytes, Stack size 0 bytes, startup_stm32f40_41xxx.o(.text))
<BR>[Address Reference Count : 1]<UL><LI> startup_stm32f40_41xxx.o(RESET)
</UL>
<P><STRONG><a name="[47]"></a>DMA1_Stream6_IRQHandler</STRONG> (Thumb, 0 bytes, Stack size 0 bytes, startup_stm32f40_41xxx.o(.text))
<BR>[Address Reference Count : 1]<UL><LI> startup_stm32f40_41xxx.o(RESET)
</UL>
<P><STRONG><a name="[65]"></a>DMA1_Stream7_IRQHandler</STRONG> (Thumb, 0 bytes, Stack size 0 bytes, startup_stm32f40_41xxx.o(.text))
<BR>[Address Reference Count : 1]<UL><LI> startup_stm32f40_41xxx.o(RESET)
</UL>
<P><STRONG><a name="[6e]"></a>DMA2_Stream0_IRQHandler</STRONG> (Thumb, 0 bytes, Stack size 0 bytes, startup_stm32f40_41xxx.o(.text))
<BR>[Address Reference Count : 1]<UL><LI> startup_stm32f40_41xxx.o(RESET)
</UL>
<P><STRONG><a name="[70]"></a>DMA2_Stream2_IRQHandler</STRONG> (Thumb, 0 bytes, Stack size 0 bytes, startup_stm32f40_41xxx.o(.text))
<BR>[Address Reference Count : 1]<UL><LI> startup_stm32f40_41xxx.o(RESET)
</UL>
<P><STRONG><a name="[71]"></a>DMA2_Stream3_IRQHandler</STRONG> (Thumb, 0 bytes, Stack size 0 bytes, startup_stm32f40_41xxx.o(.text))
<BR>[Address Reference Count : 1]<UL><LI> startup_stm32f40_41xxx.o(RESET)
</UL>
<P><STRONG><a name="[72]"></a>DMA2_Stream4_IRQHandler</STRONG> (Thumb, 0 bytes, Stack size 0 bytes, startup_stm32f40_41xxx.o(.text))
<BR>[Address Reference Count : 1]<UL><LI> startup_stm32f40_41xxx.o(RESET)
</UL>
<P><STRONG><a name="[7a]"></a>DMA2_Stream5_IRQHandler</STRONG> (Thumb, 0 bytes, Stack size 0 bytes, startup_stm32f40_41xxx.o(.text))
<BR>[Address Reference Count : 1]<UL><LI> startup_stm32f40_41xxx.o(RESET)
</UL>
<P><STRONG><a name="[7b]"></a>DMA2_Stream6_IRQHandler</STRONG> (Thumb, 0 bytes, Stack size 0 bytes, startup_stm32f40_41xxx.o(.text))
<BR>[Address Reference Count : 1]<UL><LI> startup_stm32f40_41xxx.o(RESET)
</UL>
<P><STRONG><a name="[7c]"></a>DMA2_Stream7_IRQHandler</STRONG> (Thumb, 0 bytes, Stack size 0 bytes, startup_stm32f40_41xxx.o(.text))
<BR>[Address Reference Count : 1]<UL><LI> startup_stm32f40_41xxx.o(RESET)
</UL>
<P><STRONG><a name="[74]"></a>ETH_WKUP_IRQHandler</STRONG> (Thumb, 0 bytes, Stack size 0 bytes, startup_stm32f40_41xxx.o(.text))
<BR>[Address Reference Count : 1]<UL><LI> startup_stm32f40_41xxx.o(RESET)
</UL>
<P><STRONG><a name="[3c]"></a>EXTI0_IRQHandler</STRONG> (Thumb, 0 bytes, Stack size 0 bytes, startup_stm32f40_41xxx.o(.text))
<BR>[Address Reference Count : 1]<UL><LI> startup_stm32f40_41xxx.o(RESET)
</UL>
<P><STRONG><a name="[5e]"></a>EXTI15_10_IRQHandler</STRONG> (Thumb, 0 bytes, Stack size 0 bytes, startup_stm32f40_41xxx.o(.text))
<BR>[Address Reference Count : 1]<UL><LI> startup_stm32f40_41xxx.o(RESET)
</UL>
<P><STRONG><a name="[3d]"></a>EXTI1_IRQHandler</STRONG> (Thumb, 0 bytes, Stack size 0 bytes, startup_stm32f40_41xxx.o(.text))
<BR>[Address Reference Count : 1]<UL><LI> startup_stm32f40_41xxx.o(RESET)
</UL>
<P><STRONG><a name="[3e]"></a>EXTI2_IRQHandler</STRONG> (Thumb, 0 bytes, Stack size 0 bytes, startup_stm32f40_41xxx.o(.text))
<BR>[Address Reference Count : 1]<UL><LI> startup_stm32f40_41xxx.o(RESET)
</UL>
<P><STRONG><a name="[3f]"></a>EXTI3_IRQHandler</STRONG> (Thumb, 0 bytes, Stack size 0 bytes, startup_stm32f40_41xxx.o(.text))
<BR>[Address Reference Count : 1]<UL><LI> startup_stm32f40_41xxx.o(RESET)
</UL>
<P><STRONG><a name="[40]"></a>EXTI4_IRQHandler</STRONG> (Thumb, 0 bytes, Stack size 0 bytes, startup_stm32f40_41xxx.o(.text))
<BR>[Address Reference Count : 1]<UL><LI> startup_stm32f40_41xxx.o(RESET)
</UL>
<P><STRONG><a name="[3a]"></a>FLASH_IRQHandler</STRONG> (Thumb, 0 bytes, Stack size 0 bytes, startup_stm32f40_41xxx.o(.text))
<BR>[Address Reference Count : 1]<UL><LI> startup_stm32f40_41xxx.o(RESET)
</UL>
<P><STRONG><a name="[87]"></a>FPU_IRQHandler</STRONG> (Thumb, 0 bytes, Stack size 0 bytes, startup_stm32f40_41xxx.o(.text))
<BR>[Address Reference Count : 1]<UL><LI> startup_stm32f40_41xxx.o(RESET)
</UL>
<P><STRONG><a name="[66]"></a>FSMC_IRQHandler</STRONG> (Thumb, 0 bytes, Stack size 0 bytes, startup_stm32f40_41xxx.o(.text))
<BR>[Address Reference Count : 1]<UL><LI> startup_stm32f40_41xxx.o(RESET)
</UL>
<P><STRONG><a name="[86]"></a>HASH_RNG_IRQHandler</STRONG> (Thumb, 0 bytes, Stack size 0 bytes, startup_stm32f40_41xxx.o(.text))
<BR>[Address Reference Count : 1]<UL><LI> startup_stm32f40_41xxx.o(RESET)
</UL>
<P><STRONG><a name="[56]"></a>I2C1_ER_IRQHandler</STRONG> (Thumb, 0 bytes, Stack size 0 bytes, startup_stm32f40_41xxx.o(.text))
<BR>[Address Reference Count : 1]<UL><LI> startup_stm32f40_41xxx.o(RESET)
</UL>
<P><STRONG><a name="[55]"></a>I2C1_EV_IRQHandler</STRONG> (Thumb, 0 bytes, Stack size 0 bytes, startup_stm32f40_41xxx.o(.text))
<BR>[Address Reference Count : 1]<UL><LI> startup_stm32f40_41xxx.o(RESET)
</UL>
<P><STRONG><a name="[58]"></a>I2C2_ER_IRQHandler</STRONG> (Thumb, 0 bytes, Stack size 0 bytes, startup_stm32f40_41xxx.o(.text))
<BR>[Address Reference Count : 1]<UL><LI> startup_stm32f40_41xxx.o(RESET)
</UL>
<P><STRONG><a name="[57]"></a>I2C2_EV_IRQHandler</STRONG> (Thumb, 0 bytes, Stack size 0 bytes, startup_stm32f40_41xxx.o(.text))
<BR>[Address Reference Count : 1]<UL><LI> startup_stm32f40_41xxx.o(RESET)
</UL>
<P><STRONG><a name="[7f]"></a>I2C3_ER_IRQHandler</STRONG> (Thumb, 0 bytes, Stack size 0 bytes, startup_stm32f40_41xxx.o(.text))
<BR>[Address Reference Count : 1]<UL><LI> startup_stm32f40_41xxx.o(RESET)
</UL>
<P><STRONG><a name="[7e]"></a>I2C3_EV_IRQHandler</STRONG> (Thumb, 0 bytes, Stack size 0 bytes, startup_stm32f40_41xxx.o(.text))
<BR>[Address Reference Count : 1]<UL><LI> startup_stm32f40_41xxx.o(RESET)
</UL>
<P><STRONG><a name="[60]"></a>OTG_FS_WKUP_IRQHandler</STRONG> (Thumb, 0 bytes, Stack size 0 bytes, startup_stm32f40_41xxx.o(.text))
<BR>[Address Reference Count : 1]<UL><LI> startup_stm32f40_41xxx.o(RESET)
</UL>
<P><STRONG><a name="[81]"></a>OTG_HS_EP1_IN_IRQHandler</STRONG> (Thumb, 0 bytes, Stack size 0 bytes, startup_stm32f40_41xxx.o(.text))
<BR>[Address Reference Count : 1]<UL><LI> startup_stm32f40_41xxx.o(RESET)
</UL>
<P><STRONG><a name="[80]"></a>OTG_HS_EP1_OUT_IRQHandler</STRONG> (Thumb, 0 bytes, Stack size 0 bytes, startup_stm32f40_41xxx.o(.text))
<BR>[Address Reference Count : 1]<UL><LI> startup_stm32f40_41xxx.o(RESET)
</UL>
<P><STRONG><a name="[83]"></a>OTG_HS_IRQHandler</STRONG> (Thumb, 0 bytes, Stack size 0 bytes, startup_stm32f40_41xxx.o(.text))
<BR>[Address Reference Count : 1]<UL><LI> startup_stm32f40_41xxx.o(RESET)
</UL>
<P><STRONG><a name="[82]"></a>OTG_HS_WKUP_IRQHandler</STRONG> (Thumb, 0 bytes, Stack size 0 bytes, startup_stm32f40_41xxx.o(.text))
<BR>[Address Reference Count : 1]<UL><LI> startup_stm32f40_41xxx.o(RESET)
</UL>
<P><STRONG><a name="[37]"></a>PVD_IRQHandler</STRONG> (Thumb, 0 bytes, Stack size 0 bytes, startup_stm32f40_41xxx.o(.text))
<BR>[Address Reference Count : 1]<UL><LI> startup_stm32f40_41xxx.o(RESET)
</UL>
<P><STRONG><a name="[3b]"></a>RCC_IRQHandler</STRONG> (Thumb, 0 bytes, Stack size 0 bytes, startup_stm32f40_41xxx.o(.text))
<BR>[Address Reference Count : 1]<UL><LI> startup_stm32f40_41xxx.o(RESET)
</UL>
<P><STRONG><a name="[59]"></a>SPI1_IRQHandler</STRONG> (Thumb, 0 bytes, Stack size 0 bytes, startup_stm32f40_41xxx.o(.text))
<BR>[Address Reference Count : 1]<UL><LI> startup_stm32f40_41xxx.o(RESET)
</UL>
<P><STRONG><a name="[5a]"></a>SPI2_IRQHandler</STRONG> (Thumb, 0 bytes, Stack size 0 bytes, startup_stm32f40_41xxx.o(.text))
<BR>[Address Reference Count : 1]<UL><LI> startup_stm32f40_41xxx.o(RESET)
</UL>
<P><STRONG><a name="[69]"></a>SPI3_IRQHandler</STRONG> (Thumb, 0 bytes, Stack size 0 bytes, startup_stm32f40_41xxx.o(.text))
<BR>[Address Reference Count : 1]<UL><LI> startup_stm32f40_41xxx.o(RESET)
</UL>
<P><STRONG><a name="[38]"></a>TAMP_STAMP_IRQHandler</STRONG> (Thumb, 0 bytes, Stack size 0 bytes, startup_stm32f40_41xxx.o(.text))
<BR>[Address Reference Count : 1]<UL><LI> startup_stm32f40_41xxx.o(RESET)
</UL>
<P><STRONG><a name="[4e]"></a>TIM1_BRK_TIM9_IRQHandler</STRONG> (Thumb, 0 bytes, Stack size 0 bytes, startup_stm32f40_41xxx.o(.text))
<BR>[Address Reference Count : 1]<UL><LI> startup_stm32f40_41xxx.o(RESET)
</UL>
<P><STRONG><a name="[51]"></a>TIM1_CC_IRQHandler</STRONG> (Thumb, 0 bytes, Stack size 0 bytes, startup_stm32f40_41xxx.o(.text))
<BR>[Address Reference Count : 1]<UL><LI> startup_stm32f40_41xxx.o(RESET)
</UL>
<P><STRONG><a name="[50]"></a>TIM1_TRG_COM_TIM11_IRQHandler</STRONG> (Thumb, 0 bytes, Stack size 0 bytes, startup_stm32f40_41xxx.o(.text))
<BR>[Address Reference Count : 1]<UL><LI> startup_stm32f40_41xxx.o(RESET)
</UL>
<P><STRONG><a name="[4f]"></a>TIM1_UP_TIM10_IRQHandler</STRONG> (Thumb, 0 bytes, Stack size 0 bytes, startup_stm32f40_41xxx.o(.text))
<BR>[Address Reference Count : 1]<UL><LI> startup_stm32f40_41xxx.o(RESET)
</UL>
<P><STRONG><a name="[68]"></a>TIM5_IRQHandler</STRONG> (Thumb, 0 bytes, Stack size 0 bytes, startup_stm32f40_41xxx.o(.text))
<BR>[Address Reference Count : 1]<UL><LI> startup_stm32f40_41xxx.o(RESET)
</UL>
<P><STRONG><a name="[6d]"></a>TIM7_IRQHandler</STRONG> (Thumb, 0 bytes, Stack size 0 bytes, startup_stm32f40_41xxx.o(.text))
<BR>[Address Reference Count : 1]<UL><LI> startup_stm32f40_41xxx.o(RESET)
</UL>
<P><STRONG><a name="[61]"></a>TIM8_BRK_TIM12_IRQHandler</STRONG> (Thumb, 0 bytes, Stack size 0 bytes, startup_stm32f40_41xxx.o(.text))
<BR>[Address Reference Count : 1]<UL><LI> startup_stm32f40_41xxx.o(RESET)
</UL>
<P><STRONG><a name="[64]"></a>TIM8_CC_IRQHandler</STRONG> (Thumb, 0 bytes, Stack size 0 bytes, startup_stm32f40_41xxx.o(.text))
<BR>[Address Reference Count : 1]<UL><LI> startup_stm32f40_41xxx.o(RESET)
</UL>
<P><STRONG><a name="[63]"></a>TIM8_TRG_COM_TIM14_IRQHandler</STRONG> (Thumb, 0 bytes, Stack size 0 bytes, startup_stm32f40_41xxx.o(.text))
<BR>[Address Reference Count : 1]<UL><LI> startup_stm32f40_41xxx.o(RESET)
</UL>
<P><STRONG><a name="[62]"></a>TIM8_UP_TIM13_IRQHandler</STRONG> (Thumb, 0 bytes, Stack size 0 bytes, startup_stm32f40_41xxx.o(.text))
<BR>[Address Reference Count : 1]<UL><LI> startup_stm32f40_41xxx.o(RESET)
</UL>
<P><STRONG><a name="[6a]"></a>UART4_IRQHandler</STRONG> (Thumb, 0 bytes, Stack size 0 bytes, startup_stm32f40_41xxx.o(.text))
<BR>[Address Reference Count : 1]<UL><LI> startup_stm32f40_41xxx.o(RESET)
</UL>
<P><STRONG><a name="[6b]"></a>UART5_IRQHandler</STRONG> (Thumb, 0 bytes, Stack size 0 bytes, startup_stm32f40_41xxx.o(.text))
<BR>[Address Reference Count : 1]<UL><LI> startup_stm32f40_41xxx.o(RESET)
</UL>
<P><STRONG><a name="[5d]"></a>USART3_IRQHandler</STRONG> (Thumb, 0 bytes, Stack size 0 bytes, startup_stm32f40_41xxx.o(.text))
<BR>[Address Reference Count : 1]<UL><LI> startup_stm32f40_41xxx.o(RESET)
</UL>
<P><STRONG><a name="[7d]"></a>USART6_IRQHandler</STRONG> (Thumb, 0 bytes, Stack size 0 bytes, startup_stm32f40_41xxx.o(.text))
<BR>[Address Reference Count : 1]<UL><LI> startup_stm32f40_41xxx.o(RESET)
</UL>
<P><STRONG><a name="[36]"></a>WWDG_IRQHandler</STRONG> (Thumb, 0 bytes, Stack size 0 bytes, startup_stm32f40_41xxx.o(.text))
<BR>[Address Reference Count : 1]<UL><LI> startup_stm32f40_41xxx.o(RESET)
</UL>
<P><STRONG><a name="[137]"></a>__aeabi_uldivmod</STRONG> (Thumb, 98 bytes, Stack size 40 bytes, uldiv.o(.text))
<BR><BR>[Stack]<UL><LI>Max Depth = 40<LI>Call Chain = __aeabi_uldivmod
</UL>
<BR>[Calls]<UL><LI><a href="#[138]">&gt;&gt;</a>&nbsp;&nbsp;&nbsp;__aeabi_llsr
<LI><a href="#[139]">&gt;&gt;</a>&nbsp;&nbsp;&nbsp;__aeabi_llsl
</UL>
<BR>[Called By]<UL><LI><a href="#[2f0]">&gt;&gt;</a>&nbsp;&nbsp;&nbsp;f_write
<LI><a href="#[249]">&gt;&gt;</a>&nbsp;&nbsp;&nbsp;f_read
<LI><a href="#[2ef]">&gt;&gt;</a>&nbsp;&nbsp;&nbsp;f_lseek
<LI><a href="#[401]">&gt;&gt;</a>&nbsp;&nbsp;&nbsp;get_fat
<LI><a href="#[3fb]">&gt;&gt;</a>&nbsp;&nbsp;&nbsp;clmt_clust
<LI><a href="#[5e2]">&gt;&gt;</a>&nbsp;&nbsp;&nbsp;video_seek
<LI><a href="#[339]">&gt;&gt;</a>&nbsp;&nbsp;&nbsp;SCSI_ProcessWrite
<LI><a href="#[338]">&gt;&gt;</a>&nbsp;&nbsp;&nbsp;SCSI_ProcessRead
<LI><a href="#[3a4]">&gt;&gt;</a>&nbsp;&nbsp;&nbsp;_printf_core
<LI><a href="#[3c3]">&gt;&gt;</a>&nbsp;&nbsp;&nbsp;_fp_digits
<LI><a href="#[13a]">&gt;&gt;</a>&nbsp;&nbsp;&nbsp;__aeabi_ldivmod
</UL>

<P><STRONG><a name="[13a]"></a>__aeabi_ldivmod</STRONG> (Thumb, 98 bytes, Stack size 24 bytes, ldiv.o(.text))
<BR><BR>[Stack]<UL><LI>Max Depth = 64<LI>Call Chain = __aeabi_ldivmod &rArr; __aeabi_uldivmod
</UL>
<BR>[Calls]<UL><LI><a href="#[137]">&gt;&gt;</a>&nbsp;&nbsp;&nbsp;__aeabi_uldivmod
</UL>
<BR>[Called By]<UL><LI><a href="#[4a7]">&gt;&gt;</a>&nbsp;&nbsp;&nbsp;get_st_biases
<LI><a href="#[42e]">&gt;&gt;</a>&nbsp;&nbsp;&nbsp;disk_ioctl
<LI><a href="#[5e5]">&gt;&gt;</a>&nbsp;&nbsp;&nbsp;wav_get_curtime
<LI><a href="#[48a]">&gt;&gt;</a>&nbsp;&nbsp;&nbsp;gui_num2str
<LI><a href="#[1e]">&gt;&gt;</a>&nbsp;&nbsp;&nbsp;STORAGE_GetCapacity
<LI><a href="#[3f4]">&gt;&gt;</a>&nbsp;&nbsp;&nbsp;gui_show_num
</UL>

<P><STRONG><a name="[34f]"></a>__aeabi_memcpy</STRONG> (Thumb, 36 bytes, Stack size 0 bytes, memcpya.o(.text))
<BR><BR>[Called By]<UL><LI><a href="#[352]">&gt;&gt;</a>&nbsp;&nbsp;&nbsp;SD_WriteDisk
<LI><a href="#[34e]">&gt;&gt;</a>&nbsp;&nbsp;&nbsp;SD_ReadDisk
<LI><a href="#[4b8]">&gt;&gt;</a>&nbsp;&nbsp;&nbsp;jcopy_sample_rows
<LI><a href="#[41a]">&gt;&gt;</a>&nbsp;&nbsp;&nbsp;jcopy_block_row
<LI><a href="#[49a]">&gt;&gt;</a>&nbsp;&nbsp;&nbsp;get_dht
<LI><a href="#[539]">&gt;&gt;</a>&nbsp;&nbsp;&nbsp;latch_quant_tables
<LI><a href="#[555]">&gt;&gt;</a>&nbsp;&nbsp;&nbsp;prepare_range_limit_table
<LI><a href="#[4e1]">&gt;&gt;</a>&nbsp;&nbsp;&nbsp;tcp_write
<LI><a href="#[4d5]">&gt;&gt;</a>&nbsp;&nbsp;&nbsp;pbuf_copy_partial
<LI><a href="#[4a8]">&gt;&gt;</a>&nbsp;&nbsp;&nbsp;get_tag_insert
<LI><a href="#[498]">&gt;&gt;</a>&nbsp;&nbsp;&nbsp;fs_read
<LI><a href="#[506]">&gt;&gt;</a>&nbsp;&nbsp;&nbsp;ip_reass_free_complete_datagram
<LI><a href="#[503]">&gt;&gt;</a>&nbsp;&nbsp;&nbsp;ip_reass_enqueue_new_datagram
<LI><a href="#[4fd]">&gt;&gt;</a>&nbsp;&nbsp;&nbsp;ip_reass
<LI><a href="#[4f5]">&gt;&gt;</a>&nbsp;&nbsp;&nbsp;ip_frag
<LI><a href="#[4ea]">&gt;&gt;</a>&nbsp;&nbsp;&nbsp;icmp_send_response
<LI><a href="#[93]">&gt;&gt;</a>&nbsp;&nbsp;&nbsp;low_level_output
<LI><a href="#[465]">&gt;&gt;</a>&nbsp;&nbsp;&nbsp;low_level_input
<LI><a href="#[45e]">&gt;&gt;</a>&nbsp;&nbsp;&nbsp;pbuf_copy
</UL>

<P><STRONG><a name="[417]"></a>__aeabi_memcpy4</STRONG> (Thumb, 0 bytes, Stack size 0 bytes, memcpya.o(.text))
<BR><BR>[Called By]<UL><LI><a href="#[12a]">&gt;&gt;</a>&nbsp;&nbsp;&nbsp;decode_mcu_sub
<LI><a href="#[126]">&gt;&gt;</a>&nbsp;&nbsp;&nbsp;decode_mcu_DC_first
<LI><a href="#[12b]">&gt;&gt;</a>&nbsp;&nbsp;&nbsp;decode_mcu
<LI><a href="#[4a8]">&gt;&gt;</a>&nbsp;&nbsp;&nbsp;get_tag_insert
</UL>

<P><STRONG><a name="[5ee]"></a>__aeabi_memcpy8</STRONG> (Thumb, 0 bytes, Stack size 0 bytes, memcpya.o(.text), UNUSED)

<P><STRONG><a name="[13c]"></a>__aeabi_memset</STRONG> (Thumb, 14 bytes, Stack size 0 bytes, memseta.o(.text))
<BR><BR>[Called By]<UL><LI><a href="#[43e]">&gt;&gt;</a>&nbsp;&nbsp;&nbsp;dmp_enable_lp_quat
<LI><a href="#[431]">&gt;&gt;</a>&nbsp;&nbsp;&nbsp;dmp_enable_6x_lp_quat
<LI><a href="#[13d]">&gt;&gt;</a>&nbsp;&nbsp;&nbsp;_memset$wrapper
<LI><a href="#[13b]">&gt;&gt;</a>&nbsp;&nbsp;&nbsp;__aeabi_memclr
</UL>

<P><STRONG><a name="[5ef]"></a>__aeabi_memset4</STRONG> (Thumb, 0 bytes, Stack size 0 bytes, memseta.o(.text), UNUSED)

<P><STRONG><a name="[5f0]"></a>__aeabi_memset8</STRONG> (Thumb, 0 bytes, Stack size 0 bytes, memseta.o(.text), UNUSED)

<P><STRONG><a name="[13b]"></a>__aeabi_memclr</STRONG> (Thumb, 4 bytes, Stack size 0 bytes, memseta.o(.text))
<BR><BR>[Calls]<UL><LI><a href="#[13c]">&gt;&gt;</a>&nbsp;&nbsp;&nbsp;__aeabi_memset
</UL>
<BR>[Called By]<UL><LI><a href="#[2fd]">&gt;&gt;</a>&nbsp;&nbsp;&nbsp;Qrcode_APP_Test
<LI><a href="#[2cc]">&gt;&gt;</a>&nbsp;&nbsp;&nbsp;Music_APP_Test
<LI><a href="#[ce]">&gt;&gt;</a>&nbsp;&nbsp;&nbsp;access_virt_sarray
<LI><a href="#[cf]">&gt;&gt;</a>&nbsp;&nbsp;&nbsp;access_virt_barray
<LI><a href="#[300]">&gt;&gt;</a>&nbsp;&nbsp;&nbsp;video_play_mjpeg
<LI><a href="#[a1]">&gt;&gt;</a>&nbsp;&nbsp;&nbsp;start_pass_1_quant
<LI><a href="#[11c]">&gt;&gt;</a>&nbsp;&nbsp;&nbsp;quantize_ord_dither
<LI><a href="#[11d]">&gt;&gt;</a>&nbsp;&nbsp;&nbsp;quantize_fs_dither
<LI><a href="#[3f2]">&gt;&gt;</a>&nbsp;&nbsp;&nbsp;build_bg_ycc_rgb_table
<LI><a href="#[b7]">&gt;&gt;</a>&nbsp;&nbsp;&nbsp;decompress_onepass
<LI><a href="#[519]">&gt;&gt;</a>&nbsp;&nbsp;&nbsp;jinit_inverse_dct
<LI><a href="#[514]">&gt;&gt;</a>&nbsp;&nbsp;&nbsp;jinit_d_coef_controller
<LI><a href="#[555]">&gt;&gt;</a>&nbsp;&nbsp;&nbsp;prepare_range_limit_table
<LI><a href="#[a6]">&gt;&gt;</a>&nbsp;&nbsp;&nbsp;start_pass
<LI><a href="#[415]">&gt;&gt;</a>&nbsp;&nbsp;&nbsp;process_restart
<LI><a href="#[a4]">&gt;&gt;</a>&nbsp;&nbsp;&nbsp;start_pass_2_quant
</UL>

<P><STRONG><a name="[49b]"></a>__aeabi_memclr4</STRONG> (Thumb, 0 bytes, Stack size 0 bytes, memseta.o(.text))
<BR><BR>[Called By]<UL><LI><a href="#[523]">&gt;&gt;</a>&nbsp;&nbsp;&nbsp;jpeg_CreateDecompress
<LI><a href="#[530]">&gt;&gt;</a>&nbsp;&nbsp;&nbsp;jpeg_make_d_derived_tbl
<LI><a href="#[49a]">&gt;&gt;</a>&nbsp;&nbsp;&nbsp;get_dht
<LI><a href="#[4c6]">&gt;&gt;</a>&nbsp;&nbsp;&nbsp;http_state_alloc
<LI><a href="#[503]">&gt;&gt;</a>&nbsp;&nbsp;&nbsp;ip_reass_enqueue_new_datagram
<LI><a href="#[5be]">&gt;&gt;</a>&nbsp;&nbsp;&nbsp;tcp_alloc
</UL>

<P><STRONG><a name="[5f1]"></a>__aeabi_memclr8</STRONG> (Thumb, 0 bytes, Stack size 0 bytes, memseta.o(.text), UNUSED)

<P><STRONG><a name="[13d]"></a>_memset$wrapper</STRONG> (Thumb, 18 bytes, Stack size 8 bytes, memseta.o(.text), UNUSED)
<BR><BR>[Calls]<UL><LI><a href="#[13c]">&gt;&gt;</a>&nbsp;&nbsp;&nbsp;__aeabi_memset
</UL>

<P><STRONG><a name="[1c0]"></a>strcat</STRONG> (Thumb, 24 bytes, Stack size 0 bytes, strcat.o(.text))
<BR><BR>[Called By]<UL><LI><a href="#[28d]">&gt;&gt;</a>&nbsp;&nbsp;&nbsp;update_font
<LI><a href="#[1a8]">&gt;&gt;</a>&nbsp;&nbsp;&nbsp;Camera_APP_Test
<LI><a href="#[5b9]">&gt;&gt;</a>&nbsp;&nbsp;&nbsp;t9_sign_process
<LI><a href="#[5b3]">&gt;&gt;</a>&nbsp;&nbsp;&nbsp;t9_pinyin_process
<LI><a href="#[246]">&gt;&gt;</a>&nbsp;&nbsp;&nbsp;gui_path_name
<LI><a href="#[485]">&gt;&gt;</a>&nbsp;&nbsp;&nbsp;filelistbox_show_info
<LI><a href="#[2ee]">&gt;&gt;</a>&nbsp;&nbsp;&nbsp;memo_add_text
</UL>

<P><STRONG><a name="[48c]"></a>strstr</STRONG> (Thumb, 36 bytes, Stack size 12 bytes, strstr.o(.text))
<BR><BR>[Stack]<UL><LI>Max Depth = 12<LI>Call Chain = strstr
</UL>
<BR>[Called By]<UL><LI><a href="#[4cf]">&gt;&gt;</a>&nbsp;&nbsp;&nbsp;http_find_file
<LI><a href="#[487]">&gt;&gt;</a>&nbsp;&nbsp;&nbsp;filelistbox_show_path
</UL>

<P><STRONG><a name="[4a3]"></a>strncpy</STRONG> (Thumb, 24 bytes, Stack size 8 bytes, strncpy.o(.text))
<BR><BR>[Stack]<UL><LI>Max Depth = 8<LI>Call Chain = strncpy
</UL>
<BR>[Called By]<UL><LI><a href="#[4a6]">&gt;&gt;</a>&nbsp;&nbsp;&nbsp;get_sos
<LI><a href="#[4a2]">&gt;&gt;</a>&nbsp;&nbsp;&nbsp;get_lse
</UL>

<P><STRONG><a name="[467]"></a>strchr</STRONG> (Thumb, 20 bytes, Stack size 0 bytes, strchr.o(.text))
<BR><BR>[Called By]<UL><LI><a href="#[4cf]">&gt;&gt;</a>&nbsp;&nbsp;&nbsp;http_find_file
<LI><a href="#[466]">&gt;&gt;</a>&nbsp;&nbsp;&nbsp;extract_uri_parameters
</UL>

<P><STRONG><a name="[245]"></a>strlen</STRONG> (Thumb, 14 bytes, Stack size 0 bytes, strlen.o(.text))
<BR><BR>[Called By]<UL><LI><a href="#[2fd]">&gt;&gt;</a>&nbsp;&nbsp;&nbsp;Qrcode_APP_Test
<LI><a href="#[2f9]">&gt;&gt;</a>&nbsp;&nbsp;&nbsp;Picture_APP_Test
<LI><a href="#[2e7]">&gt;&gt;</a>&nbsp;&nbsp;&nbsp;Notepad_APP_Test
<LI><a href="#[2cc]">&gt;&gt;</a>&nbsp;&nbsp;&nbsp;Music_APP_Test
<LI><a href="#[239]">&gt;&gt;</a>&nbsp;&nbsp;&nbsp;Ebook_APP_Test
<LI><a href="#[5b7]">&gt;&gt;</a>&nbsp;&nbsp;&nbsp;t9_vbtn_process
<LI><a href="#[5ab]">&gt;&gt;</a>&nbsp;&nbsp;&nbsp;t9_process
<LI><a href="#[5b3]">&gt;&gt;</a>&nbsp;&nbsp;&nbsp;t9_pinyin_process
<LI><a href="#[4d2]">&gt;&gt;</a>&nbsp;&nbsp;&nbsp;strnstr
<LI><a href="#[4a8]">&gt;&gt;</a>&nbsp;&nbsp;&nbsp;get_tag_insert
<LI><a href="#[487]">&gt;&gt;</a>&nbsp;&nbsp;&nbsp;filelistbox_show_path
<LI><a href="#[480]">&gt;&gt;</a>&nbsp;&nbsp;&nbsp;filelistbox_draw_list
<LI><a href="#[482]">&gt;&gt;</a>&nbsp;&nbsp;&nbsp;filelistbox_check_filelist
<LI><a href="#[23f]">&gt;&gt;</a>&nbsp;&nbsp;&nbsp;filelistbox_check
<LI><a href="#[47d]">&gt;&gt;</a>&nbsp;&nbsp;&nbsp;filelistbox_addlist
<LI><a href="#[23b]">&gt;&gt;</a>&nbsp;&nbsp;&nbsp;filelistbox_add_disk
<LI><a href="#[26c]">&gt;&gt;</a>&nbsp;&nbsp;&nbsp;gui_show_strmid
<LI><a href="#[1a9]">&gt;&gt;</a>&nbsp;&nbsp;&nbsp;window_msg_box
<LI><a href="#[2ee]">&gt;&gt;</a>&nbsp;&nbsp;&nbsp;memo_add_text
<LI><a href="#[2d0]">&gt;&gt;</a>&nbsp;&nbsp;&nbsp;audio_filelist
<LI><a href="#[2fe]">&gt;&gt;</a>&nbsp;&nbsp;&nbsp;video_filelist
<LI><a href="#[19f]">&gt;&gt;</a>&nbsp;&nbsp;&nbsp;calc_show_inbuf
<LI><a href="#[19d]">&gt;&gt;</a>&nbsp;&nbsp;&nbsp;calc_fmt_show
</UL>

<P><STRONG><a name="[2b2]"></a>strcmp</STRONG> (Thumb, 28 bytes, Stack size 8 bytes, strcmp.o(.text))
<BR><BR>[Stack]<UL><LI>Max Depth = 8<LI>Call Chain = strcmp
</UL>
<BR>[Called By]<UL><LI><a href="#[2d3]">&gt;&gt;</a>&nbsp;&nbsp;&nbsp;f_typetell
<LI><a href="#[4cf]">&gt;&gt;</a>&nbsp;&nbsp;&nbsp;http_find_file
<LI><a href="#[4a8]">&gt;&gt;</a>&nbsp;&nbsp;&nbsp;get_tag_insert
<LI><a href="#[496]">&gt;&gt;</a>&nbsp;&nbsp;&nbsp;fs_open
<LI><a href="#[134]">&gt;&gt;</a>&nbsp;&nbsp;&nbsp;LEDS_CGI_Handler
<LI><a href="#[482]">&gt;&gt;</a>&nbsp;&nbsp;&nbsp;filelistbox_check_filelist
</UL>

<P><STRONG><a name="[461]"></a>memcmp</STRONG> (Thumb, 26 bytes, Stack size 12 bytes, memcmp.o(.text))
<BR><BR>[Stack]<UL><LI>Max Depth = 12<LI>Call Chain = memcmp
</UL>
<BR>[Called By]<UL><LI><a href="#[440]">&gt;&gt;</a>&nbsp;&nbsp;&nbsp;mpu_load_firmware
<LI><a href="#[eb]">&gt;&gt;</a>&nbsp;&nbsp;&nbsp;ethernet_input
</UL>

<P><STRONG><a name="[1bf]"></a>strcpy</STRONG> (Thumb, 18 bytes, Stack size 0 bytes, strcpy.o(.text))
<BR><BR>[Called By]<UL><LI><a href="#[28d]">&gt;&gt;</a>&nbsp;&nbsp;&nbsp;update_font
<LI><a href="#[2b3]">&gt;&gt;</a>&nbsp;&nbsp;&nbsp;LED_APP_Test
<LI><a href="#[1a8]">&gt;&gt;</a>&nbsp;&nbsp;&nbsp;Camera_APP_Test
<LI><a href="#[2d3]">&gt;&gt;</a>&nbsp;&nbsp;&nbsp;f_typetell
<LI><a href="#[5b1]">&gt;&gt;</a>&nbsp;&nbsp;&nbsp;t9_hbtn_process
<LI><a href="#[246]">&gt;&gt;</a>&nbsp;&nbsp;&nbsp;gui_path_name
<LI><a href="#[485]">&gt;&gt;</a>&nbsp;&nbsp;&nbsp;filelistbox_show_info
<LI><a href="#[482]">&gt;&gt;</a>&nbsp;&nbsp;&nbsp;filelistbox_check_filelist
<LI><a href="#[47d]">&gt;&gt;</a>&nbsp;&nbsp;&nbsp;filelistbox_addlist
<LI><a href="#[2ee]">&gt;&gt;</a>&nbsp;&nbsp;&nbsp;memo_add_text
<LI><a href="#[2d0]">&gt;&gt;</a>&nbsp;&nbsp;&nbsp;audio_filelist
<LI><a href="#[2fe]">&gt;&gt;</a>&nbsp;&nbsp;&nbsp;video_filelist
<LI><a href="#[1a6]">&gt;&gt;</a>&nbsp;&nbsp;&nbsp;calc_show_res
</UL>

<P><STRONG><a name="[4d6]"></a>strncmp</STRONG> (Thumb, 30 bytes, Stack size 12 bytes, strncmp.o(.text))
<BR><BR>[Stack]<UL><LI>Max Depth = 12<LI>Call Chain = strncmp
</UL>
<BR>[Called By]<UL><LI><a href="#[4d2]">&gt;&gt;</a>&nbsp;&nbsp;&nbsp;strnstr
<LI><a href="#[4d3]">&gt;&gt;</a>&nbsp;&nbsp;&nbsp;http_parse_request
</UL>

<P><STRONG><a name="[13e]"></a>__0sscanf</STRONG> (Thumb, 48 bytes, Stack size 72 bytes, __0sscanf.o(.text))
<BR><BR>[Stack]<UL><LI>Max Depth = 264<LI>Call Chain = __0sscanf &rArr; __vfscanf_char &rArr; __vfscanf &rArr; _scanf_real
</UL>
<BR>[Calls]<UL><LI><a href="#[13f]">&gt;&gt;</a>&nbsp;&nbsp;&nbsp;__vfscanf_char
</UL>
<BR>[Called By]<UL><LI><a href="#[51d]">&gt;&gt;</a>&nbsp;&nbsp;&nbsp;jinit_memory_mgr
</UL>

<P><STRONG><a name="[140]"></a>_scanf_int</STRONG> (Thumb, 332 bytes, Stack size 56 bytes, _scanf_int.o(.text))
<BR><BR>[Stack]<UL><LI>Max Depth = 56<LI>Call Chain = _scanf_int
</UL>
<BR>[Calls]<UL><LI><a href="#[141]">&gt;&gt;</a>&nbsp;&nbsp;&nbsp;_chval
</UL>
<BR>[Called By]<UL><LI><a href="#[154]">&gt;&gt;</a>&nbsp;&nbsp;&nbsp;__vfscanf
</UL>

<P><STRONG><a name="[15d]"></a>_scanf_string</STRONG> (Thumb, 224 bytes, Stack size 56 bytes, _scanf_str.o(.text))
<BR><BR>[Stack]<UL><LI>Max Depth = 56<LI>Call Chain = _scanf_string
</UL>
<BR>[Called By]<UL><LI><a href="#[154]">&gt;&gt;</a>&nbsp;&nbsp;&nbsp;__vfscanf
</UL>

<P><STRONG><a name="[142]"></a>atoi</STRONG> (Thumb, 26 bytes, Stack size 16 bytes, atoi.o(.text))
<BR><BR>[Stack]<UL><LI>Max Depth = 88<LI>Call Chain = atoi &rArr; strtol &rArr; _strtoul
</UL>
<BR>[Calls]<UL><LI><a href="#[144]">&gt;&gt;</a>&nbsp;&nbsp;&nbsp;strtol
<LI><a href="#[143]">&gt;&gt;</a>&nbsp;&nbsp;&nbsp;__aeabi_errno_addr
</UL>
<BR>[Called By]<UL><LI><a href="#[189]">&gt;&gt;</a>&nbsp;&nbsp;&nbsp;CAN_Test
</UL>

<P><STRONG><a name="[145]"></a>__aeabi_dadd</STRONG> (Thumb, 322 bytes, Stack size 48 bytes, dadd.o(.text))
<BR><BR>[Stack]<UL><LI>Max Depth = 88<LI>Call Chain = __aeabi_dadd &rArr; _double_epilogue &rArr; _double_round
</UL>
<BR>[Calls]<UL><LI><a href="#[148]">&gt;&gt;</a>&nbsp;&nbsp;&nbsp;_double_round
<LI><a href="#[147]">&gt;&gt;</a>&nbsp;&nbsp;&nbsp;_double_epilogue
<LI><a href="#[146]">&gt;&gt;</a>&nbsp;&nbsp;&nbsp;__aeabi_lasr
<LI><a href="#[139]">&gt;&gt;</a>&nbsp;&nbsp;&nbsp;__aeabi_llsl
</UL>
<BR>[Called By]<UL><LI><a href="#[19b]">&gt;&gt;</a>&nbsp;&nbsp;&nbsp;Calculator_APP_Test
<LI><a href="#[149]">&gt;&gt;</a>&nbsp;&nbsp;&nbsp;__aeabi_dsub
<LI><a href="#[265]">&gt;&gt;</a>&nbsp;&nbsp;&nbsp;Get_Temperture
<LI><a href="#[3a6]">&gt;&gt;</a>&nbsp;&nbsp;&nbsp;__hardfp_asin
<LI><a href="#[4c3]">&gt;&gt;</a>&nbsp;&nbsp;&nbsp;gyro_circle_show
<LI><a href="#[26b]">&gt;&gt;</a>&nbsp;&nbsp;&nbsp;gyro_circle_panel
<LI><a href="#[1a0]">&gt;&gt;</a>&nbsp;&nbsp;&nbsp;calc_exe
<LI><a href="#[30e]">&gt;&gt;</a>&nbsp;&nbsp;&nbsp;calendar_circle_clock_showtime
<LI><a href="#[30d]">&gt;&gt;</a>&nbsp;&nbsp;&nbsp;calendar_circle_clock_drawpanel
<LI><a href="#[3c3]">&gt;&gt;</a>&nbsp;&nbsp;&nbsp;_fp_digits
<LI><a href="#[3bd]">&gt;&gt;</a>&nbsp;&nbsp;&nbsp;__hardfp_pow
<LI><a href="#[3bb]">&gt;&gt;</a>&nbsp;&nbsp;&nbsp;__hardfp_log10
<LI><a href="#[3b8]">&gt;&gt;</a>&nbsp;&nbsp;&nbsp;__hardfp_log
<LI><a href="#[14a]">&gt;&gt;</a>&nbsp;&nbsp;&nbsp;__aeabi_drsub
<LI><a href="#[3c2]">&gt;&gt;</a>&nbsp;&nbsp;&nbsp;__kernel_tan
<LI><a href="#[3b6]">&gt;&gt;</a>&nbsp;&nbsp;&nbsp;__kernel_sin
<LI><a href="#[3b5]">&gt;&gt;</a>&nbsp;&nbsp;&nbsp;__ieee754_rem_pio2
<LI><a href="#[3ac]">&gt;&gt;</a>&nbsp;&nbsp;&nbsp;__kernel_poly
<LI><a href="#[3b1]">&gt;&gt;</a>&nbsp;&nbsp;&nbsp;__mathlib_dbl_infnan2
<LI><a href="#[3a7]">&gt;&gt;</a>&nbsp;&nbsp;&nbsp;__mathlib_dbl_infnan
<LI><a href="#[3af]">&gt;&gt;</a>&nbsp;&nbsp;&nbsp;__hardfp_atan
</UL>

<P><STRONG><a name="[149]"></a>__aeabi_dsub</STRONG> (Thumb, 6 bytes, Stack size 0 bytes, dadd.o(.text))
<BR><BR>[Stack]<UL><LI>Max Depth = 88<LI>Call Chain = __aeabi_dsub &rArr; __aeabi_dadd &rArr; _double_epilogue &rArr; _double_round
</UL>
<BR>[Calls]<UL><LI><a href="#[145]">&gt;&gt;</a>&nbsp;&nbsp;&nbsp;__aeabi_dadd
</UL>
<BR>[Called By]<UL><LI><a href="#[19b]">&gt;&gt;</a>&nbsp;&nbsp;&nbsp;Calculator_APP_Test
<LI><a href="#[265]">&gt;&gt;</a>&nbsp;&nbsp;&nbsp;Get_Temperture
<LI><a href="#[3a6]">&gt;&gt;</a>&nbsp;&nbsp;&nbsp;__hardfp_asin
<LI><a href="#[4c3]">&gt;&gt;</a>&nbsp;&nbsp;&nbsp;gyro_circle_show
<LI><a href="#[26b]">&gt;&gt;</a>&nbsp;&nbsp;&nbsp;gyro_circle_panel
<LI><a href="#[1a0]">&gt;&gt;</a>&nbsp;&nbsp;&nbsp;calc_exe
<LI><a href="#[30e]">&gt;&gt;</a>&nbsp;&nbsp;&nbsp;calendar_circle_clock_showtime
<LI><a href="#[30d]">&gt;&gt;</a>&nbsp;&nbsp;&nbsp;calendar_circle_clock_drawpanel
<LI><a href="#[3bd]">&gt;&gt;</a>&nbsp;&nbsp;&nbsp;__hardfp_pow
<LI><a href="#[3b8]">&gt;&gt;</a>&nbsp;&nbsp;&nbsp;__hardfp_log
<LI><a href="#[3b0]">&gt;&gt;</a>&nbsp;&nbsp;&nbsp;__hardfp_atan2
<LI><a href="#[3c2]">&gt;&gt;</a>&nbsp;&nbsp;&nbsp;__kernel_tan
<LI><a href="#[3b6]">&gt;&gt;</a>&nbsp;&nbsp;&nbsp;__kernel_sin
<LI><a href="#[3b5]">&gt;&gt;</a>&nbsp;&nbsp;&nbsp;__ieee754_rem_pio2
<LI><a href="#[3b7]">&gt;&gt;</a>&nbsp;&nbsp;&nbsp;__kernel_cos
<LI><a href="#[3af]">&gt;&gt;</a>&nbsp;&nbsp;&nbsp;__hardfp_atan
</UL>

<P><STRONG><a name="[14a]"></a>__aeabi_drsub</STRONG> (Thumb, 6 bytes, Stack size 0 bytes, dadd.o(.text))
<BR><BR>[Stack]<UL><LI>Max Depth = 88<LI>Call Chain = __aeabi_drsub &rArr; __aeabi_dadd &rArr; _double_epilogue &rArr; _double_round
</UL>
<BR>[Calls]<UL><LI><a href="#[145]">&gt;&gt;</a>&nbsp;&nbsp;&nbsp;__aeabi_dadd
</UL>
<BR>[Called By]<UL><LI><a href="#[3a6]">&gt;&gt;</a>&nbsp;&nbsp;&nbsp;__hardfp_asin
<LI><a href="#[3bd]">&gt;&gt;</a>&nbsp;&nbsp;&nbsp;__hardfp_pow
<LI><a href="#[3b8]">&gt;&gt;</a>&nbsp;&nbsp;&nbsp;__hardfp_log
<LI><a href="#[3b0]">&gt;&gt;</a>&nbsp;&nbsp;&nbsp;__hardfp_atan2
<LI><a href="#[3c2]">&gt;&gt;</a>&nbsp;&nbsp;&nbsp;__kernel_tan
<LI><a href="#[3b6]">&gt;&gt;</a>&nbsp;&nbsp;&nbsp;__kernel_sin
<LI><a href="#[3b5]">&gt;&gt;</a>&nbsp;&nbsp;&nbsp;__ieee754_rem_pio2
<LI><a href="#[3b7]">&gt;&gt;</a>&nbsp;&nbsp;&nbsp;__kernel_cos
<LI><a href="#[3af]">&gt;&gt;</a>&nbsp;&nbsp;&nbsp;__hardfp_atan
</UL>

<P><STRONG><a name="[14b]"></a>__aeabi_dmul</STRONG> (Thumb, 228 bytes, Stack size 48 bytes, dmul.o(.text))
<BR><BR>[Stack]<UL><LI>Max Depth = 88<LI>Call Chain = __aeabi_dmul &rArr; _double_epilogue &rArr; _double_round
</UL>
<BR>[Calls]<UL><LI><a href="#[147]">&gt;&gt;</a>&nbsp;&nbsp;&nbsp;_double_epilogue
</UL>
<BR>[Called By]<UL><LI><a href="#[4]">&gt;&gt;</a>&nbsp;&nbsp;&nbsp;TP_Adjust
<LI><a href="#[19b]">&gt;&gt;</a>&nbsp;&nbsp;&nbsp;Calculator_APP_Test
<LI><a href="#[205]">&gt;&gt;</a>&nbsp;&nbsp;&nbsp;DS18B20_GetTemperture
<LI><a href="#[265]">&gt;&gt;</a>&nbsp;&nbsp;&nbsp;Get_Temperture
<LI><a href="#[270]">&gt;&gt;</a>&nbsp;&nbsp;&nbsp;mpu_dmp_get_data
<LI><a href="#[5e1]">&gt;&gt;</a>&nbsp;&nbsp;&nbsp;video_time_show
<LI><a href="#[bf]">&gt;&gt;</a>&nbsp;&nbsp;&nbsp;start_pass
<LI><a href="#[3a6]">&gt;&gt;</a>&nbsp;&nbsp;&nbsp;__hardfp_asin
<LI><a href="#[4c3]">&gt;&gt;</a>&nbsp;&nbsp;&nbsp;gyro_circle_show
<LI><a href="#[26b]">&gt;&gt;</a>&nbsp;&nbsp;&nbsp;gyro_circle_panel
<LI><a href="#[1a0]">&gt;&gt;</a>&nbsp;&nbsp;&nbsp;calc_exe
<LI><a href="#[30e]">&gt;&gt;</a>&nbsp;&nbsp;&nbsp;calendar_circle_clock_showtime
<LI><a href="#[30d]">&gt;&gt;</a>&nbsp;&nbsp;&nbsp;calendar_circle_clock_drawpanel
<LI><a href="#[3c3]">&gt;&gt;</a>&nbsp;&nbsp;&nbsp;_fp_digits
<LI><a href="#[3bd]">&gt;&gt;</a>&nbsp;&nbsp;&nbsp;__hardfp_pow
<LI><a href="#[3bb]">&gt;&gt;</a>&nbsp;&nbsp;&nbsp;__hardfp_log10
<LI><a href="#[3b8]">&gt;&gt;</a>&nbsp;&nbsp;&nbsp;__hardfp_log
<LI><a href="#[15e]">&gt;&gt;</a>&nbsp;&nbsp;&nbsp;_fp_value
<LI><a href="#[3c2]">&gt;&gt;</a>&nbsp;&nbsp;&nbsp;__kernel_tan
<LI><a href="#[3b6]">&gt;&gt;</a>&nbsp;&nbsp;&nbsp;__kernel_sin
<LI><a href="#[3b5]">&gt;&gt;</a>&nbsp;&nbsp;&nbsp;__ieee754_rem_pio2
<LI><a href="#[3ac]">&gt;&gt;</a>&nbsp;&nbsp;&nbsp;__kernel_poly
<LI><a href="#[3ab]">&gt;&gt;</a>&nbsp;&nbsp;&nbsp;__mathlib_dbl_underflow
<LI><a href="#[3be]">&gt;&gt;</a>&nbsp;&nbsp;&nbsp;__mathlib_dbl_overflow
<LI><a href="#[3b7]">&gt;&gt;</a>&nbsp;&nbsp;&nbsp;__kernel_cos
<LI><a href="#[3af]">&gt;&gt;</a>&nbsp;&nbsp;&nbsp;__hardfp_atan
</UL>

<P><STRONG><a name="[14c]"></a>__aeabi_ddiv</STRONG> (Thumb, 222 bytes, Stack size 32 bytes, ddiv.o(.text))
<BR><BR>[Stack]<UL><LI>Max Depth = 40<LI>Call Chain = __aeabi_ddiv &rArr; _double_round
</UL>
<BR>[Calls]<UL><LI><a href="#[148]">&gt;&gt;</a>&nbsp;&nbsp;&nbsp;_double_round
</UL>
<BR>[Called By]<UL><LI><a href="#[19b]">&gt;&gt;</a>&nbsp;&nbsp;&nbsp;Calculator_APP_Test
<LI><a href="#[265]">&gt;&gt;</a>&nbsp;&nbsp;&nbsp;Get_Temperture
<LI><a href="#[5e1]">&gt;&gt;</a>&nbsp;&nbsp;&nbsp;video_time_show
<LI><a href="#[3a6]">&gt;&gt;</a>&nbsp;&nbsp;&nbsp;__hardfp_asin
<LI><a href="#[1a0]">&gt;&gt;</a>&nbsp;&nbsp;&nbsp;calc_exe
<LI><a href="#[3c3]">&gt;&gt;</a>&nbsp;&nbsp;&nbsp;_fp_digits
<LI><a href="#[3bd]">&gt;&gt;</a>&nbsp;&nbsp;&nbsp;__hardfp_pow
<LI><a href="#[3b8]">&gt;&gt;</a>&nbsp;&nbsp;&nbsp;__hardfp_log
<LI><a href="#[3b0]">&gt;&gt;</a>&nbsp;&nbsp;&nbsp;__hardfp_atan2
<LI><a href="#[15e]">&gt;&gt;</a>&nbsp;&nbsp;&nbsp;_fp_value
<LI><a href="#[3c2]">&gt;&gt;</a>&nbsp;&nbsp;&nbsp;__kernel_tan
<LI><a href="#[3a9]">&gt;&gt;</a>&nbsp;&nbsp;&nbsp;__mathlib_dbl_invalid
<LI><a href="#[3b9]">&gt;&gt;</a>&nbsp;&nbsp;&nbsp;__mathlib_dbl_divzero
<LI><a href="#[3af]">&gt;&gt;</a>&nbsp;&nbsp;&nbsp;__hardfp_atan
</UL>

<P><STRONG><a name="[14d]"></a>__aeabi_i2d</STRONG> (Thumb, 34 bytes, Stack size 16 bytes, dflti.o(.text))
<BR><BR>[Stack]<UL><LI>Max Depth = 56<LI>Call Chain = __aeabi_i2d &rArr; _double_epilogue &rArr; _double_round
</UL>
<BR>[Calls]<UL><LI><a href="#[147]">&gt;&gt;</a>&nbsp;&nbsp;&nbsp;_double_epilogue
</UL>
<BR>[Called By]<UL><LI><a href="#[4c3]">&gt;&gt;</a>&nbsp;&nbsp;&nbsp;gyro_circle_show
<LI><a href="#[26b]">&gt;&gt;</a>&nbsp;&nbsp;&nbsp;gyro_circle_panel
<LI><a href="#[30e]">&gt;&gt;</a>&nbsp;&nbsp;&nbsp;calendar_circle_clock_showtime
<LI><a href="#[30d]">&gt;&gt;</a>&nbsp;&nbsp;&nbsp;calendar_circle_clock_drawpanel
<LI><a href="#[3bd]">&gt;&gt;</a>&nbsp;&nbsp;&nbsp;__hardfp_pow
<LI><a href="#[3bb]">&gt;&gt;</a>&nbsp;&nbsp;&nbsp;__hardfp_log10
<LI><a href="#[3b8]">&gt;&gt;</a>&nbsp;&nbsp;&nbsp;__hardfp_log
<LI><a href="#[3c2]">&gt;&gt;</a>&nbsp;&nbsp;&nbsp;__kernel_tan
<LI><a href="#[3b5]">&gt;&gt;</a>&nbsp;&nbsp;&nbsp;__ieee754_rem_pio2
</UL>

<P><STRONG><a name="[14e]"></a>__aeabi_ui2d</STRONG> (Thumb, 26 bytes, Stack size 16 bytes, dfltui.o(.text))
<BR><BR>[Stack]<UL><LI>Max Depth = 56<LI>Call Chain = __aeabi_ui2d &rArr; _double_epilogue &rArr; _double_round
</UL>
<BR>[Calls]<UL><LI><a href="#[147]">&gt;&gt;</a>&nbsp;&nbsp;&nbsp;_double_epilogue
</UL>
<BR>[Called By]<UL><LI><a href="#[4]">&gt;&gt;</a>&nbsp;&nbsp;&nbsp;TP_Adjust
<LI><a href="#[205]">&gt;&gt;</a>&nbsp;&nbsp;&nbsp;DS18B20_GetTemperture
<LI><a href="#[5e1]">&gt;&gt;</a>&nbsp;&nbsp;&nbsp;video_time_show
<LI><a href="#[bf]">&gt;&gt;</a>&nbsp;&nbsp;&nbsp;start_pass
<LI><a href="#[4c3]">&gt;&gt;</a>&nbsp;&nbsp;&nbsp;gyro_circle_show
<LI><a href="#[26b]">&gt;&gt;</a>&nbsp;&nbsp;&nbsp;gyro_circle_panel
<LI><a href="#[30e]">&gt;&gt;</a>&nbsp;&nbsp;&nbsp;calendar_circle_clock_showtime
<LI><a href="#[30d]">&gt;&gt;</a>&nbsp;&nbsp;&nbsp;calendar_circle_clock_drawpanel
<LI><a href="#[3b5]">&gt;&gt;</a>&nbsp;&nbsp;&nbsp;__ieee754_rem_pio2
</UL>

<P><STRONG><a name="[14f]"></a>__aeabi_ul2d</STRONG> (Thumb, 24 bytes, Stack size 16 bytes, dfltul.o(.text))
<BR><BR>[Stack]<UL><LI>Max Depth = 56<LI>Call Chain = __aeabi_ul2d &rArr; _double_epilogue &rArr; _double_round
</UL>
<BR>[Calls]<UL><LI><a href="#[147]">&gt;&gt;</a>&nbsp;&nbsp;&nbsp;_double_epilogue
</UL>
<BR>[Called By]<UL><LI><a href="#[5e1]">&gt;&gt;</a>&nbsp;&nbsp;&nbsp;video_time_show
<LI><a href="#[15e]">&gt;&gt;</a>&nbsp;&nbsp;&nbsp;_fp_value
</UL>

<P><STRONG><a name="[150]"></a>__aeabi_d2iz</STRONG> (Thumb, 62 bytes, Stack size 16 bytes, dfixi.o(.text))
<BR><BR>[Stack]<UL><LI>Max Depth = 16<LI>Call Chain = __aeabi_d2iz
</UL>
<BR>[Calls]<UL><LI><a href="#[138]">&gt;&gt;</a>&nbsp;&nbsp;&nbsp;__aeabi_llsr
</UL>
<BR>[Called By]<UL><LI><a href="#[265]">&gt;&gt;</a>&nbsp;&nbsp;&nbsp;Get_Temperture
[...]
<BR><BR>[Stack]<UL><LI>Max Depth = 12<LI>Call Chain = DCD_ReadDevInEP
</UL>
<BR>[Called By]<UL><LI><a href="#[1de]">&gt;&gt;</a>&nbsp;&nbsp;&nbsp;DCD_HandleInEP_ISR
</UL>

<P><STRONG><a name="[1e2]"></a>DCD_WriteEmptyTxFifo</STRONG> (Thumb, 144 bytes, Stack size 32 bytes, usb_dcd_int.o(i.DCD_WriteEmptyTxFifo))
<BR><BR>[Stack]<UL><LI>Max Depth = 56<LI>Call Chain = DCD_WriteEmptyTxFifo &rArr; USB_OTG_WritePacket
</UL>
<BR>[Calls]<UL><LI><a href="#[1f0]">&gt;&gt;</a>&nbsp;&nbsp;&nbsp;USB_OTG_WritePacket
</UL>
<BR>[Called By]<UL><LI><a href="#[1de]">&gt;&gt;</a>&nbsp;&nbsp;&nbsp;DCD_HandleInEP_ISR
</UL>

<P><STRONG><a name="[8]"></a>USBD_DataInStage</STRONG> (Thumb, 208 bytes, Stack size 16 bytes, usbd_core.o(i.USBD_DataInStage))
<BR><BR>[Stack]<UL><LI>Max Depth = 120<LI>Call Chain = USBD_DataInStage &rArr; USBD_CtlContinueSendData &rArr; DCD_EP_Tx &rArr; USB_OTG_EPStartXfer &rArr; USB_OTG_WritePacket
</UL>
<BR>[Calls]<UL><LI><a href="#[374]">&gt;&gt;</a>&nbsp;&nbsp;&nbsp;USBD_CtlReceiveStatus
<LI><a href="#[373]">&gt;&gt;</a>&nbsp;&nbsp;&nbsp;USBD_CtlContinueSendData
<LI><a href="#[376]">&gt;&gt;</a>&nbsp;&nbsp;&nbsp;USBD_RunTestMode
</UL>
<BR>[Address Reference Count : 1]<UL><LI> usbd_core.o(.data)
</UL>
<P><STRONG><a name="[7]"></a>USBD_DataOutStage</STRONG> (Thumb, 150 bytes, Stack size 16 bytes, usbd_core.o(i.USBD_DataOutStage))
<BR><BR>[Stack]<UL><LI>Max Depth = 120<LI>Call Chain = USBD_DataOutStage &rArr; USBD_CtlContinueRx &rArr; DCD_EP_PrepareRx &rArr; USB_OTG_EPStartXfer &rArr; USB_OTG_WritePacket
</UL>
<BR>[Calls]<UL><LI><a href="#[370]">&gt;&gt;</a>&nbsp;&nbsp;&nbsp;USBD_CtlSendStatus
<LI><a href="#[372]">&gt;&gt;</a>&nbsp;&nbsp;&nbsp;USBD_CtlContinueRx
</UL>
<BR>[Address Reference Count : 1]<UL><LI> usbd_core.o(.data)
</UL>
<P><STRONG><a name="[e]"></a>USBD_IsoINIncomplete</STRONG> (Thumb, 18 bytes, Stack size 8 bytes, usbd_core.o(i.USBD_IsoINIncomplete))
<BR><BR>[Stack]<UL><LI>Max Depth = 8<LI>Call Chain = USBD_IsoINIncomplete
</UL>
<BR>[Address Reference Count : 1]<UL><LI> usbd_core.o(.data)
</UL>
<P><STRONG><a name="[f]"></a>USBD_IsoOUTIncomplete</STRONG> (Thumb, 18 bytes, Stack size 8 bytes, usbd_core.o(i.USBD_IsoOUTIncomplete))
<BR><BR>[Stack]<UL><LI>Max Depth = 8<LI>Call Chain = USBD_IsoOUTIncomplete
</UL>
<BR>[Address Reference Count : 1]<UL><LI> usbd_core.o(.data)
</UL>
<P><STRONG><a name="[b]"></a>USBD_Reset</STRONG> (Thumb, 50 bytes, Stack size 8 bytes, usbd_core.o(i.USBD_Reset))
<BR><BR>[Stack]<UL><LI>Max Depth = 52<LI>Call Chain = USBD_Reset &rArr; DCD_EP_Open &rArr; USB_OTG_EPActivate
</UL>
<BR>[Calls]<UL><LI><a href="#[1d3]">&gt;&gt;</a>&nbsp;&nbsp;&nbsp;DCD_EP_Open
</UL>
<BR>[Address Reference Count : 1]<UL><LI> usbd_core.o(.data)
</UL>
<P><STRONG><a name="[d]"></a>USBD_Resume</STRONG> (Thumb, 30 bytes, Stack size 8 bytes, usbd_core.o(i.USBD_Resume))
<BR><BR>[Stack]<UL><LI>Max Depth = 8<LI>Call Chain = USBD_Resume
</UL>
<BR>[Address Reference Count : 1]<UL><LI> usbd_core.o(.data)
</UL>
<P><STRONG><a name="[376]"></a>USBD_RunTestMode</STRONG> (Thumb, 14 bytes, Stack size 0 bytes, usbd_core.o(i.USBD_RunTestMode))
<BR><BR>[Called By]<UL><LI><a href="#[8]">&gt;&gt;</a>&nbsp;&nbsp;&nbsp;USBD_DataInStage
</UL>

<P><STRONG><a name="[a]"></a>USBD_SOF</STRONG> (Thumb, 26 bytes, Stack size 8 bytes, usbd_core.o(i.USBD_SOF))
<BR><BR>[Stack]<UL><LI>Max Depth = 8<LI>Call Chain = USBD_SOF
</UL>
<BR>[Address Reference Count : 1]<UL><LI> usbd_core.o(.data)
</UL>
<P><STRONG><a name="[9]"></a>USBD_SetupStage</STRONG> (Thumb, 84 bytes, Stack size 16 bytes, usbd_core.o(i.USBD_SetupStage))
<BR><BR>[Stack]<UL><LI>Max Depth = 160<LI>Call Chain = USBD_SetupStage &rArr; USBD_StdDevReq &rArr; USBD_GetDescriptor &rArr; USBD_CtlSendData &rArr; DCD_EP_Tx &rArr; USB_OTG_EPStartXfer &rArr; USB_OTG_WritePacket
</UL>
<BR>[Calls]<UL><LI><a href="#[390]">&gt;&gt;</a>&nbsp;&nbsp;&nbsp;USBD_StdItfReq
<LI><a href="#[391]">&gt;&gt;</a>&nbsp;&nbsp;&nbsp;USBD_StdEPReq
<LI><a href="#[38f]">&gt;&gt;</a>&nbsp;&nbsp;&nbsp;USBD_StdDevReq
<LI><a href="#[38e]">&gt;&gt;</a>&nbsp;&nbsp;&nbsp;USBD_ParseSetupRequest
<LI><a href="#[1d8]">&gt;&gt;</a>&nbsp;&nbsp;&nbsp;DCD_EP_Stall
</UL>
<BR>[Address Reference Count : 1]<UL><LI> usbd_core.o(.data)
</UL>
<P><STRONG><a name="[c]"></a>USBD_Suspend</STRONG> (Thumb, 32 bytes, Stack size 8 bytes, usbd_core.o(i.USBD_Suspend))
<BR><BR>[Stack]<UL><LI>Max Depth = 8<LI>Call Chain = USBD_Suspend
</UL>
<BR>[Address Reference Count : 1]<UL><LI> usbd_core.o(.data)
</UL>
<P><STRONG><a name="[36f]"></a>USBD_ClrFeature</STRONG> (Thumb, 72 bytes, Stack size 16 bytes, usbd_req.o(i.USBD_ClrFeature))
<BR><BR>[Stack]<UL><LI>Max Depth = 112<LI>Call Chain = USBD_ClrFeature &rArr; USBD_CtlSendStatus &rArr; DCD_EP_Tx &rArr; USB_OTG_EPStartXfer &rArr; USB_OTG_WritePacket
</UL>
<BR>[Calls]<UL><LI><a href="#[371]">&gt;&gt;</a>&nbsp;&nbsp;&nbsp;USBD_CtlError
<LI><a href="#[370]">&gt;&gt;</a>&nbsp;&nbsp;&nbsp;USBD_CtlSendStatus
</UL>
<BR>[Called By]<UL><LI><a href="#[38f]">&gt;&gt;</a>&nbsp;&nbsp;&nbsp;USBD_StdDevReq
</UL>

<P><STRONG><a name="[377]"></a>USBD_GetConfig</STRONG> (Thumb, 78 bytes, Stack size 16 bytes, usbd_req.o(i.USBD_GetConfig))
<BR><BR>[Stack]<UL><LI>Max Depth = 120<LI>Call Chain = USBD_GetConfig &rArr; USBD_CtlSendData &rArr; DCD_EP_Tx &rArr; USB_OTG_EPStartXfer &rArr; USB_OTG_WritePacket
</UL>
<BR>[Calls]<UL><LI><a href="#[371]">&gt;&gt;</a>&nbsp;&nbsp;&nbsp;USBD_CtlError
<LI><a href="#[375]">&gt;&gt;</a>&nbsp;&nbsp;&nbsp;USBD_CtlSendData
</UL>
<BR>[Called By]<UL><LI><a href="#[38f]">&gt;&gt;</a>&nbsp;&nbsp;&nbsp;USBD_StdDevReq
</UL>

<P><STRONG><a name="[378]"></a>USBD_GetDescriptor</STRONG> (Thumb, 290 bytes, Stack size 24 bytes, usbd_req.o(i.USBD_GetDescriptor))
<BR><BR>[Stack]<UL><LI>Max Depth = 128<LI>Call Chain = USBD_GetDescriptor &rArr; USBD_CtlSendData &rArr; DCD_EP_Tx &rArr; USB_OTG_EPStartXfer &rArr; USB_OTG_WritePacket
</UL>
<BR>[Calls]<UL><LI><a href="#[371]">&gt;&gt;</a>&nbsp;&nbsp;&nbsp;USBD_CtlError
<LI><a href="#[375]">&gt;&gt;</a>&nbsp;&nbsp;&nbsp;USBD_CtlSendData
</UL>
<BR>[Called By]<UL><LI><a href="#[38f]">&gt;&gt;</a>&nbsp;&nbsp;&nbsp;USBD_StdDevReq
</UL>

<P><STRONG><a name="[37b]"></a>USBD_GetLen</STRONG> (Thumb, 20 bytes, Stack size 0 bytes, usbd_req.o(i.USBD_GetLen))
<BR><BR>[Called By]<UL><LI><a href="#[37a]">&gt;&gt;</a>&nbsp;&nbsp;&nbsp;USBD_GetString
</UL>

<P><STRONG><a name="[379]"></a>USBD_GetStatus</STRONG> (Thumb, 74 bytes, Stack size 16 bytes, usbd_req.o(i.USBD_GetStatus))
<BR><BR>[Stack]<UL><LI>Max Depth = 120<LI>Call Chain = USBD_GetStatus &rArr; USBD_CtlSendData &rArr; DCD_EP_Tx &rArr; USB_OTG_EPStartXfer &rArr; USB_OTG_WritePacket
</UL>
<BR>[Calls]<UL><LI><a href="#[371]">&gt;&gt;</a>&nbsp;&nbsp;&nbsp;USBD_CtlError
<LI><a href="#[375]">&gt;&gt;</a>&nbsp;&nbsp;&nbsp;USBD_CtlSendData
</UL>
<BR>[Called By]<UL><LI><a href="#[38f]">&gt;&gt;</a>&nbsp;&nbsp;&nbsp;USBD_StdDevReq
</UL>

<P><STRONG><a name="[388]"></a>USBD_SetAddress</STRONG> (Thumb, 92 bytes, Stack size 16 bytes, usbd_req.o(i.USBD_SetAddress))
<BR><BR>[Stack]<UL><LI>Max Depth = 112<LI>Call Chain = USBD_SetAddress &rArr; USBD_CtlSendStatus &rArr; DCD_EP_Tx &rArr; USB_OTG_EPStartXfer &rArr; USB_OTG_WritePacket
</UL>
<BR>[Calls]<UL><LI><a href="#[371]">&gt;&gt;</a>&nbsp;&nbsp;&nbsp;USBD_CtlError
<LI><a href="#[370]">&gt;&gt;</a>&nbsp;&nbsp;&nbsp;USBD_CtlSendStatus
<LI><a href="#[389]">&gt;&gt;</a>&nbsp;&nbsp;&nbsp;DCD_EP_SetAddress
</UL>
<BR>[Called By]<UL><LI><a href="#[38f]">&gt;&gt;</a>&nbsp;&nbsp;&nbsp;USBD_StdDevReq
</UL>

<P><STRONG><a name="[38a]"></a>USBD_SetConfig</STRONG> (Thumb, 204 bytes, Stack size 16 bytes, usbd_req.o(i.USBD_SetConfig))
<BR><BR>[Stack]<UL><LI>Max Depth = 112<LI>Call Chain = USBD_SetConfig &rArr; USBD_CtlSendStatus &rArr; DCD_EP_Tx &rArr; USB_OTG_EPStartXfer &rArr; USB_OTG_WritePacket
</UL>
<BR>[Calls]<UL><LI><a href="#[371]">&gt;&gt;</a>&nbsp;&nbsp;&nbsp;USBD_CtlError
<LI><a href="#[370]">&gt;&gt;</a>&nbsp;&nbsp;&nbsp;USBD_CtlSendStatus
<LI><a href="#[38b]">&gt;&gt;</a>&nbsp;&nbsp;&nbsp;USBD_SetCfg
<LI><a href="#[38c]">&gt;&gt;</a>&nbsp;&nbsp;&nbsp;USBD_ClrCfg
</UL>
<BR>[Called By]<UL><LI><a href="#[38f]">&gt;&gt;</a>&nbsp;&nbsp;&nbsp;USBD_StdDevReq
</UL>

<P><STRONG><a name="[38d]"></a>USBD_SetFeature</STRONG> (Thumb, 160 bytes, Stack size 24 bytes, usbd_req.o(i.USBD_SetFeature))
<BR><BR>[Stack]<UL><LI>Max Depth = 120<LI>Call Chain = USBD_SetFeature &rArr; USBD_CtlSendStatus &rArr; DCD_EP_Tx &rArr; USB_OTG_EPStartXfer &rArr; USB_OTG_WritePacket
</UL>
<BR>[Calls]<UL><LI><a href="#[370]">&gt;&gt;</a>&nbsp;&nbsp;&nbsp;USBD_CtlSendStatus
</UL>
<BR>[Called By]<UL><LI><a href="#[38f]">&gt;&gt;</a>&nbsp;&nbsp;&nbsp;USBD_StdDevReq
</UL>

<P><STRONG><a name="[2c0]"></a>MSC_BOT_Abort</STRONG> (Thumb, 60 bytes, Stack size 8 bytes, usbd_msc_bot.o(i.MSC_BOT_Abort))
<BR><BR>[Stack]<UL><LI>Max Depth = 88<LI>Call Chain = MSC_BOT_Abort &rArr; DCD_EP_PrepareRx &rArr; USB_OTG_EPStartXfer &rArr; USB_OTG_WritePacket
</UL>
<BR>[Calls]<UL><LI><a href="#[1d8]">&gt;&gt;</a>&nbsp;&nbsp;&nbsp;DCD_EP_Stall
<LI><a href="#[1d5]">&gt;&gt;</a>&nbsp;&nbsp;&nbsp;DCD_EP_PrepareRx
</UL>
<BR>[Called By]<UL><LI><a href="#[2c1]">&gt;&gt;</a>&nbsp;&nbsp;&nbsp;MSC_BOT_CBW_Decode
</UL>

<P><STRONG><a name="[2c1]"></a>MSC_BOT_CBW_Decode</STRONG> (Thumb, 178 bytes, Stack size 8 bytes, usbd_msc_bot.o(i.MSC_BOT_CBW_Decode))
<BR><BR>[Stack]<UL><LI>Max Depth = 168<LI>Call Chain = MSC_BOT_CBW_Decode &rArr; SCSI_ProcessCmd &rArr; SCSI_Write10 &rArr; SCSI_ProcessWrite &rArr; MSC_BOT_SendCSW &rArr; DCD_EP_Tx &rArr; USB_OTG_EPStartXfer &rArr; USB_OTG_WritePacket
</UL>
<BR>[Calls]<UL><LI><a href="#[2c3]">&gt;&gt;</a>&nbsp;&nbsp;&nbsp;SCSI_SenseCode
<LI><a href="#[2c4]">&gt;&gt;</a>&nbsp;&nbsp;&nbsp;SCSI_ProcessCmd
<LI><a href="#[2c6]">&gt;&gt;</a>&nbsp;&nbsp;&nbsp;MSC_BOT_SendCSW
<LI><a href="#[2c5]">&gt;&gt;</a>&nbsp;&nbsp;&nbsp;MSC_BOT_SendData
<LI><a href="#[2c0]">&gt;&gt;</a>&nbsp;&nbsp;&nbsp;MSC_BOT_Abort
<LI><a href="#[2c2]">&gt;&gt;</a>&nbsp;&nbsp;&nbsp;USBD_GetRxCount
</UL>
<BR>[Called By]<UL><LI><a href="#[2c9]">&gt;&gt;</a>&nbsp;&nbsp;&nbsp;MSC_BOT_DataOut
</UL>

<P><STRONG><a name="[2c5]"></a>MSC_BOT_SendData</STRONG> (Thumb, 60 bytes, Stack size 16 bytes, usbd_msc_bot.o(i.MSC_BOT_SendData))
<BR><BR>[Stack]<UL><LI>Max Depth = 96<LI>Call Chain = MSC_BOT_SendData &rArr; DCD_EP_Tx &rArr; USB_OTG_EPStartXfer &rArr; USB_OTG_WritePacket
</UL>
<BR>[Calls]<UL><LI><a href="#[1da]">&gt;&gt;</a>&nbsp;&nbsp;&nbsp;DCD_EP_Tx
</UL>
<BR>[Called By]<UL><LI><a href="#[2c1]">&gt;&gt;</a>&nbsp;&nbsp;&nbsp;MSC_BOT_CBW_Decode
</UL>

<P><STRONG><a name="[32c]"></a>SCSI_CheckAddressRange</STRONG> (Thumb, 38 bytes, Stack size 16 bytes, usbd_msc_scsi.o(i.SCSI_CheckAddressRange))
<BR><BR>[Stack]<UL><LI>Max Depth = 28<LI>Call Chain = SCSI_CheckAddressRange &rArr; SCSI_SenseCode
</UL>
<BR>[Calls]<UL><LI><a href="#[2c3]">&gt;&gt;</a>&nbsp;&nbsp;&nbsp;SCSI_SenseCode
</UL>
<BR>[Called By]<UL><LI><a href="#[336]">&gt;&gt;</a>&nbsp;&nbsp;&nbsp;SCSI_Write10
<LI><a href="#[337]">&gt;&gt;</a>&nbsp;&nbsp;&nbsp;SCSI_Verify10
<LI><a href="#[335]">&gt;&gt;</a>&nbsp;&nbsp;&nbsp;SCSI_Read10
</UL>

<P><STRONG><a name="[32f]"></a>SCSI_Inquiry</STRONG> (Thumb, 70 bytes, Stack size 12 bytes, usbd_msc_scsi.o(i.SCSI_Inquiry))
<BR><BR>[Stack]<UL><LI>Max Depth = 12<LI>Call Chain = SCSI_Inquiry
</UL>
<BR>[Called By]<UL><LI><a href="#[2c4]">&gt;&gt;</a>&nbsp;&nbsp;&nbsp;SCSI_ProcessCmd
</UL>

<P><STRONG><a name="[332]"></a>SCSI_ModeSense10</STRONG> (Thumb, 34 bytes, Stack size 8 bytes, usbd_msc_scsi.o(i.SCSI_ModeSense10))
<BR><BR>[Stack]<UL><LI>Max Depth = 8<LI>Call Chain = SCSI_ModeSense10
</UL>
<BR>[Called By]<UL><LI><a href="#[2c4]">&gt;&gt;</a>&nbsp;&nbsp;&nbsp;SCSI_ProcessCmd
</UL>

<P><STRONG><a name="[331]"></a>SCSI_ModeSense6</STRONG> (Thumb, 34 bytes, Stack size 8 bytes, usbd_msc_scsi.o(i.SCSI_ModeSense6))
<BR><BR>[Stack]<UL><LI>Max Depth = 8<LI>Call Chain = SCSI_ModeSense6
</UL>
<BR>[Called By]<UL><LI><a href="#[2c4]">&gt;&gt;</a>&nbsp;&nbsp;&nbsp;SCSI_ProcessCmd
</UL>

<P><STRONG><a name="[338]"></a>SCSI_ProcessRead</STRONG> (Thumb, 162 bytes, Stack size 24 bytes, usbd_msc_scsi.o(i.SCSI_ProcessRead))
<BR><BR>[Stack]<UL><LI>Max Depth = 104<LI>Call Chain = SCSI_ProcessRead &rArr; DCD_EP_Tx &rArr; USB_OTG_EPStartXfer &rArr; USB_OTG_WritePacket
</UL>
<BR>[Calls]<UL><LI><a href="#[2c3]">&gt;&gt;</a>&nbsp;&nbsp;&nbsp;SCSI_SenseCode
<LI><a href="#[1da]">&gt;&gt;</a>&nbsp;&nbsp;&nbsp;DCD_EP_Tx
<LI><a href="#[137]">&gt;&gt;</a>&nbsp;&nbsp;&nbsp;__aeabi_uldivmod
</UL>
<BR>[Called By]<UL><LI><a href="#[335]">&gt;&gt;</a>&nbsp;&nbsp;&nbsp;SCSI_Read10
</UL>

<P><STRONG><a name="[339]"></a>SCSI_ProcessWrite</STRONG> (Thumb, 188 bytes, Stack size 24 bytes, usbd_msc_scsi.o(i.SCSI_ProcessWrite))
<BR><BR>[Stack]<UL><LI>Max Depth = 120<LI>Call Chain = SCSI_ProcessWrite &rArr; MSC_BOT_SendCSW &rArr; DCD_EP_Tx &rArr; USB_OTG_EPStartXfer &rArr; USB_OTG_WritePacket
</UL>
<BR>[Calls]<UL><LI><a href="#[2c3]">&gt;&gt;</a>&nbsp;&nbsp;&nbsp;SCSI_SenseCode
<LI><a href="#[2c6]">&gt;&gt;</a>&nbsp;&nbsp;&nbsp;MSC_BOT_SendCSW
<LI><a href="#[1d5]">&gt;&gt;</a>&nbsp;&nbsp;&nbsp;DCD_EP_PrepareRx
<LI><a href="#[137]">&gt;&gt;</a>&nbsp;&nbsp;&nbsp;__aeabi_uldivmod
</UL>
<BR>[Called By]<UL><LI><a href="#[336]">&gt;&gt;</a>&nbsp;&nbsp;&nbsp;SCSI_Write10
</UL>

<P><STRONG><a name="[335]"></a>SCSI_Read10</STRONG> (Thumb, 230 bytes, Stack size 24 bytes, usbd_msc_scsi.o(i.SCSI_Read10))
<BR><BR>[Stack]<UL><LI>Max Depth = 128<LI>Call Chain = SCSI_Read10 &rArr; SCSI_ProcessRead &rArr; DCD_EP_Tx &rArr; USB_OTG_EPStartXfer &rArr; USB_OTG_WritePacket
</UL>
<BR>[Calls]<UL><LI><a href="#[338]">&gt;&gt;</a>&nbsp;&nbsp;&nbsp;SCSI_ProcessRead
<LI><a href="#[32c]">&gt;&gt;</a>&nbsp;&nbsp;&nbsp;SCSI_CheckAddressRange
<LI><a href="#[2c3]">&gt;&gt;</a>&nbsp;&nbsp;&nbsp;SCSI_SenseCode
</UL>
<BR>[Called By]<UL><LI><a href="#[2c4]">&gt;&gt;</a>&nbsp;&nbsp;&nbsp;SCSI_ProcessCmd
</UL>

<P><STRONG><a name="[334]"></a>SCSI_ReadCapacity10</STRONG> (Thumb, 118 bytes, Stack size 16 bytes, usbd_msc_scsi.o(i.SCSI_ReadCapacity10))
<BR><BR>[Stack]<UL><LI>Max Depth = 28<LI>Call Chain = SCSI_ReadCapacity10 &rArr; SCSI_SenseCode
</UL>
<BR>[Calls]<UL><LI><a href="#[2c3]">&gt;&gt;</a>&nbsp;&nbsp;&nbsp;SCSI_SenseCode
</UL>
<BR>[Called By]<UL><LI><a href="#[2c4]">&gt;&gt;</a>&nbsp;&nbsp;&nbsp;SCSI_ProcessCmd
</UL>

<P><STRONG><a name="[333]"></a>SCSI_ReadFormatCapacity</STRONG> (Thumb, 122 bytes, Stack size 24 bytes, usbd_msc_scsi.o(i.SCSI_ReadFormatCapacity))
<BR><BR>[Stack]<UL><LI>Max Depth = 36<LI>Call Chain = SCSI_ReadFormatCapacity &rArr; SCSI_SenseCode
</UL>
<BR>[Calls]<UL><LI><a href="#[2c3]">&gt;&gt;</a>&nbsp;&nbsp;&nbsp;SCSI_SenseCode
</UL>
<BR>[Called By]<UL><LI><a href="#[2c4]">&gt;&gt;</a>&nbsp;&nbsp;&nbsp;SCSI_ProcessCmd
</UL>

<P><STRONG><a name="[32e]"></a>SCSI_RequestSense</STRONG> (Thumb, 132 bytes, Stack size 8 bytes, usbd_msc_scsi.o(i.SCSI_RequestSense))
<BR><BR>[Stack]<UL><LI>Max Depth = 8<LI>Call Chain = SCSI_RequestSense
</UL>
<BR>[Called By]<UL><LI><a href="#[2c4]">&gt;&gt;</a>&nbsp;&nbsp;&nbsp;SCSI_ProcessCmd
</UL>

<P><STRONG><a name="[330]"></a>SCSI_StartStopUnit</STRONG> (Thumb, 10 bytes, Stack size 0 bytes, usbd_msc_scsi.o(i.SCSI_StartStopUnit))
<BR><BR>[Called By]<UL><LI><a href="#[2c4]">&gt;&gt;</a>&nbsp;&nbsp;&nbsp;SCSI_ProcessCmd
</UL>

<P><STRONG><a name="[32d]"></a>SCSI_TestUnitReady</STRONG> (Thumb, 68 bytes, Stack size 16 bytes, usbd_msc_scsi.o(i.SCSI_TestUnitReady))
<BR><BR>[Stack]<UL><LI>Max Depth = 28<LI>Call Chain = SCSI_TestUnitReady &rArr; SCSI_SenseCode
</UL>
<BR>[Calls]<UL><LI><a href="#[2c3]">&gt;&gt;</a>&nbsp;&nbsp;&nbsp;SCSI_SenseCode
</UL>
<BR>[Called By]<UL><LI><a href="#[2c4]">&gt;&gt;</a>&nbsp;&nbsp;&nbsp;SCSI_ProcessCmd
</UL>

<P><STRONG><a name="[337]"></a>SCSI_Verify10</STRONG> (Thumb, 68 bytes, Stack size 16 bytes, usbd_msc_scsi.o(i.SCSI_Verify10))
<BR><BR>[Stack]<UL><LI>Max Depth = 44<LI>Call Chain = SCSI_Verify10 &rArr; SCSI_CheckAddressRange &rArr; SCSI_SenseCode
</UL>
<BR>[Calls]<UL><LI><a href="#[32c]">&gt;&gt;</a>&nbsp;&nbsp;&nbsp;SCSI_CheckAddressRange
<LI><a href="#[2c3]">&gt;&gt;</a>&nbsp;&nbsp;&nbsp;SCSI_SenseCode
</UL>
<BR>[Called By]<UL><LI><a href="#[2c4]">&gt;&gt;</a>&nbsp;&nbsp;&nbsp;SCSI_ProcessCmd
</UL>

<P><STRONG><a name="[336]"></a>SCSI_Write10</STRONG> (Thumb, 292 bytes, Stack size 24 bytes, usbd_msc_scsi.o(i.SCSI_Write10))
<BR><BR>[Stack]<UL><LI>Max Depth = 144<LI>Call Chain = SCSI_Write10 &rArr; SCSI_ProcessWrite &rArr; MSC_BOT_SendCSW &rArr; DCD_EP_Tx &rArr; USB_OTG_EPStartXfer &rArr; USB_OTG_WritePacket
</UL>
<BR>[Calls]<UL><LI><a href="#[339]">&gt;&gt;</a>&nbsp;&nbsp;&nbsp;SCSI_ProcessWrite
<LI><a href="#[32c]">&gt;&gt;</a>&nbsp;&nbsp;&nbsp;SCSI_CheckAddressRange
<LI><a href="#[2c3]">&gt;&gt;</a>&nbsp;&nbsp;&nbsp;SCSI_SenseCode
<LI><a href="#[1d5]">&gt;&gt;</a>&nbsp;&nbsp;&nbsp;DCD_EP_PrepareRx
</UL>
<BR>[Called By]<UL><LI><a href="#[2c4]">&gt;&gt;</a>&nbsp;&nbsp;&nbsp;SCSI_ProcessCmd
</UL>

<P><STRONG><a name="[3c3]"></a>_fp_digits</STRONG> (Thumb, 366 bytes, Stack size 64 bytes, printfa.o(i._fp_digits), UNUSED)
<BR><BR>[Calls]<UL><LI><a href="#[14c]">&gt;&gt;</a>&nbsp;&nbsp;&nbsp;__aeabi_ddiv
<LI><a href="#[145]">&gt;&gt;</a>&nbsp;&nbsp;&nbsp;__aeabi_dadd
<LI><a href="#[365]">&gt;&gt;</a>&nbsp;&nbsp;&nbsp;__aeabi_cdrcmple
<LI><a href="#[14b]">&gt;&gt;</a>&nbsp;&nbsp;&nbsp;__aeabi_dmul
<LI><a href="#[15b]">&gt;&gt;</a>&nbsp;&nbsp;&nbsp;__aeabi_d2ulz
<LI><a href="#[137]">&gt;&gt;</a>&nbsp;&nbsp;&nbsp;__aeabi_uldivmod
</UL>
<BR>[Called By]<UL><LI><a href="#[3a4]">&gt;&gt;</a>&nbsp;&nbsp;&nbsp;_printf_core
</UL>

<P><STRONG><a name="[3a4]"></a>_printf_core</STRONG> (Thumb, 1744 bytes, Stack size 136 bytes, printfa.o(i._printf_core), UNUSED)
<BR><BR>[Calls]<UL><LI><a href="#[3c4]">&gt;&gt;</a>&nbsp;&nbsp;&nbsp;_printf_pre_padding
<LI><a href="#[3c5]">&gt;&gt;</a>&nbsp;&nbsp;&nbsp;_printf_post_padding
<LI><a href="#[3c3]">&gt;&gt;</a>&nbsp;&nbsp;&nbsp;_fp_digits
<LI><a href="#[137]">&gt;&gt;</a>&nbsp;&nbsp;&nbsp;__aeabi_uldivmod
<LI><a href="#[3c6]">&gt;&gt;</a>&nbsp;&nbsp;&nbsp;__aeabi_uidivmod
</UL>
<BR>[Called By]<UL><LI><a href="#[3a5]">&gt;&gt;</a>&nbsp;&nbsp;&nbsp;__0sprintf
<LI><a href="#[3a3]">&gt;&gt;</a>&nbsp;&nbsp;&nbsp;__0printf
</UL>

<P><STRONG><a name="[3c5]"></a>_printf_post_padding</STRONG> (Thumb, 36 bytes, Stack size 24 bytes, printfa.o(i._printf_post_padding), UNUSED)
<BR><BR>[Called By]<UL><LI><a href="#[3a4]">&gt;&gt;</a>&nbsp;&nbsp;&nbsp;_printf_core
</UL>

<P><STRONG><a name="[3c4]"></a>_printf_pre_padding</STRONG> (Thumb, 46 bytes, Stack size 24 bytes, printfa.o(i._printf_pre_padding), UNUSED)
<BR><BR>[Called By]<UL><LI><a href="#[3a4]">&gt;&gt;</a>&nbsp;&nbsp;&nbsp;_printf_core
</UL>

<P><STRONG><a name="[90]"></a>_sputc</STRONG> (Thumb, 10 bytes, Stack size 0 bytes, printfa.o(i._sputc))
<BR><BR>[Called By]<UL><LI><a href="#[3a5]">&gt;&gt;</a>&nbsp;&nbsp;&nbsp;__0sprintf
</UL>
<BR>[Address Reference Count : 1]<UL><LI> printfa.o(i.__0sprintf)
</UL>
<P><STRONG><a name="[8d]"></a>_scanf_char_input</STRONG> (Thumb, 12 bytes, Stack size 0 bytes, scanf_char.o(.text))
<BR>[Address Reference Count : 1]<UL><LI> scanf_char.o(.text)
</UL>
<P><STRONG><a name="[155]"></a>_local_sscanf</STRONG> (Thumb, 54 bytes, Stack size 56 bytes, strtod.o(.text))
<BR><BR>[Stack]<UL><LI>Max Depth = 160<LI>Call Chain = _local_sscanf &rArr; _scanf_real
</UL>
<BR>[Calls]<UL><LI><a href="#[156]">&gt;&gt;</a>&nbsp;&nbsp;&nbsp;_scanf_real
</UL>
<BR>[Called By]<UL><LI><a href="#[157]">&gt;&gt;</a>&nbsp;&nbsp;&nbsp;__strtod_int
</UL>

<P><STRONG><a name="[15e]"></a>_fp_value</STRONG> (Thumb, 296 bytes, Stack size 64 bytes, scanf_fp.o(.text), UNUSED)
<BR><BR>[Calls]<UL><LI><a href="#[14c]">&gt;&gt;</a>&nbsp;&nbsp;&nbsp;__aeabi_ddiv
<LI><a href="#[14b]">&gt;&gt;</a>&nbsp;&nbsp;&nbsp;__aeabi_dmul
<LI><a href="#[14f]">&gt;&gt;</a>&nbsp;&nbsp;&nbsp;__aeabi_ul2d
</UL>
<BR>[Called By]<UL><LI><a href="#[15f]">&gt;&gt;</a>&nbsp;&nbsp;&nbsp;_scanf_really_real
</UL>
<P>
<H3>
Undefined Global Symbols
</H3><HR></body></html>
