<html>
<body>
<pre>
<h1>礦ision Build Log</h1>
<h2>Tool Versions:</h2>
IDE-Version: μVision V5.24.2.0
Copyright (C) 2017 ARM Ltd and ARM Germany GmbH. All rights reserved.
License Information: a a, aa, LIC=47GU5-GFV8H-8TY3P-MC5HI-X6RJD-LGQKE
 
Tool Versions:
Toolchain:       MDK-ARM Plus  Version: 5.24.1
Toolchain Path:  D:\Keil5\ARM\ARMCC\Bin
C Compiler:      Armcc.exe V5.06 update 5 (build 528)
Assembler:       Armasm.exe V5.06 update 5 (build 528)
Linker/Locator:  ArmLink.exe V5.06 update 5 (build 528)
Library Manager: ArmAr.exe V5.06 update 5 (build 528)
Hex Converter:   FromElf.exe V5.06 update 5 (build 528)
CPU DLL:         SARMCM3.DLL V5.24.1
Dialog DLL:      DCM.DLL V1.16.0.0
Target DLL:      CMSIS_AGDI.dll V1.28.3.0
Dialog DLL:      TCM.DLL V1.32.0.0
 
<h2>Project:</h2>
C:\Users\Administrator\Desktop\麒麟f407\0--麒麟F407综合实验程序\0--麒麟F407综合实验程序\Template.uvprojx
Project File Date:  06/01/2026

<h2>Output:</h2>
*** Using Compiler 'V5.06 update 5 (build 528)', folder: 'D:\Keil5\ARM\ARMCC\Bin'
Build target 'Target 1'
compiling usart3.c...
APP\usart3\usart3.c(200): warning:  #1-D: last line of file ends without a newline
  }
APP\usart3\usart3.c: 1 warning, 0 errors
compiling arbiter.c...
APP\arbiter\arbiter.c(115): warning:  #177-D: variable "valid_b"  was declared but never referenced
  	u8 valid_b = (arb_state.obstacle_valid_mask & 0x02) ? 1 : 0;
APP\arbiter\arbiter.c: 1 warning, 0 errors
compiling main.c...
.\APP\distance_sensor\distance_sensor.h(29): warning:  #1-D: last line of file ends without a newline
  #endif
User\main.c(596): warning:  #550-D: variable "left_x"  was set but never used
  	u16 left_x;
User\main.c(533): warning:  #177-D: function "SensorUI_UpdateValue"  was declared but never referenced
  static void SensorUI_UpdateValue(u16 y, const char *text)
User\main.c(750): warning:  #177-D: function "My_UI_Loop"  was declared but never referenced
  static void My_UI_Loop(void)
User\main.c: 4 warnings, 0 errors
linking...
Program Size: Code=72436 RO-data=160564 RW-data=760 ZI-data=1222688  
FromELF: creating hex file...
".\Obj\Template.axf" - 0 Error(s), 6 Warning(s).

<h2>Software Packages used:</h2>

Package Vendor: Keil
                http://www.keil.com/pack/Keil.STM32F4xx_DFP.2.16.0.pack
                Keil.STM32F4xx_DFP.2.16.0
                STMicroelectronics STM32F4 Series Device Support, Drivers and Examples

<h2>Collection of Component include folders:</h2>
  .\RTE\_Target_1
  D:\Keil5\ARM\PACK\Keil\STM32F4xx_DFP\2.16.0\Drivers\CMSIS\Device\ST\STM32F4xx\Include

<h2>Collection of Component Files used:</h2>
Build Time Elapsed:  00:00:02
</pre>
</body>
</html>
