Component: ARM Compiler 5.06 update 5 (build 528) Tool: armlink [4d35e2]

==============================================================================

Section Cross References

    main.o(i.Hardware_Check) refers to systick.o(i.SysTick_Init) for SysTick_Init
    main.o(i.Hardware_Check) refers to misc.o(i.NVIC_PriorityGroupConfig) for NVIC_PriorityGroupConfig
    main.o(i.Hardware_Check) refers to usart.o(i.USART1_Init) for USART1_Init
    main.o(i.Hardware_Check) refers to led.o(i.LED_Init) for LED_Init
    main.o(i.Hardware_Check) refers to tftlcd.o(i.TFTLCD_Init) for TFTLCD_Init
    main.o(i.Hardware_Check) refers to beep.o(i.BEEP_Init) for BEEP_Init
    main.o(i.Hardware_Check) refers to key.o(i.KEY_Init) for KEY_Init
    main.o(i.Hardware_Check) refers to sram.o(i.FSMC_SRAM_Init) for FSMC_SRAM_Init
    main.o(i.Hardware_Check) refers to 24cxx.o(i.AT24CXX_Init) for AT24CXX_Init
    main.o(i.Hardware_Check) refers to flash.o(i.EN25QXX_Init) for EN25QXX_Init
    main.o(i.Hardware_Check) refers to lsens.o(i.Lsens_Init) for Lsens_Init
    main.o(i.Hardware_Check) refers to adc_temp.o(i.ADC_Temp_Init) for ADC_Temp_Init
    main.o(i.Hardware_Check) refers to malloc.o(i.my_mem_init) for my_mem_init
    main.o(i.Hardware_Check) refers to touch.o(i.TP_Init) for TP_Init
    main.o(i.Hardware_Check) refers to piclib.o(i.piclib_init) for piclib_init
    main.o(i.Hardware_Check) refers to gui.o(i.gui_init) for gui_init
    main.o(i.Hardware_Check) refers to fatfs_app.o(i.FATFS_Init) for FATFS_Init
    main.o(i.Hardware_Check) refers to tftlcd.o(i.LCD_Clear) for LCD_Clear
    main.o(i.Hardware_Check) refers to tftlcd.o(i.LCD_ShowString) for LCD_ShowString
    main.o(i.Hardware_Check) refers to wm8978.o(i.WM8978_Init) for WM8978_Init
    main.o(i.Hardware_Check) refers to wm8978.o(i.WM8978_HPvol_Set) for WM8978_HPvol_Set
    main.o(i.Hardware_Check) refers to wm8978.o(i.WM8978_SPKvol_Set) for WM8978_SPKvol_Set
    main.o(i.Hardware_Check) refers to main.o(i.system_exsram_test) for system_exsram_test
    main.o(i.Hardware_Check) refers to main.o(i.system_error_show) for system_error_show
    main.o(i.Hardware_Check) refers to flash.o(i.EN25QXX_ReadID) for EN25QXX_ReadID
    main.o(i.Hardware_Check) refers to tftlcd.o(i.LCD_ShowxNum) for LCD_ShowxNum
    main.o(i.Hardware_Check) refers to key.o(i.KEY_Scan) for KEY_Scan
    main.o(i.Hardware_Check) refers to main.o(i.system_files_erase) for system_files_erase
    main.o(i.Hardware_Check) refers to rtc.o(i.RTC_Config) for RTC_Config
    main.o(i.Hardware_Check) refers to rtc.o(i.RTC_Set_WakeUp) for RTC_Set_WakeUp
    main.o(i.Hardware_Check) refers to stm32f4xx_rtc.o(i.RTC_GetTime) for RTC_GetTime
    main.o(i.Hardware_Check) refers to stm32f4xx_rtc.o(i.RTC_GetDate) for RTC_GetDate
    main.o(i.Hardware_Check) refers to ff.o(i.f_mount) for f_mount
    main.o(i.Hardware_Check) refers to tftlcd.o(.data) for FRONT_COLOR
    main.o(i.Hardware_Check) refers to main.o(.data) for VERSION
    main.o(i.Hardware_Check) refers to rtc.o(.data) for RTC_TimeStruct
    main.o(i.Hardware_Check) refers to fatfs_app.o(.bss) for fs
    main.o(i.Hardware_Check) refers to fatfs_app.o(i.fatfs_getfree) for fatfs_getfree
    main.o(i.Hardware_Check) refers to systick.o(i.delay_ms) for delay_ms
    main.o(i.Hardware_Check) refers to ff.o(i.f_mkfs) for f_mkfs
    main.o(i.Hardware_Check) refers to ff.o(i.f_setlabel) for f_setlabel
    main.o(i.Hardware_Check) refers to 24cxx.o(i.AT24CXX_Check) for AT24CXX_Check
    main.o(i.Hardware_Check) refers to mpu6050.o(i.MPU6050_Init) for MPU6050_Init
    main.o(i.Hardware_Check) refers to gui.o(.bss) for gui_phy
    main.o(i.Hardware_Check) refers to main.o(i.system_font_update_confirm) for system_font_update_confirm
    main.o(i.Hardware_Check) refers to font_update.o(i.font_init) for font_init
    main.o(i.Hardware_Check) refers to font_update.o(i.update_font) for update_font
    main.o(i.Hardware_Check) refers to touch.o(i.TP_Adjust) for TP_Adjust
    main.o(i.Hardware_Check) refers to time.o(i.TIM4_Init) for TIM4_Init
    main.o(i.Hardware_Check) refers to time.o(i.TIM2_Init) for TIM2_Init
    main.o(i.Hardware_Check) refers to touch.o(.data) for tp_dev
    main.o(i.SensorData_ShowScreen) refers to distance_sensor.o(i.DistanceSensor_GetData) for DistanceSensor_GetData
    main.o(i.SensorData_ShowScreen) refers to tftlcd.o(i.LCD_Clear) for LCD_Clear
    main.o(i.SensorData_ShowScreen) refers to tftlcd.o(i.LCD_ShowString) for LCD_ShowString
    main.o(i.SensorData_ShowScreen) refers to tftlcd.o(i.LCD_ShowxNum) for LCD_ShowxNum
    main.o(i.SensorData_ShowScreen) refers to distance_sensor.o(i.DistanceSensor_NewData) for DistanceSensor_NewData
    main.o(i.SensorData_ShowScreen) refers to can.o(i.CAN1_Send_Msg_WithID) for CAN1_Send_Msg_WithID
    main.o(i.SensorData_ShowScreen) refers to systick.o(i.delay_ms) for delay_ms
    main.o(i.SensorData_ShowScreen) refers to main.o(.data) for cnt
[...]
    TP_Drow_Touch_Point                      0x080086e9   Thumb Code   108  touch.o(i.TP_Drow_Touch_Point)
    TP_Get_Adjdata                           0x08008759   Thumb Code   164  touch.o(i.TP_Get_Adjdata)
    TP_Init                                  0x0800880d   Thumb Code   148  touch.o(i.TP_Init)
    TP_Read_AD                               0x080088b1   Thumb Code   132  touch.o(i.TP_Read_AD)
    TP_Read_XOY                              0x08008945   Thumb Code   122  touch.o(i.TP_Read_XOY)
    TP_Read_XY                               0x080089c1   Thumb Code    38  touch.o(i.TP_Read_XY)
    TP_Read_XY2                              0x080089f1   Thumb Code   192  touch.o(i.TP_Read_XY2)
    TP_Save_Adjdata                          0x08008ab1   Thumb Code   118  touch.o(i.TP_Save_Adjdata)
    TP_Scan                                  0x08008b31   Thumb Code   236  touch.o(i.TP_Scan)
    TP_Write_Byte                            0x08008c25   Thumb Code    64  touch.o(i.TP_Write_Byte)
    USART1_IRQHandler                        0x08008c71   Thumb Code   122  usart.o(i.USART1_IRQHandler)
    USART1_Init                              0x08008cf9   Thumb Code   172  usart.o(i.USART1_Init)
    USART2_IRQHandler                        0x08008dad   Thumb Code   274  distance_sensor.o(i.USART2_IRQHandler)
    USART_ClearFlag                          0x08008ed5   Thumb Code    18  stm32f4xx_usart.o(i.USART_ClearFlag)
    USART_ClearITPendingBit                  0x08008ee7   Thumb Code    30  stm32f4xx_usart.o(i.USART_ClearITPendingBit)
    USART_Cmd                                0x08008f05   Thumb Code    24  stm32f4xx_usart.o(i.USART_Cmd)
    USART_GetFlagStatus                      0x08008f1d   Thumb Code    26  stm32f4xx_usart.o(i.USART_GetFlagStatus)
    USART_GetITStatus                        0x08008f37   Thumb Code    84  stm32f4xx_usart.o(i.USART_GetITStatus)
    USART_ITConfig                           0x08008f8b   Thumb Code    74  stm32f4xx_usart.o(i.USART_ITConfig)
    USART_Init                               0x08008fd5   Thumb Code   204  stm32f4xx_usart.o(i.USART_Init)
    USART_ReceiveData                        0x080090a9   Thumb Code    10  stm32f4xx_usart.o(i.USART_ReceiveData)
    USART_SendData                           0x080090b3   Thumb Code     8  stm32f4xx_usart.o(i.USART_SendData)
    USBD_ClrCfg                              0x080090bb   Thumb Code    22  usbd_core.o(i.USBD_ClrCfg)
    USBD_CtlContinueRx                       0x08009119   Thumb Code    30  usbd_ioreq.o(i.USBD_CtlContinueRx)
    USBD_CtlContinueSendData                 0x08009137   Thumb Code    30  usbd_ioreq.o(i.USBD_CtlContinueSendData)
    USBD_CtlError                            0x08009155   Thumb Code    30  usbd_req.o(i.USBD_CtlError)
    USBD_CtlReceiveStatus                    0x08009173   Thumb Code    36  usbd_ioreq.o(i.USBD_CtlReceiveStatus)
    USBD_CtlSendData                         0x08009197   Thumb Code    46  usbd_ioreq.o(i.USBD_CtlSendData)
    USBD_CtlSendStatus                       0x080091c5   Thumb Code    36  usbd_ioreq.o(i.USBD_CtlSendStatus)
    USBD_OTG_ISR_Handler                     0x0800953d   Thumb Code   224  usb_dcd_int.o(i.USBD_OTG_ISR_Handler)
    USBD_ParseSetupRequest                   0x0800961d   Thumb Code    72  usbd_req.o(i.USBD_ParseSetupRequest)
    USBD_SetCfg                              0x0800973f   Thumb Code    30  usbd_core.o(i.USBD_SetCfg)
    USBD_StdDevReq                           0x08009925   Thumb Code   114  usbd_req.o(i.USBD_StdDevReq)
    USBD_StdEPReq                            0x08009999   Thumb Code   344  usbd_req.o(i.USBD_StdEPReq)
    USBD_StdItfReq                           0x08009af5   Thumb Code    76  usbd_req.o(i.USBD_StdItfReq)
    USB_OTG_BSP_uDelay                       0x08009b61   Thumb Code    12  usb_bsp.o(i.USB_OTG_BSP_uDelay)
    USB_OTG_EP0Activate                      0x08009b6d   Thumb Code   106  usb_core.o(i.USB_OTG_EP0Activate)
    USB_OTG_EP0StartXfer                     0x08009bd7   Thumb Code   342  usb_core.o(i.USB_OTG_EP0StartXfer)
    USB_OTG_EP0_OutStart                     0x08009d2d   Thumb Code    98  usb_core.o(i.USB_OTG_EP0_OutStart)
    USB_OTG_EPActivate                       0x08009d8f   Thumb Code   152  usb_core.o(i.USB_OTG_EPActivate)
    USB_OTG_EPClearStall                     0x08009e27   Thumb Code    80  usb_core.o(i.USB_OTG_EPClearStall)
    USB_OTG_EPSetStall                       0x08009e77   Thumb Code   100  usb_core.o(i.USB_OTG_EPSetStall)
    USB_OTG_EPStartXfer                      0x08009edb   Thumb Code   502  usb_core.o(i.USB_OTG_EPStartXfer)
    USB_OTG_FlushTxFifo                      0x0800a0d1   Thumb Code    80  usb_core.o(i.USB_OTG_FlushTxFifo)
    USB_OTG_GetDeviceSpeed                   0x0800a125   Thumb Code    52  usb_core.o(i.USB_OTG_GetDeviceSpeed)
    USB_OTG_GetMode                          0x0800a159   Thumb Code    12  usb_core.o(i.USB_OTG_GetMode)
    USB_OTG_IsDeviceMode                     0x0800a165   Thumb Code    22  usb_core.o(i.USB_OTG_IsDeviceMode)
    USB_OTG_ReadCoreItr                      0x0800a17b   Thumb Code    16  usb_core.o(i.USB_OTG_ReadCoreItr)
    USB_OTG_ReadDevAllInEPItr                0x0800a18b   Thumb Code    16  usb_core.o(i.USB_OTG_ReadDevAllInEPItr)
    USB_OTG_ReadDevAllOutEp_itr              0x0800a19b   Thumb Code    16  usb_core.o(i.USB_OTG_ReadDevAllOutEp_itr)
    USB_OTG_ReadDevOutEP_itr                 0x0800a1ab   Thumb Code    20  usb_core.o(i.USB_OTG_ReadDevOutEP_itr)
    USB_OTG_ReadPacket                       0x0800a1bf   Thumb Code    40  usb_core.o(i.USB_OTG_ReadPacket)
    USB_OTG_WritePacket                      0x0800a1e7   Thumb Code    64  usb_core.o(i.USB_OTG_WritePacket)
    UsageFault_Handler                       0x0800a227   Thumb Code     4  stm32f4xx_it.o(i.UsageFault_Handler)
    WM8978_HPvol_Set                         0x0800a22b   Thumb Code    46  wm8978.o(i.WM8978_HPvol_Set)
    WM8978_Init                              0x0800a259   Thumb Code   244  wm8978.o(i.WM8978_Init)
    WM8978_SPKvol_Set                        0x0800a355   Thumb Code    34  wm8978.o(i.WM8978_SPKvol_Set)
    WM8978_Write_Reg                         0x0800a379   Thumb Code    80  wm8978.o(i.WM8978_Write_Reg)
    __0printf                                0x0800a3cd   Thumb Code    22  printfa.o(i.__0printf)
    __1printf                                0x0800a3cd   Thumb Code     0  printfa.o(i.__0printf)
    __2printf                                0x0800a3cd   Thumb Code     0  printfa.o(i.__0printf)
    __c89printf                              0x0800a3cd   Thumb Code     0  printfa.o(i.__0printf)
    printf                                   0x0800a3cd   Thumb Code     0  printfa.o(i.__0printf)
    __0sprintf                               0x0800a3ed   Thumb Code    34  printfa.o(i.__0sprintf)
    __1sprintf                               0x0800a3ed   Thumb Code     0  printfa.o(i.__0sprintf)
    __2sprintf                               0x0800a3ed   Thumb Code     0  printfa.o(i.__0sprintf)
    __c89sprintf                             0x0800a3ed   Thumb Code     0  printfa.o(i.__0sprintf)
    sprintf                                  0x0800a3ed   Thumb Code     0  printfa.o(i.__0sprintf)
    __hardfp_sqrt                            0x0800a415   Thumb Code   122  sqrt.o(i.__hardfp_sqrt)
    __scatterload_copy                       0x0800a48f   Thumb Code    14  handlers.o(i.__scatterload_copy)
    __scatterload_null                       0x0800a49d   Thumb Code     2  handlers.o(i.__scatterload_null)
    __scatterload_zeroinit                   0x0800a49f   Thumb Code    14  handlers.o(i.__scatterload_zeroinit)
    __set_errno                              0x0800a4ad   Thumb Code     6  errno.o(i.__set_errno)
    bmp_encode                               0x0800ad75   Thumb Code   486  bmp.o(i.bmp_encode)
    camera_new_pathname                      0x0800af65   Thumb Code    86  camera_app.o(i.camera_new_pathname)
    convert_from_bytes_to_power_of_two       0x0800b249   Thumb Code    18  sdio_sdcard.o(i.convert_from_bytes_to_power_of_two)
    delay_ms                                 0x0800b6b9   Thumb Code    56  systick.o(i.delay_ms)
    delay_nms                                0x0800b6f1   Thumb Code    72  systick.o(i.delay_nms)
    delay_us                                 0x0800b73d   Thumb Code    72  systick.o(i.delay_us)
    dir_sdi                                  0x0800bdd5   Thumb Code   170  ff.o(i.dir_sdi)
    disk_initialize                          0x0800be7f   Thumb Code    44  diskio.o(i.disk_initialize)
    disk_ioctl                               0x0800bead   Thumb Code   170  diskio.o(i.disk_ioctl)
    disk_read                                0x0800bf61   Thumb Code   122  diskio.o(i.disk_read)
    disk_status                              0x0800bfdb   Thumb Code     6  diskio.o(i.disk_status)
    disk_write                               0x0800bfe1   Thumb Code   122  diskio.o(i.disk_write)
    ethernetif_input                         0x0800c05b   Thumb Code    44  ethernetif.o(i.ethernetif_input)
    f_close                                  0x0800c087   Thumb Code    38  ff.o(i.f_close)
    f_getfree                                0x0800c0ad   Thumb Code   358  ff.o(i.f_getfree)
    f_mkdir                                  0x0800c213   Thumb Code   500  ff.o(i.f_mkdir)
    f_mkfs                                   0x0800c409   Thumb Code  1384  ff.o(i.f_mkfs)
    f_mount                                  0x0800c979   Thumb Code    86  ff.o(i.f_mount)
    f_open                                   0x0800c9d5   Thumb Code   700  ff.o(i.f_open)
    f_read                                   0x0800cc91   Thumb Code   552  ff.o(i.f_read)
    f_setlabel                               0x0800ceb9   Thumb Code   612  ff.o(i.f_setlabel)
    f_sync                                   0x0800d121   Thumb Code   398  ff.o(i.f_sync)
    f_write                                  0x0800d2af   Thumb Code   658  ff.o(i.f_write)
    fatfs_getfree                            0x0800d541   Thumb Code    74  fatfs_app.o(i.fatfs_getfree)
    ff_convert                               0x0800d58d   Thumb Code   146  mycc936.o(i.ff_convert)
    ff_memalloc                              0x0800d625   Thumb Code    14  diskio.o(i.ff_memalloc)
    ff_memfree                               0x0800d633   Thumb Code    14  diskio.o(i.ff_memfree)
    ff_wtoupper                              0x0800d641   Thumb Code    46  mycc936.o(i.ff_wtoupper)
    font_init                                0x0800dc91   Thumb Code    64  font_update.o(i.font_init)
    fputc                                    0x0800dcd5   Thumb Code    32  usart.o(i.fputc)
    fupd_prog                                0x0800dcf9   Thumb Code   148  font_update.o(i.fupd_prog)
    get_fattime                              0x0800dfdb   Thumb Code     4  diskio.o(i.get_fattime)
    gui_fill_rectangle                       0x0800e029   Thumb Code    56  gui.o(i.gui_fill_rectangle)
    gui_init                                 0x0800e065   Thumb Code   138  gui.o(i.gui_init)
    jpeg_data_process                        0x0800e10d   Thumb Code   194  camera_app.o(i.jpeg_data_process)
    lwip_pkt_handle                          0x0800e429   Thumb Code    10  lwip_comm.o(i.lwip_pkt_handle)
    main                                     0x0800e439   Thumb Code    92  main.o(i.main)
    mem_free                                 0x0800e551   Thumb Code   148  mem.o(i.mem_free)
    mem_malloc                               0x0800e68d   Thumb Code   366  mem.o(i.mem_malloc)
    memp_free                                0x0800e909   Thumb Code    58  memp.o(i.memp_free)
    memp_malloc                              0x0800e9b5   Thumb Code    86  memp.o(i.memp_malloc)
    my_mem_free                              0x0800ead5   Thumb Code    96  malloc.o(i.my_mem_free)
    my_mem_init                              0x0800eb41   Thumb Code    54  malloc.o(i.my_mem_init)
    my_mem_malloc                            0x0800eb85   Thumb Code   156  malloc.o(i.my_mem_malloc)
    my_mem_perused                           0x0800ec2d   Thumb Code    54  malloc.o(i.my_mem_perused)
    my_mem_set                               0x0800ec6d   Thumb Code    20  malloc.o(i.my_mem_set)
    myfree                                   0x0800ec81   Thumb Code    30  malloc.o(i.myfree)
    mymalloc                                 0x0800eca5   Thumb Code    34  malloc.o(i.mymalloc)
    pbuf_alloc                               0x0800eccd   Thumb Code   638  pbuf.o(i.pbuf_alloc)
    pbuf_free                                0x0800f0d9   Thumb Code   244  pbuf.o(i.pbuf_free)
    pic_memalloc                             0x0800f279   Thumb Code    14  piclib.o(i.pic_memalloc)
    pic_memfree                              0x0800f287   Thumb Code    14  piclib.o(i.pic_memfree)
    piclib_draw_hline                        0x0800f31d   Thumb Code    52  piclib.o(i.piclib_draw_hline)
    piclib_fill_color                        0x0800f355   Thumb Code    44  piclib.o(i.piclib_fill_color)
    piclib_init                              0x0800f381   Thumb Code    58  piclib.o(i.piclib_init)
    system_error_show                        0x0800fa71   Thumb Code    72  main.o(i.system_error_show)
    system_exsram_test                       0x0800fac1   Thumb Code   208  main.o(i.system_exsram_test)
    system_files_erase                       0x0800fbad   Thumb Code   242  main.o(i.system_files_erase)
    system_font_update_confirm               0x0800fd09   Thumb Code   176  main.o(i.system_font_update_confirm)
    updata_fontx                             0x0800fde5   Thumb Code   374  font_update.o(i.updata_fontx)
    update_font                              0x0800ff65   Thumb Code   322  font_update.o(i.update_font)
    ascii_1206                               0x0801017c   Data        1140  tftlcd.o(.constdata)
    ascii_1608                               0x080105f0   Data        1520  tftlcd.o(.constdata)
    ascii_2412                               0x08010be0   Data        3420  tftlcd.o(.constdata)
    ascii_3216                               0x0801193c   Data       12160  tftlcd.o(.constdata)
    CnChar32x29                              0x080148bc   Data         472  tftlcd.o(.constdata)
    TP_REMIND_MSG_TBL                        0x08014a94   Data           4  touch.o(.constdata)
    memtblsize                               0x08014a98   Data          12  malloc.o(.constdata)
    memblksize                               0x08014aa4   Data          12  malloc.o(.constdata)
    memsize                                  0x08014ab0   Data          12  malloc.o(.constdata)
    GBK_PATH                                 0x08014ec8   Data          20  font_update.o(.constdata)
    UPDATE_REMIND_TBL                        0x08014edc   Data          20  font_update.o(.constdata)
    gImage_led_icon                          0x08014ef0   Data        8712  common.o(.constdata)
    gImage_clock_icon                        0x080170f8   Data        8712  common.o(.constdata)
    gImage_calc_icon                         0x08019300   Data        8712  common.o(.constdata)
    gImage_paint_icon                        0x0801b508   Data        8712  common.o(.constdata)
    gImage_picture_icon                      0x0801d710   Data        8712  common.o(.constdata)
    gImage_3d_icon                           0x0801f918   Data        8712  common.o(.constdata)
    gImage_ebook_icon                        0x08021b20   Data        8712  common.o(.constdata)
    gImage_notepad_icon                      0x08023d28   Data        8712  common.o(.constdata)
    gImage_earthnet_icon                     0x08025f30   Data        8712  common.o(.constdata)
    gImage_usb_icon                          0x08028138   Data        8712  common.o(.constdata)
    gImage_music_icon                        0x0802a340   Data        8712  common.o(.constdata)
    gImage_camera_icon                       0x0802c548   Data        8712  common.o(.constdata)
    gImage_com_icon                          0x0802e750   Data        8712  common.o(.constdata)
    gImage_qrcode_icon                       0x08030958   Data        8712  common.o(.constdata)
    gImage_phone_icon                        0x08032b60   Data        8712  common.o(.constdata)
    gImage_wireless_icon                     0x08034d68   Data        8712  common.o(.constdata)
    APP_OK_PIC                               0x08036f70   Data           4  common.o(.constdata)
    APP_CANCEL_PIC                           0x08036f74   Data           4  common.o(.constdata)
    APP_UNSELECT_PIC                         0x08036f78   Data           4  common.o(.constdata)
    APP_SELECT_PIC                           0x08036f7c   Data           4  common.o(.constdata)
    APP_VOL_PIC                              0x08036f80   Data           4  common.o(.constdata)
    APP_MODESEL_CAPTION_TBL                  0x08036f84   Data          12  common.o(.constdata)
    APP_REMIND_CAPTION_TBL                   0x08036f90   Data          12  common.o(.constdata)
    APP_SAVE_CAPTION_TBL                     0x08036f9c   Data          12  common.o(.constdata)
    APP_CREAT_ERR_MSG_TBL                    0x08036fa8   Data          12  common.o(.constdata)
    Region$$Table$$Base                      0x08037314   Number         0  anon$$obj.o(Region$$Table)
    Region$$Table$$Limit                     0x08037334   Number         0  anon$$obj.o(Region$$Table)
    mem3base                                 0x10000000   Data       61440  malloc.o(.ARM.__AT_0x10000000)
    mem3mapbase                              0x1000f000   Data        3840  malloc.o(.ARM.__AT_0x1000F000)
    VERSION                                  0x20000000   Data          30  main.o(.data)
    DMATxDescToSet                           0x20000034   Data           4  stm32f4x7_eth.o(.data)
    DMARxDescToGet                           0x20000038   Data           4  stm32f4x7_eth.o(.data)
    DMA_RX_FRAME_infos                       0x2000003c   Data           4  stm32f4x7_eth.o(.data)
    Frame_Rx_index                           0x20000040   Data           4  stm32f4x7_eth.o(.data)
    USART1_RX_STA                            0x20000048   Data           2  usart.o(.data)
    EN25QXX_TYPE                             0x2000004c   Data           2  flash.o(.data)
    OSTime                                   0x20000050   Data           4  time.o(.data)
    sd_ok                                    0x20000054   Data           1  time.o(.data)
    frame                                    0x20000056   Data           2  time.o(.data)
    frameup                                  0x20000058   Data           1  time.o(.data)
    RTC_TimeStruct                           0x20000060   Data           4  rtc.o(.data)
    RTC_DateStruct                           0x20000064   Data           4  rtc.o(.data)
    TransferError                            0x20000072   Data           1  sdio_sdcard.o(.data)
    TransferEnd                              0x20000073   Data           1  sdio_sdcard.o(.data)
    tempbuff                                 0x20000074   Data           4  sdio_sdcard.o(.data)
    hw_jsm                                   0x20000078   Data           4  hwjs.o(.data)
    hw_jsbz                                  0x2000007c   Data           1  hwjs.o(.data)
    FRONT_COLOR                              0x2000007e   Data           2  tftlcd.o(.data)
    BACK_COLOR                               0x20000080   Data           2  tftlcd.o(.data)
    tftlcd_data                              0x20000082   Data           8  tftlcd.o(.data)
    tp_dev                                   0x2000008c   Data          72  touch.o(.data)
    CMD_RDX                                  0x200000d4   Data           1  touch.o(.data)
    CMD_RDY                                  0x200000d5   Data           1  touch.o(.data)
    i2s_tx_callback                          0x2000014c   Data           4  i2s.o(.data)
    ov_frame                                 0x20000150   Data           1  dcmi.o(.data)
    dcmi_rx_callback                         0x20000154   Data           4  dcmi.o(.data)
    mallco_dev                               0x20000164   Data          36  malloc.o(.data)
    FLASH_SECTOR_COUNT                       0x20000188   Data           2  diskio.o(.data)
    file                                     0x2000018c   Data           4  fatfs_app.o(.data)
    ftemp                                    0x20000190   Data           4  fatfs_app.o(.data)
    br                                       0x20000194   Data           4  fatfs_app.o(.data)
    bw                                       0x20000198   Data           4  fatfs_app.o(.data)
    fatbuf                                   0x2000019c   Data           4  fatfs_app.o(.data)
    TCPTimer                                 0x200001a0   Data           4  lwip_comm.o(.data)
    ARPTimer                                 0x200001a4   Data           4  lwip_comm.o(.data)
    lwip_localtime                           0x200001a8   Data           4  lwip_comm.o(.data)
    ram_heap                                 0x200001ac   Data           4  mem.o(.data)
    SET_TEST_MODE                            0x200001bc   Data           4  usbd_core.o(.data)
    USBD_DCD_INT_cb                          0x200001c0   Data          44  usbd_core.o(.data)
    USBD_DCD_INT_fops                        0x200001ec   Data           4  usbd_core.o(.data)
    USBD_ep_status                           0x200001f0   Data           4  usbd_req.o(.data)
    USBD_default_cfg                         0x200001f4   Data           4  usbd_req.o(.data)
    USBD_cfg_status                          0x200001f8   Data           4  usbd_req.o(.data)
    system_task_return                       0x20000200   Data           1  common.o(.data)
    asc2_s6030                               0x20000204   Data           4  common.o(.data)
    asc2_5427                                0x20000208   Data           4  common.o(.data)
    asc2_3618                                0x2000020c   Data           4  common.o(.data)
    asc2_2814                                0x20000210   Data           4  common.o(.data)
    icon_ui_app_tbl                          0x20000214   Data         128  common.o(.data)
    rtc_showflag                             0x20000294   Data           1  common.o(.data)
    random_seed                              0x20000298   Data           4  common.o(.data)
    hsync_int                                0x200002a4   Data           1  camera_app.o(.data)
    jpeg_size                                0x200002a5   Data           1  camera_app.o(.data)
    ov2640_mode                              0x200002a6   Data           1  camera_app.o(.data)
    jpeg_data_len                            0x200002a8   Data           4  camera_app.o(.data)
    jpeg_data_ok                             0x200002ac   Data           1  camera_app.o(.data)
    jpeg_buf0                                0x200002b0   Data           4  camera_app.o(.data)
    jpeg_buf1                                0x200002b4   Data           4  camera_app.o(.data)
    jpeg_data_buf                            0x200002b8   Data           4  camera_app.o(.data)
    __stdout                                 0x200002bc   Data           4  stdout.o(.data)
    USART1_RX_BUF                            0x200002c4   Data         200  usart.o(.bss)
    EN25QXX_BUFFER                           0x2000038c   Data        4096  flash.o(.bss)
    buf                                      0x2000138c   Data          40  rtc.o(.bss)
    SDIO_InitStructure                       0x200013c0   Data          24  sdio_sdcard.o(.bss)
    SDIO_CmdInitStructure                    0x200013d8   Data          20  sdio_sdcard.o(.bss)
    SDIO_DataInitStructure                   0x200013ec   Data          24  sdio_sdcard.o(.bss)
    SDCardInfo                               0x20001428   Data          88  sdio_sdcard.o(.bss)
    SDIO_DATA_BUFFER                         0x20001480   Data         512  sdio_sdcard.o(.bss)
    mem1base                                 0x200016a0   Data       97280  malloc.o(.bss)
    mem1mapbase                              0x200192a0   Data        6080  malloc.o(.bss)
    fs                                       0x2001aa70   Data          12  fatfs_app.o(.bss)
    fileinfo                                 0x2001aa80   Data         288  fatfs_app.o(.bss)
    dir                                      0x2001aba0   Data          72  fatfs_app.o(.bss)
    ftinfo                                   0x2001abe8   Data          41  font_update.o(.bss)
    picinfo                                  0x2001ac14   Data          40  piclib.o(.bss)
    pic_phy                                  0x2001ac3c   Data          20  piclib.o(.bss)
    lwipdev                                  0x2001ac50   Data          23  lwip_comm.o(.bss)
    lwip_netif                               0x2001ac68   Data          48  lwip_comm.o(.bss)
    gui_phy                                  0x2001acc0   Data          29  gui.o(.bss)
    USB_OTG_dev                              0x2001ace0   Data        1524  usb_app.o(.bss)
    __initial_sp                             0x2001bad8   Data           0  startup_stm32f40_41xxx.o(STACK)
    mem2base                                 0x68000000   Data       983040  malloc.o(.ARM.__AT_0x68000000)
    mem2mapbase                              0x680f0000   Data       61440  malloc.o(.ARM.__AT_0x680F0000)



==============================================================================

Memory Map of the image

  Image Entry point : 0x08000189

  Load Region LR_IROM1 (Base: 0x08000000, Size: 0x000375f8, Max: 0x00100000, ABSOLUTE, COMPRESSED[0x0003746c])

    Execution Region ER_IROM1 (Exec base: 0x08000000, Load base: 0x08000000, Size: 0x00037334, Max: 0x00100000, ABSOLUTE)

    Exec Addr    Load Addr    Size         Type   Attr      Idx    E Section Name        Object

    0x08000000   0x08000000   0x00000188   Data   RO          473    RESET               startup_stm32f40_41xxx.o
    0x08000188   0x08000188   0x00000000   Code   RO        16447  * .ARM.Collect$$$$00000000  mc_w.l(entry.o)
    0x08000188   0x08000188   0x00000004   Code   RO        16840    .ARM.Collect$$$$00000001  mc_w.l(entry2.o)
    0x0800018c   0x0800018c   0x00000004   Code   RO        16843    .ARM.Collect$$$$00000004  mc_w.l(entry5.o)
    0x08000190   0x08000190   0x00000000   Code   RO        16845    .ARM.Collect$$$$00000008  mc_w.l(entry7b.o)
    0x08000190   0x08000190   0x00000000   Code   RO        16847    .ARM.Collect$$$$0000000A  mc_w.l(entry8b.o)
    0x08000190   0x08000190   0x00000008   Code   RO        16848    .ARM.Collect$$$$0000000B  mc_w.l(entry9a.o)
    0x08000198   0x08000198   0x00000000   Code   RO        16850    .ARM.Collect$$$$0000000D  mc_w.l(entry10a.o)
    0x08000198   0x08000198   0x00000000   Code   RO        16852    .ARM.Collect$$$$0000000F  mc_w.l(entry11a.o)
    0x08000198   0x08000198   0x00000004   Code   RO        16841    .ARM.Collect$$$$00002712  mc_w.l(entry2.o)
    0x0800019c   0x0800019c   0x00000024   Code   RO          474    .text               startup_stm32f40_41xxx.o
    0x080001c0   0x080001c0   0x00000062   Code   RO        16454    .text               mc_w.l(uldiv.o)
    0x08000222   0x08000222   0x00000062   Code   RO        16456    .text               mc_w.l(ldiv.o)
    0x08000284   0x08000284   0x00000024   Code   RO        16460    .text               mc_w.l(memcpya.o)
    0x080002a8   0x080002a8   0x00000018   Code   RO        16464    .text               mc_w.l(strcat.o)
    0x080002c0   0x080002c0   0x00000012   Code   RO        16478    .text               mc_w.l(strcpy.o)
    0x080002d2   0x080002d2   0x0000014e   Code   RO        16753    .text               mf_w.l(dadd.o)
    0x08000420   0x08000420   0x000000e4   Code   RO        16755    .text               mf_w.l(dmul.o)
    0x08000504   0x08000504   0x000000de   Code   RO        16757    .text               mf_w.l(ddiv.o)
    0x080005e2   0x080005e2   0x0000001a   Code   RO        16763    .text               mf_w.l(dfltui.o)
    0x080005fc   0x080005fc   0x00000032   Code   RO        16769    .text               mf_w.l(dfixui.o)
    0x0800062e   0x0800062e   0x00000026   Code   RO        16771    .text               mf_w.l(f2d.o)
    0x08000654   0x08000654   0x00000030   Code   RO        16773    .text               mf_w.l(cdcmple.o)
    0x08000684   0x08000684   0x00000030   Code   RO        16775    .text               mf_w.l(cdrcmple.o)
    0x080006b4   0x080006b4   0x0000002c   Code   RO        16855    .text               mc_w.l(uidiv.o)
    0x080006e0   0x080006e0   0x0000001e   Code   RO        16857    .text               mc_w.l(llshl.o)
    0x080006fe   0x080006fe   0x00000020   Code   RO        16859    .text               mc_w.l(llushr.o)
    0x0800071e   0x0800071e   0x00000024   Code   RO        16861    .text               mc_w.l(llsshr.o)
    0x08000742   0x08000742   0x00000000   Code   RO        16880    .text               mc_w.l(iusefp.o)
    0x08000742   0x08000742   0x000000ba   Code   RO        16883    .text               mf_w.l(depilogue.o)
    0x080007fc   0x080007fc   0x000000a2   Code   RO        16887    .text               mf_w.l(dsqrt.o)
    0x0800089e   0x0800089e   0x00000030   Code   RO        16889    .text               mf_w.l(dfixul.o)
    0x080008ce   0x080008ce   0x00000002   PAD
    0x080008d0   0x080008d0   0x00000024   Code   RO        16891    .text               mc_w.l(init.o)
    0x080008f4   0x080008f4   0x00000056   Code   RO        16942    .text               mc_w.l(__dczerorl2.o)
    0x0800094a   0x0800094a   0x00000016   Code   RO         2159    i.ADC_Cmd           stm32f4xx_adc.o
    0x08000960   0x08000960   0x00000030   Code   RO         2160    i.ADC_CommonInit    stm32f4xx_adc.o
    0x08000990   0x08000990   0x00000054   Code   RO         2179    i.ADC_Init          stm32f4xx_adc.o
    0x080009e4   0x080009e4   0x0000002c   Code   RO         2189    i.ADC_TempSensorVrefintCmd  stm32f4xx_adc.o
    0x08000a10   0x08000a10   0x00000054   Code   RO         6233    i.ADC_Temp_Init     adc_temp.o
    0x08000a64   0x08000a64   0x0000002e   Code   RO         4868    i.AT24CXX_Check     24cxx.o
    0x08000a92   0x08000a92   0x00000008   Code   RO         4869    i.AT24CXX_Init      24cxx.o
    0x08000a9a   0x08000a9a   0x0000002c   Code   RO         4871    i.AT24CXX_ReadLenByte  24cxx.o
    0x08000ac6   0x08000ac6   0x00000058   Code   RO         4872    i.AT24CXX_ReadOneByte  24cxx.o
    0x08000b1e   0x08000b1e   0x0000002a   Code   RO         4874    i.AT24CXX_WriteLenByte  24cxx.o
    0x08000b48   0x08000b48   0x00000050   Code   RO         4875    i.AT24CXX_WriteOneByte  24cxx.o
    0x08000b98   0x08000b98   0x00000044   Code   RO         4841    i.BEEP_Init         beep.o
    0x08000bdc   0x08000bdc   0x00000004   Code   RO          377    i.BusFault_Handler  stm32f4xx_it.o
    0x08000be0   0x08000be0   0x00000012   Code   RO         6353    i.CAN1_Init_RangerMini  can.o
    0x08000bf2   0x08000bf2   0x00000002   PAD
    0x08000bf4   0x08000bf4   0x000000dc   Code   RO         6354    i.CAN1_Mode_Init    can.o
    0x08000cd0   0x08000cd0   0x00000048   Code   RO         6356    i.CAN1_Receive_Msg_WithID  can.o
    0x08000d18   0x08000d18   0x00000074   Code   RO         6361    i.CAN1_Send_Msg_WithID  can.o
    0x08000d8c   0x08000d8c   0x00000108   Code   RO         3015    i.CAN_FilterInit    stm32f4xx_can.o
    0x08000e94   0x08000e94   0x00000114   Code   RO         3022    i.CAN_Init          stm32f4xx_can.o
    0x08000fa8   0x08000fa8   0x0000001e   Code   RO         3023    i.CAN_MessagePending  stm32f4xx_can.o
    0x08000fc6   0x08000fc6   0x000000f0   Code   RO         3025    i.CAN_Receive       stm32f4xx_can.o
    0x080010b6   0x080010b6   0x00000126   Code   RO         3030    i.CAN_Transmit      stm32f4xx_can.o
    0x080011dc   0x080011dc   0x000000a0   Code   RO         3031    i.CAN_TransmitStatus  stm32f4xx_can.o
    0x0800127c   0x0800127c   0x00000030   Code   RO         5351    i.CmdError          sdio_sdcard.o
    0x080012ac   0x080012ac   0x00000064   Code   RO         5352    i.CmdResp1Error     sdio_sdcard.o
    0x08001310   0x08001310   0x00000054   Code   RO         5353    i.CmdResp2Error     sdio_sdcard.o
    0x08001364   0x08001364   0x00000038   Code   RO         5354    i.CmdResp3Error     sdio_sdcard.o
    0x0800139c   0x0800139c   0x00000094   Code   RO         5355    i.CmdResp6Error     sdio_sdcard.o
    0x08001430   0x08001430   0x0000004c   Code   RO         5356    i.CmdResp7Error     sdio_sdcard.o
    0x0800147c   0x0800147c   0x00000048   Code   RO        13324    i.DCD_EP_ClrStall   usb_dcd.o
    0x080014c4   0x080014c4   0x00000068   Code   RO        13326    i.DCD_EP_Open       usb_dcd.o
    0x0800152c   0x0800152c   0x00000052   Code   RO        13327    i.DCD_EP_PrepareRx  usb_dcd.o
    0x0800157e   0x0800157e   0x0000001c   Code   RO        13328    i.DCD_EP_SetAddress  usb_dcd.o
    0x0800159a   0x0800159a   0x00000048   Code   RO        13329    i.DCD_EP_Stall      usb_dcd.o
    0x080015e2   0x080015e2   0x0000004e   Code   RO        13330    i.DCD_EP_Tx         usb_dcd.o
    0x08001630   0x08001630   0x00000066   Code   RO        13420    i.DCD_HandleEnumDone_ISR  usb_dcd_int.o
    0x08001696   0x08001696   0x00000002   PAD
    0x08001698   0x08001698   0x00000144   Code   RO        13421    i.DCD_HandleInEP_ISR  usb_dcd_int.o
    0x080017dc   0x080017dc   0x00000100   Code   RO        13422    i.DCD_HandleOutEP_ISR  usb_dcd_int.o
    0x080018dc   0x080018dc   0x00000068   Code   RO        13423    i.DCD_HandleResume_ISR  usb_dcd_int.o
    0x08001944   0x08001944   0x000000b0   Code   RO        13424    i.DCD_HandleRxStatusQueueLevel_ISR  usb_dcd_int.o
    0x080019f4   0x080019f4   0x0000002c   Code   RO        13425    i.DCD_HandleSof_ISR  usb_dcd_int.o
    0x08001a20   0x08001a20   0x000000a8   Code   RO        13426    i.DCD_HandleUSBSuspend_ISR  usb_dcd_int.o
    0x08001ac8   0x08001ac8   0x00000104   Code   RO        13427    i.DCD_HandleUsbReset_ISR  usb_dcd_int.o
    0x08001bcc   0x08001bcc   0x0000002c   Code   RO        13428    i.DCD_IsoINIncomplete_ISR  usb_dcd_int.o
    0x08001bf8   0x08001bf8   0x0000002c   Code   RO        13429    i.DCD_IsoOUTIncomplete_ISR  usb_dcd_int.o
    0x08001c24   0x08001c24   0x00000028   Code   RO        13430    i.DCD_ReadDevInEP   usb_dcd_int.o
    0x08001c4c   0x08001c4c   0x00000090   Code   RO        13431    i.DCD_WriteEmptyTxFifo  usb_dcd_int.o
    0x08001cdc   0x08001cdc   0x0000000c   Code   RO         4473    i.DCMI_ClearITPendingBit  stm32f4xx_dcmi.o
    0x08001ce8   0x08001ce8   0x0000001c   Code   RO         4477    i.DCMI_GetITStatus  stm32f4xx_dcmi.o
    0x08001d04   0x08001d04   0x0000003c   Code   RO         7490    i.DCMI_IRQHandler   dcmi.o
    0x08001d40   0x08001d40   0x0000002c   Code   RO         7427    i.DMA1_Stream4_IRQHandler  i2s.o
    0x08001d6c   0x08001d6c   0x0000002c   Code   RO         7494    i.DMA2_Stream1_IRQHandler  dcmi.o
    0x08001d98   0x08001d98   0x00000034   Code   RO         2519    i.DMA_ClearFlag     stm32f4xx_dma.o
    0x08001dcc   0x08001dcc   0x00000034   Code   RO         2520    i.DMA_ClearITPendingBit  stm32f4xx_dma.o
    0x08001e00   0x08001e00   0x00000016   Code   RO         2521    i.DMA_Cmd           stm32f4xx_dma.o
    0x08001e16   0x08001e16   0x00000002   PAD
    0x08001e18   0x08001e18   0x00000158   Code   RO         2522    i.DMA_DeInit        stm32f4xx_dma.o
    0x08001f70   0x08001f70   0x00000016   Code   RO         2525    i.DMA_FlowControllerConfig  stm32f4xx_dma.o
    0x08001f86   0x08001f86   0x00000014   Code   RO         2526    i.DMA_GetCmdStatus  stm32f4xx_dma.o
    0x08001f9a   0x08001f9a   0x00000002   PAD
    0x08001f9c   0x08001f9c   0x00000044   Code   RO         2530    i.DMA_GetFlagStatus  stm32f4xx_dma.o
    0x08001fe0   0x08001fe0   0x00000064   Code   RO         2531    i.DMA_GetITStatus   stm32f4xx_dma.o
    0x08002044   0x08002044   0x00000058   Code   RO         2533    i.DMA_Init          stm32f4xx_dma.o
    0x0800209c   0x0800209c   0x00000002   Code   RO          378    i.DebugMon_Handler  stm32f4xx_it.o
    0x0800209e   0x0800209e   0x00000002   PAD
    0x080020a0   0x080020a0   0x00000008   Code   RO         7793    i.DistanceSensor_GetData  distance_sensor.o
    0x080020a8   0x080020a8   0x000000c8   Code   RO         7794    i.DistanceSensor_Init  distance_sensor.o
    0x08002170   0x08002170   0x00000018   Code   RO         7795    i.DistanceSensor_NewData  distance_sensor.o
    0x08002188   0x08002188   0x000000c8   Code   RO         7796    i.DistanceSensor_Print  distance_sensor.o
    0x08002250   0x08002250   0x00000130   Code   RO         7797    i.DistanceSensor_Process  distance_sensor.o
    0x08002380   0x08002380   0x0000002c   Code   RO         5018    i.EN25QXX_Erase_Chip  flash.o
    0x080023ac   0x080023ac   0x00000058   Code   RO         5019    i.EN25QXX_Erase_Sector  flash.o
    0x08002404   0x08002404   0x00000094   Code   RO         5020    i.EN25QXX_Init      flash.o
    0x08002498   0x08002498   0x00000050   Code   RO         5022    i.EN25QXX_Read      flash.o
    0x080024e8   0x080024e8   0x00000048   Code   RO         5023    i.EN25QXX_ReadID    flash.o
    0x08002530   0x08002530   0x0000002c   Code   RO         5024    i.EN25QXX_ReadSR    flash.o
    0x0800255c   0x0800255c   0x00000012   Code   RO         5026    i.EN25QXX_Wait_Busy  flash.o
    0x0800256e   0x0800256e   0x00000002   PAD
    0x08002570   0x08002570   0x000000b8   Code   RO         5027    i.EN25QXX_Write     flash.o
    0x08002628   0x08002628   0x00000020   Code   RO         5029    i.EN25QXX_Write_Enable  flash.o
    0x08002648   0x08002648   0x00000046   Code   RO         5030    i.EN25QXX_Write_NoCheck  flash.o
    0x0800268e   0x0800268e   0x00000002   PAD
    0x08002690   0x08002690   0x00000054   Code   RO         5031    i.EN25QXX_Write_Page  flash.o
    0x080026e4   0x080026e4   0x0000000c   Code   RO         3938    i.ETH_DMAClearITPendingBit  stm32f4x7_eth.o
    0x080026f0   0x080026f0   0x0000000a   Code   RO         3967    i.ETH_GetDMARxDescFrameLength  stm32f4x7_eth.o
    0x080026fa   0x080026fa   0x0000002a   Code   RO         3980    i.ETH_GetRxPktSize  stm32f4x7_eth.o
    0x08002724   0x08002724   0x00000028   Code   RO         5647    i.ETH_IRQHandler    lan8720.o
    0x0800274c   0x0800274c   0x0000009c   Code   RO         5651    i.ETH_Rx_Packet     lan8720.o
    0x080027e8   0x080027e8   0x0000008c   Code   RO         5566    i.EXTI9_5_IRQHandler  hwjs.o
    0x08002874   0x08002874   0x0000000c   Code   RO         1030    i.EXTI_ClearITPendingBit  stm32f4xx_exti.o
    0x08002880   0x08002880   0x00000094   Code   RO         1035    i.EXTI_Init         stm32f4xx_exti.o
    0x08002914   0x08002914   0x00000084   Code   RO         8425    i.FATFS_Init        fatfs_app.o
    0x08002998   0x08002998   0x00000034   Code   RO         3187    i.FSMC_NORSRAMCmd   stm32f4xx_fsmc.o
    0x080029cc   0x080029cc   0x00000128   Code   RO         3189    i.FSMC_NORSRAMInit  stm32f4xx_fsmc.o
    0x08002af4   0x08002af4   0x000002cc   Code   RO         4802    i.FSMC_SRAM_Init    sram.o
    0x08002dc0   0x08002dc0   0x00000016   Code   RO         4803    i.FSMC_SRAM_ReadBuffer  sram.o
    0x08002dd6   0x08002dd6   0x00000018   Code   RO         4804    i.FSMC_SRAM_WriteBuffer  sram.o
    0x08002dee   0x08002dee   0x00000002   PAD
    0x08002df0   0x08002df0   0x00000194   Code   RO         5357    i.FindSCR           sdio_sdcard.o
    0x08002f84   0x08002f84   0x00000090   Code   RO          482    i.GPIO_Init         stm32f4xx_gpio.o
    0x08003014   0x08003014   0x00000046   Code   RO          483    i.GPIO_PinAFConfig  stm32f4xx_gpio.o
    0x0800305a   0x0800305a   0x00000012   Code   RO          486    i.GPIO_ReadInputDataBit  stm32f4xx_gpio.o
    0x0800306c   0x0800306c   0x00000004   Code   RO          489    i.GPIO_ResetBits    stm32f4xx_gpio.o
    0x08003070   0x08003070   0x00000004   Code   RO          490    i.GPIO_SetBits      stm32f4xx_gpio.o
    0x08003074   0x08003074   0x00000030   Code   RO         5567    i.HW_jssj           hwjs.o
    0x080030a4   0x080030a4   0x00000004   Code   RO          379    i.HardFault_Handler  stm32f4xx_it.o
    0x080030a8   0x080030a8   0x00000ce4   Code   RO            4    i.Hardware_Check    main.o
    0x08003d8c   0x08003d8c   0x00000038   Code   RO         4937    i.IIC_Ack           iic.o
    0x08003dc4   0x08003dc4   0x0000004c   Code   RO         4938    i.IIC_Init          iic.o
    0x08003e10   0x08003e10   0x00000038   Code   RO         4939    i.IIC_NAck          iic.o
    0x08003e48   0x08003e48   0x00000058   Code   RO         4940    i.IIC_Read_Byte     iic.o
    0x08003ea0   0x08003ea0   0x00000064   Code   RO         4941    i.IIC_Send_Byte     iic.o
    0x08003f04   0x08003f04   0x00000038   Code   RO         4942    i.IIC_Start         iic.o
    0x08003f3c   0x08003f3c   0x00000038   Code   RO         4943    i.IIC_Stop          iic.o
    0x08003f74   0x08003f74   0x0000004c   Code   RO         4944    i.IIC_Wait_Ack      iic.o
    0x08003fc0   0x08003fc0   0x00000004   Code   RO         4618    i.INTX_DISABLE      system.o
    0x08003fc4   0x08003fc4   0x00000004   Code   RO         4619    i.INTX_ENABLE       system.o
    0x08003fc8   0x08003fc8   0x000000a0   Code   RO         5358    i.IsCardProgramming  sdio_sdcard.o
    0x08004068   0x08004068   0x00000044   Code   RO         4768    i.KEY_Init          key.o
    0x080040ac   0x080040ac   0x000000a0   Code   RO         4769    i.KEY_Scan          key.o
    0x0800414c   0x0800414c   0x00000048   Code   RO         5729    i.LCD_Clear         tftlcd.o
    0x08004194   0x08004194   0x0000005e   Code   RO         5730    i.LCD_Color_Fill    tftlcd.o
    0x080041f2   0x080041f2   0x00000002   PAD
    0x080041f4   0x080041f4   0x00000048   Code   RO         5731    i.LCD_Display_Dir   tftlcd.o
    0x0800423c   0x0800423c   0x0000001c   Code   RO         5732    i.LCD_DrawFRONT_COLOR  tftlcd.o
    0x08004258   0x08004258   0x000000b0   Code   RO         5733    i.LCD_DrawLine      tftlcd.o
    0x08004308   0x08004308   0x00000020   Code   RO         5735    i.LCD_DrawPoint     tftlcd.o
    0x08004328   0x08004328   0x00000098   Code   RO         5737    i.LCD_Draw_Circle   tftlcd.o
    0x080043c0   0x080043c0   0x0000005c   Code   RO         5739    i.LCD_Fill          tftlcd.o
    0x0800441c   0x0800441c   0x00000016   Code   RO         5740    i.LCD_Pow           tftlcd.o
    0x08004432   0x08004432   0x00000002   PAD
    0x08004434   0x08004434   0x0000000c   Code   RO         5742    i.LCD_ReadData      tftlcd.o
    0x08004440   0x08004440   0x00000064   Code   RO         5743    i.LCD_ReadPoint     tftlcd.o
    0x080044a4   0x080044a4   0x0000004a   Code   RO         5745    i.LCD_Set_Window    tftlcd.o
    0x080044ee   0x080044ee   0x00000002   PAD
    0x080044f0   0x080044f0   0x00000128   Code   RO         5746    i.LCD_ShowChar      tftlcd.o
    0x08004618   0x08004618   0x00000094   Code   RO         5748    i.LCD_ShowNum       tftlcd.o
    0x080046ac   0x080046ac   0x00000066   Code   RO         5750    i.LCD_ShowString    tftlcd.o
    0x08004712   0x08004712   0x000000be   Code   RO         5751    i.LCD_ShowxNum      tftlcd.o
    0x080047d0   0x080047d0   0x0000000c   Code   RO         5752    i.LCD_WriteCmd      tftlcd.o
    0x080047dc   0x080047dc   0x0000000c   Code   RO         5754    i.LCD_WriteData     tftlcd.o
    0x080047e8   0x080047e8   0x00000018   Code   RO         5755    i.LCD_WriteData_Color  tftlcd.o
    0x08004800   0x08004800   0x00000058   Code   RO         4741    i.LED_Init          led.o
    0x08004858   0x08004858   0x00000084   Code   RO         6533    i.Lsens_Init        lsens.o
    0x080048dc   0x080048dc   0x0000007a   Code   RO         6573    i.MPU6050_Init      mpu6050.o
    0x08004956   0x08004956   0x0000003a   Code   RO         6574    i.MPU6050_Read_Byte  mpu6050.o
    0x08004990   0x08004990   0x00000010   Code   RO         6576    i.MPU6050_Set_Accel_Fsr  mpu6050.o
    0x080049a0   0x080049a0   0x00000010   Code   RO         6577    i.MPU6050_Set_Gyro_Fsr  mpu6050.o
    0x080049b0   0x080049b0   0x0000003a   Code   RO         6578    i.MPU6050_Set_LPF   mpu6050.o
    0x080049ea   0x080049ea   0x0000003a   Code   RO         6579    i.MPU6050_Set_Rate  mpu6050.o
    0x08004a24   0x08004a24   0x00000044   Code   RO         6580    i.MPU6050_Write_Byte  mpu6050.o
    0x08004a68   0x08004a68   0x00000004   Code   RO          380    i.MemManage_Handler  stm32f4xx_it.o
    0x08004a6c   0x08004a6c   0x00000002   Code   RO          381    i.NMI_Handler       stm32f4xx_it.o
    0x08004a6e   0x08004a6e   0x00000002   PAD
    0x08004a70   0x08004a70   0x00000078   Code   RO          981    i.NVIC_Init         misc.o
    0x08004ae8   0x08004ae8   0x00000014   Code   RO          982    i.NVIC_PriorityGroupConfig  misc.o
    0x08004afc   0x08004afc   0x00000010   Code   RO        14269    i.OTG_FS_IRQHandler  usbd_usr.o
    0x08004b0c   0x08004b0c   0x0000000c   Code   RO         2039    i.PWR_BackupAccessCmd  stm32f4xx_pwr.o
    0x08004b18   0x08004b18   0x00000002   Code   RO          382    i.PendSV_Handler    stm32f4xx_it.o
    0x08004b1a   0x08004b1a   0x00000002   PAD
    0x08004b1c   0x08004b1c   0x00000020   Code   RO          583    i.RCC_AHB1PeriphClockCmd  stm32f4xx_rcc.o
    0x08004b3c   0x08004b3c   0x00000020   Code   RO          589    i.RCC_AHB3PeriphClockCmd  stm32f4xx_rcc.o
    0x08004b5c   0x08004b5c   0x00000020   Code   RO          592    i.RCC_APB1PeriphClockCmd  stm32f4xx_rcc.o
    0x08004b7c   0x08004b7c   0x00000020   Code   RO          595    i.RCC_APB2PeriphClockCmd  stm32f4xx_rcc.o
    0x08004b9c   0x08004b9c   0x00000020   Code   RO          597    i.RCC_APB2PeriphResetCmd  stm32f4xx_rcc.o
    0x08004bbc   0x08004bbc   0x000000e8   Code   RO          604    i.RCC_GetClocksFreq  stm32f4xx_rcc.o
    0x08004ca4   0x08004ca4   0x00000040   Code   RO          605    i.RCC_GetFlagStatus  stm32f4xx_rcc.o
    0x08004ce4   0x08004ce4   0x0000002c   Code   RO          613    i.RCC_LSEConfig     stm32f4xx_rcc.o
    0x08004d10   0x08004d10   0x0000000c   Code   RO          627    i.RCC_RTCCLKCmd     stm32f4xx_rcc.o
    0x08004d1c   0x08004d1c   0x0000003c   Code   RO          628    i.RCC_RTCCLKConfig  stm32f4xx_rcc.o
    0x08004d58   0x08004d58   0x0000001e   Code   RO         5284    i.RTC_Alarm_IRQHandler  rtc.o
    0x08004d76   0x08004d76   0x00000016   Code   RO         2654    i.RTC_Bcd2ToByte    stm32f4xx_rtc.o
    0x08004d8c   0x08004d8c   0x0000001c   Code   RO         2656    i.RTC_ByteToBcd2    stm32f4xx_rtc.o
    0x08004da8   0x08004da8   0x0000001c   Code   RO         2659    i.RTC_ClearFlag     stm32f4xx_rtc.o
    0x08004dc4   0x08004dc4   0x00000020   Code   RO         2660    i.RTC_ClearITPendingBit  stm32f4xx_rtc.o
    0x08004de4   0x08004de4   0x0000008a   Code   RO         5285    i.RTC_Config        rtc.o
    0x08004e6e   0x08004e6e   0x00000002   PAD
    0x08004e70   0x08004e70   0x00000050   Code   RO         2666    i.RTC_EnterInitMode  stm32f4xx_rtc.o
    0x08004ec0   0x08004ec0   0x00000014   Code   RO         2667    i.RTC_ExitInitMode  stm32f4xx_rtc.o
    0x08004ed4   0x08004ed4   0x0000004c   Code   RO         2670    i.RTC_GetDate       stm32f4xx_rtc.o
    0x08004f20   0x08004f20   0x00000028   Code   RO         2671    i.RTC_GetFlagStatus  stm32f4xx_rtc.o
    0x08004f48   0x08004f48   0x00000050   Code   RO         2675    i.RTC_GetTime       stm32f4xx_rtc.o
    0x08004f98   0x08004f98   0x00000064   Code   RO         2679    i.RTC_ITConfig      stm32f4xx_rtc.o
    0x08004ffc   0x08004ffc   0x00000064   Code   RO         2680    i.RTC_Init          stm32f4xx_rtc.o
    0x08005060   0x08005060   0x00000020   Code   RO         2683    i.RTC_ReadBackupRegister  stm32f4xx_rtc.o
    0x08005080   0x08005080   0x000000c8   Code   RO         2686    i.RTC_SetDate       stm32f4xx_rtc.o
    0x08005148   0x08005148   0x000000d0   Code   RO         2687    i.RTC_SetTime       stm32f4xx_rtc.o
    0x08005218   0x08005218   0x0000001c   Code   RO         2688    i.RTC_SetWakeUpCounter  stm32f4xx_rtc.o
    0x08005234   0x08005234   0x00000024   Code   RO         5287    i.RTC_Set_Date      rtc.o
    0x08005258   0x08005258   0x00000024   Code   RO         5288    i.RTC_Set_Time      rtc.o
    0x0800527c   0x0800527c   0x00000072   Code   RO         5289    i.RTC_Set_WakeUp    rtc.o
    0x080052ee   0x080052ee   0x00000002   PAD
    0x080052f0   0x080052f0   0x000000b4   Code   RO         5290    i.RTC_WKUP_IRQHandler  rtc.o
    0x080053a4   0x080053a4   0x00000060   Code   RO         2703    i.RTC_WaitForSynchro  stm32f4xx_rtc.o
    0x08005404   0x08005404   0x00000030   Code   RO         2704    i.RTC_WakeUpClockConfig  stm32f4xx_rtc.o
    0x08005434   0x08005434   0x00000078   Code   RO         2705    i.RTC_WakeUpCmd     stm32f4xx_rtc.o
    0x080054ac   0x080054ac   0x0000001c   Code   RO         2706    i.RTC_WriteBackupRegister  stm32f4xx_rtc.o
    0x080054c8   0x080054c8   0x00000024   Code   RO         4945    i.SDA_IN            iic.o
    0x080054ec   0x080054ec   0x00000030   Code   RO         4946    i.SDA_OUT           iic.o
    0x0800551c   0x0800551c   0x000000ac   Code   RO         5359    i.SDEnWideBus       sdio_sdcard.o
    0x080055c8   0x080055c8   0x0000000c   Code   RO         3738    i.SDIO_ClearFlag    stm32f4xx_sdio.o
    0x080055d4   0x080055d4   0x00000014   Code   RO         5360    i.SDIO_Clock_Set    sdio_sdcard.o
    0x080055e8   0x080055e8   0x00000034   Code   RO         3744    i.SDIO_DataConfig   stm32f4xx_sdio.o
    0x0800561c   0x0800561c   0x00000018   Code   RO         3750    i.SDIO_GetFlagStatus  stm32f4xx_sdio.o
    0x08005634   0x08005634   0x00000010   Code   RO         3752    i.SDIO_GetPowerState  stm32f4xx_sdio.o
    0x08005644   0x08005644   0x00000008   Code   RO         5361    i.SDIO_IRQHandler   sdio_sdcard.o
    0x0800564c   0x0800564c   0x00000030   Code   RO         3755    i.SDIO_Init         stm32f4xx_sdio.o
    0x0800567c   0x0800567c   0x00000038   Code   RO         5362    i.SDIO_Register_Deinit  sdio_sdcard.o
    0x080056b4   0x080056b4   0x0000002c   Code   RO         3758    i.SDIO_SendCommand  stm32f4xx_sdio.o
    0x080056e0   0x080056e0   0x0000000c   Code   RO         3760    i.SDIO_SetPowerState  stm32f4xx_sdio.o
    0x080056ec   0x080056ec   0x00000080   Code   RO         5363    i.SD_DMA_Config     sdio_sdcard.o
    0x0800576c   0x0800576c   0x00000068   Code   RO         5364    i.SD_EnableWideBusOperation  sdio_sdcard.o
    0x080057d4   0x080057d4   0x00000314   Code   RO         5365    i.SD_GetCardInfo    sdio_sdcard.o
    0x08005ae8   0x08005ae8   0x00000130   Code   RO         5367    i.SD_Init           sdio_sdcard.o
    0x08005c18   0x08005c18   0x00000164   Code   RO         5368    i.SD_InitializeCards  sdio_sdcard.o
    0x08005d7c   0x08005d7c   0x000001e4   Code   RO         5370    i.SD_PowerON        sdio_sdcard.o
    0x08005f60   0x08005f60   0x00000154   Code   RO         5371    i.SD_ProcessIRQSrc  sdio_sdcard.o
    0x080060b4   0x080060b4   0x00000268   Code   RO         5372    i.SD_ReadBlock      sdio_sdcard.o
    0x0800631c   0x0800631c   0x00000098   Code   RO         5373    i.SD_ReadDisk       sdio_sdcard.o
    0x080063b4   0x080063b4   0x000002f4   Code   RO         5374    i.SD_ReadMultiBlocks  sdio_sdcard.o
    0x080066a8   0x080066a8   0x00000030   Code   RO         5375    i.SD_SelectDeselect  sdio_sdcard.o
    0x080066d8   0x080066d8   0x00000018   Code   RO         5377    i.SD_SetDeviceMode  sdio_sdcard.o
    0x080066f0   0x080066f0   0x00000388   Code   RO         5378    i.SD_WriteBlock     sdio_sdcard.o
    0x08006a78   0x08006a78   0x00000098   Code   RO         5379    i.SD_WriteDisk      sdio_sdcard.o
    0x08006b10   0x08006b10   0x000003d0   Code   RO         5380    i.SD_WriteMultiBlocks  sdio_sdcard.o
    0x08006ee0   0x08006ee0   0x000000c4   Code   RO         5136    i.SPI1_Init         spi.o
    0x08006fa4   0x08006fa4   0x00000038   Code   RO         5137    i.SPI1_ReadWriteByte  spi.o
    0x08006fdc   0x08006fdc   0x00000028   Code   RO         5138    i.SPI1_SetSpeed     spi.o
    0x08007004   0x08007004   0x00000018   Code   RO         3317    i.SPI_Cmd           stm32f4xx_spi.o
    0x0800701c   0x0800701c   0x00000012   Code   RO         3325    i.SPI_I2S_GetFlagStatus  stm32f4xx_spi.o
    0x0800702e   0x0800702e   0x00000006   Code   RO         3328    i.SPI_I2S_ReceiveData  stm32f4xx_spi.o
    0x08007034   0x08007034   0x00000004   Code   RO         3329    i.SPI_I2S_SendData  stm32f4xx_spi.o
    0x08007038   0x08007038   0x0000003c   Code   RO         3330    i.SPI_Init          stm32f4xx_spi.o
    0x08007074   0x08007074   0x00000002   Code   RO          383    i.SVC_Handler       stm32f4xx_it.o
    0x08007076   0x08007076   0x00000002   PAD
    0x08007078   0x08007078   0x00000254   Code   RO            5    i.SensorData_ShowScreen  main.o
    0x080072cc   0x080072cc   0x000000ec   Code   RO         4577    i.SetSysClock       system_stm32f4xx.o
    0x080073b8   0x080073b8   0x00000028   Code   RO          985    i.SysTick_CLKSourceConfig  misc.o
    0x080073e0   0x080073e0   0x00000002   Code   RO          384    i.SysTick_Handler   stm32f4xx_it.o
    0x080073e2   0x080073e2   0x00000002   PAD
    0x080073e4   0x080073e4   0x0000003c   Code   RO         4651    i.SysTick_Init      systick.o
    0x08007420   0x08007420   0x00000068   Code   RO         4579    i.SystemInit        system_stm32f4xx.o
    0x08007488   0x08007488   0x0000007e   Code   RO         5756    i.TFTLCD_FSMC_Init  tftlcd.o
    0x08007506   0x08007506   0x00000002   PAD
    0x08007508   0x08007508   0x000001b8   Code   RO         5757    i.TFTLCD_GPIO_Init  tftlcd.o
    0x080076c0   0x080076c0   0x000001c0   Code   RO         5758    i.TFTLCD_Init       tftlcd.o
    0x08007880   0x08007880   0x000000b4   Code   RO         5175    i.TIM2_IRQHandler   time.o
    0x08007934   0x08007934   0x00000094   Code   RO         5176    i.TIM2_Init         time.o
    0x080079c8   0x080079c8   0x0000002c   Code   RO         5177    i.TIM3_IRQHandler   time.o
    0x080079f4   0x080079f4   0x000000ec   Code   RO         5179    i.TIM4_IRQHandler   time.o
    0x08007ae0   0x08007ae0   0x00000064   Code   RO         5180    i.TIM4_Init         time.o
    0x08007b44   0x08007b44   0x00000024   Code   RO         5181    i.TIM6_DAC_IRQHandler  time.o
    0x08007b68   0x08007b68   0x00000006   Code   RO         1106    i.TIM_ClearITPendingBit  stm32f4xx_tim.o
    0x08007b6e   0x08007b6e   0x00000018   Code   RO         1111    i.TIM_Cmd           stm32f4xx_tim.o
    0x08007b86   0x08007b86   0x00000022   Code   RO         1132    i.TIM_GetITStatus   stm32f4xx_tim.o
    0x08007ba8   0x08007ba8   0x00000012   Code   RO         1136    i.TIM_ITConfig      stm32f4xx_tim.o
    0x08007bba   0x08007bba   0x00000002   PAD
    0x08007bbc   0x08007bbc   0x00000084   Code   RO         1183    i.TIM_TimeBaseInit  stm32f4xx_tim.o
    0x08007c40   0x08007c40   0x000001a8   Code   RO         6090    i.TP_Adj_Info_Show  touch.o
    0x08007de8   0x08007de8   0x00000900   Code   RO         6091    i.TP_Adjust         touch.o
    0x080086e8   0x080086e8   0x00000070   Code   RO         6093    i.TP_Drow_Touch_Point  touch.o
    0x08008758   0x08008758   0x000000b4   Code   RO         6094    i.TP_Get_Adjdata    touch.o
    0x0800880c   0x0800880c   0x000000a4   Code   RO         6095    i.TP_Init           touch.o
    0x080088b0   0x080088b0   0x00000094   Code   RO         6096    i.TP_Read_AD        touch.o
    0x08008944   0x08008944   0x0000007a   Code   RO         6097    i.TP_Read_XOY       touch.o
    0x080089be   0x080089be   0x00000002   PAD
    0x080089c0   0x080089c0   0x00000030   Code   RO         6098    i.TP_Read_XY        touch.o
    0x080089f0   0x080089f0   0x000000c0   Code   RO         6099    i.TP_Read_XY2       touch.o
    0x08008ab0   0x08008ab0   0x00000080   Code   RO         6100    i.TP_Save_Adjdata   touch.o
    0x08008b30   0x08008b30   0x000000f4   Code   RO         6101    i.TP_Scan           touch.o
    0x08008c24   0x08008c24   0x0000004c   Code   RO         6102    i.TP_Write_Byte     touch.o
    0x08008c70   0x08008c70   0x00000088   Code   RO         4698    i.USART1_IRQHandler  usart.o
    0x08008cf8   0x08008cf8   0x000000b4   Code   RO         4699    i.USART1_Init       usart.o
    0x08008dac   0x08008dac   0x00000128   Code   RO         7798    i.USART2_IRQHandler  distance_sensor.o
    0x08008ed4   0x08008ed4   0x00000012   Code   RO         1661    i.USART_ClearFlag   stm32f4xx_usart.o
    0x08008ee6   0x08008ee6   0x0000001e   Code   RO         1662    i.USART_ClearITPendingBit  stm32f4xx_usart.o
    0x08008f04   0x08008f04   0x00000018   Code   RO         1665    i.USART_Cmd         stm32f4xx_usart.o
    0x08008f1c   0x08008f1c   0x0000001a   Code   RO         1668    i.USART_GetFlagStatus  stm32f4xx_usart.o
    0x08008f36   0x08008f36   0x00000054   Code   RO         1669    i.USART_GetITStatus  stm32f4xx_usart.o
    0x08008f8a   0x08008f8a   0x0000004a   Code   RO         1671    i.USART_ITConfig    stm32f4xx_usart.o
    0x08008fd4   0x08008fd4   0x000000d4   Code   RO         1672    i.USART_Init        stm32f4xx_usart.o
    0x080090a8   0x080090a8   0x0000000a   Code   RO         1679    i.USART_ReceiveData  stm32f4xx_usart.o
    0x080090b2   0x080090b2   0x00000008   Code   RO         1682    i.USART_SendData    stm32f4xx_usart.o
    0x080090ba   0x080090ba   0x00000016   Code   RO        13508    i.USBD_ClrCfg       usbd_core.o
    0x080090d0   0x080090d0   0x00000048   Code   RO        13681    i.USBD_ClrFeature   usbd_req.o
    0x08009118   0x08009118   0x0000001e   Code   RO        13621    i.USBD_CtlContinueRx  usbd_ioreq.o
    0x08009136   0x08009136   0x0000001e   Code   RO        13622    i.USBD_CtlContinueSendData  usbd_ioreq.o
    0x08009154   0x08009154   0x0000001e   Code   RO        13682    i.USBD_CtlError     usbd_req.o
    0x08009172   0x08009172   0x00000024   Code   RO        13624    i.USBD_CtlReceiveStatus  usbd_ioreq.o
    0x08009196   0x08009196   0x0000002e   Code   RO        13625    i.USBD_CtlSendData  usbd_ioreq.o
    0x080091c4   0x080091c4   0x00000024   Code   RO        13626    i.USBD_CtlSendStatus  usbd_ioreq.o
    0x080091e8   0x080091e8   0x000000d0   Code   RO        13509    i.USBD_DataInStage  usbd_core.o
    0x080092b8   0x080092b8   0x00000096   Code   RO        13510    i.USBD_DataOutStage  usbd_core.o
    0x0800934e   0x0800934e   0x00000002   PAD
    0x08009350   0x08009350   0x00000054   Code   RO        13683    i.USBD_GetConfig    usbd_req.o
    0x080093a4   0x080093a4   0x00000122   Code   RO        13684    i.USBD_GetDescriptor  usbd_req.o
    0x080094c6   0x080094c6   0x00000002   PAD
    0x080094c8   0x080094c8   0x00000050   Code   RO        13686    i.USBD_GetStatus    usbd_req.o
    0x08009518   0x08009518   0x00000012   Code   RO        13513    i.USBD_IsoINIncomplete  usbd_core.o
    0x0800952a   0x0800952a   0x00000012   Code   RO        13514    i.USBD_IsoOUTIncomplete  usbd_core.o
    0x0800953c   0x0800953c   0x000000e0   Code   RO        13432    i.USBD_OTG_ISR_Handler  usb_dcd_int.o
    0x0800961c   0x0800961c   0x00000048   Code   RO        13688    i.USBD_ParseSetupRequest  usbd_req.o
    0x08009664   0x08009664   0x00000032   Code   RO        13515    i.USBD_Reset        usbd_core.o
    0x08009696   0x08009696   0x0000001e   Code   RO        13516    i.USBD_Resume       usbd_core.o
    0x080096b4   0x080096b4   0x00000014   Code   RO        13517    i.USBD_RunTestMode  usbd_core.o
    0x080096c8   0x080096c8   0x0000001a   Code   RO        13518    i.USBD_SOF          usbd_core.o
    0x080096e2   0x080096e2   0x0000005c   Code   RO        13689    i.USBD_SetAddress   usbd_req.o
    0x0800973e   0x0800973e   0x0000001e   Code   RO        13519    i.USBD_SetCfg       usbd_core.o
    0x0800975c   0x0800975c   0x000000d0   Code   RO        13690    i.USBD_SetConfig    usbd_req.o
    0x0800982c   0x0800982c   0x000000a4   Code   RO        13691    i.USBD_SetFeature   usbd_req.o
    0x080098d0   0x080098d0   0x00000054   Code   RO        13520    i.USBD_SetupStage   usbd_core.o
    0x08009924   0x08009924   0x00000072   Code   RO        13692    i.USBD_StdDevReq    usbd_req.o
    0x08009996   0x08009996   0x00000002   PAD
    0x08009998   0x08009998   0x0000015c   Code   RO        13693    i.USBD_StdEPReq     usbd_req.o
    0x08009af4   0x08009af4   0x0000004c   Code   RO        13694    i.USBD_StdItfReq    usbd_req.o
    0x08009b40   0x08009b40   0x00000020   Code   RO        13521    i.USBD_Suspend      usbd_core.o
    0x08009b60   0x08009b60   0x0000000c   Code   RO        14081    i.USB_OTG_BSP_uDelay  usb_bsp.o
    0x08009b6c   0x08009b6c   0x0000006a   Code   RO        13079    i.USB_OTG_EP0Activate  usb_core.o
    0x08009bd6   0x08009bd6   0x00000156   Code   RO        13080    i.USB_OTG_EP0StartXfer  usb_core.o
    0x08009d2c   0x08009d2c   0x00000062   Code   RO        13081    i.USB_OTG_EP0_OutStart  usb_core.o
    0x08009d8e   0x08009d8e   0x00000098   Code   RO        13082    i.USB_OTG_EPActivate  usb_core.o
    0x08009e26   0x08009e26   0x00000050   Code   RO        13083    i.USB_OTG_EPClearStall  usb_core.o
    0x08009e76   0x08009e76   0x00000064   Code   RO        13085    i.USB_OTG_EPSetStall  usb_core.o
    0x08009eda   0x08009eda   0x000001f6   Code   RO        13086    i.USB_OTG_EPStartXfer  usb_core.o
    0x0800a0d0   0x0800a0d0   0x00000054   Code   RO        13091    i.USB_OTG_FlushTxFifo  usb_core.o
    0x0800a124   0x0800a124   0x00000034   Code   RO        13092    i.USB_OTG_GetDeviceSpeed  usb_core.o
    0x0800a158   0x0800a158   0x0000000c   Code   RO        13094    i.USB_OTG_GetMode   usb_core.o
    0x0800a164   0x0800a164   0x00000016   Code   RO        13096    i.USB_OTG_IsDeviceMode  usb_core.o
    0x0800a17a   0x0800a17a   0x00000010   Code   RO        13098    i.USB_OTG_ReadCoreItr  usb_core.o
    0x0800a18a   0x0800a18a   0x00000010   Code   RO        13099    i.USB_OTG_ReadDevAllInEPItr  usb_core.o
    0x0800a19a   0x0800a19a   0x00000010   Code   RO        13100    i.USB_OTG_ReadDevAllOutEp_itr  usb_core.o
    0x0800a1aa   0x0800a1aa   0x00000014   Code   RO        13101    i.USB_OTG_ReadDevOutEP_itr  usb_core.o
    0x0800a1be   0x0800a1be   0x00000028   Code   RO        13103    i.USB_OTG_ReadPacket  usb_core.o
    0x0800a1e6   0x0800a1e6   0x00000040   Code   RO        13109    i.USB_OTG_WritePacket  usb_core.o
    0x0800a226   0x0800a226   0x00000004   Code   RO          385    i.UsageFault_Handler  stm32f4xx_it.o
    0x0800a22a   0x0800a22a   0x0000002e   Code   RO         7209    i.WM8978_HPvol_Set  wm8978.o
    0x0800a258   0x0800a258   0x000000fc   Code   RO         7211    i.WM8978_Init       wm8978.o
    0x0800a354   0x0800a354   0x00000022   Code   RO         7217    i.WM8978_SPKvol_Set  wm8978.o
    0x0800a376   0x0800a376   0x00000002   PAD
    0x0800a378   0x0800a378   0x00000054   Code   RO         7218    i.WM8978_Write_Reg  wm8978.o
    0x0800a3cc   0x0800a3cc   0x00000020   Code   RO        16717    i.__0printf         mc_w.l(printfa.o)
    0x0800a3ec   0x0800a3ec   0x00000028   Code   RO        16719    i.__0sprintf        mc_w.l(printfa.o)
    0x0800a414   0x0800a414   0x0000007a   Code   RO        16423    i.__hardfp_sqrt     m_wm.l(sqrt.o)
    0x0800a48e   0x0800a48e   0x0000000e   Code   RO        16936    i.__scatterload_copy  mc_w.l(handlers.o)
    0x0800a49c   0x0800a49c   0x00000002   Code   RO        16937    i.__scatterload_null  mc_w.l(handlers.o)
    0x0800a49e   0x0800a49e   0x0000000e   Code   RO        16938    i.__scatterload_zeroinit  mc_w.l(handlers.o)
    0x0800a4ac   0x0800a4ac   0x0000000c   Code   RO        16865    i.__set_errno       mc_w.l(errno.o)
    0x0800a4b8   0x0800a4b8   0x00000184   Code   RO        16724    i._fp_digits        mc_w.l(printfa.o)
    0x0800a63c   0x0800a63c   0x000006dc   Code   RO        16725    i._printf_core      mc_w.l(printfa.o)
    0x0800ad18   0x0800ad18   0x00000024   Code   RO        16726    i._printf_post_padding  mc_w.l(printfa.o)
    0x0800ad3c   0x0800ad3c   0x0000002e   Code   RO        16727    i._printf_pre_padding  mc_w.l(printfa.o)
    0x0800ad6a   0x0800ad6a   0x0000000a   Code   RO        16729    i._sputc            mc_w.l(printfa.o)
    0x0800ad74   0x0800ad74   0x000001f0   Code   RO         8640    i.bmp_encode        bmp.o
    0x0800af64   0x0800af64   0x000000b0   Code   RO        16258    i.camera_new_pathname  camera_app.o
    0x0800b014   0x0800b014   0x00000088   Code   RO         8009    i.change_bitmap     ff.o
    0x0800b09c   0x0800b09c   0x00000084   Code   RO         8010    i.check_fs          ff.o
    0x0800b120   0x0800b120   0x00000014   Code   RO         8011    i.chk_chr           ff.o
    0x0800b134   0x0800b134   0x00000062   Code   RO         8012    i.clmt_clust        ff.o
    0x0800b196   0x0800b196   0x0000001a   Code   RO         8013    i.clust2sect        ff.o
    0x0800b1b0   0x0800b1b0   0x00000098   Code   RO         8014    i.cmp_lfn           ff.o
    0x0800b248   0x0800b248   0x00000012   Code   RO         5381    i.convert_from_bytes_to_power_of_two  sdio_sdcard.o
    0x0800b25a   0x0800b25a   0x0000015e   Code   RO         8015    i.create_chain      ff.o
    0x0800b3b8   0x0800b3b8   0x00000270   Code   RO         8016    i.create_name       ff.o
    0x0800b628   0x0800b628   0x00000090   Code   RO         8017    i.create_xdir       ff.o
    0x0800b6b8   0x0800b6b8   0x00000038   Code   RO         4652    i.delay_ms          systick.o
    0x0800b6f0   0x0800b6f0   0x0000004c   Code   RO         4653    i.delay_nms         systick.o
    0x0800b73c   0x0800b73c   0x0000004c   Code   RO         4654    i.delay_us          systick.o
    0x0800b788   0x0800b788   0x0000007c   Code   RO         8018    i.dir_alloc         ff.o
    0x0800b804   0x0800b804   0x000001a0   Code   RO         8019    i.dir_find          ff.o
    0x0800b9a4   0x0800b9a4   0x00000120   Code   RO         8020    i.dir_next          ff.o
    0x0800bac4   0x0800bac4   0x00000104   Code   RO         8021    i.dir_read          ff.o
    0x0800bbc8   0x0800bbc8   0x0000020c   Code   RO         8022    i.dir_register      ff.o
    0x0800bdd4   0x0800bdd4   0x000000aa   Code   RO         8024    i.dir_sdi           ff.o
    0x0800be7e   0x0800be7e   0x0000002c   Code   RO         7937    i.disk_initialize   diskio.o
    0x0800beaa   0x0800beaa   0x00000002   PAD
    0x0800beac   0x0800beac   0x000000b4   Code   RO         7938    i.disk_ioctl        diskio.o
    0x0800bf60   0x0800bf60   0x0000007a   Code   RO         7939    i.disk_read         diskio.o
    0x0800bfda   0x0800bfda   0x00000006   Code   RO         7940    i.disk_status       diskio.o
    0x0800bfe0   0x0800bfe0   0x0000007a   Code   RO         7941    i.disk_write        diskio.o
    0x0800c05a   0x0800c05a   0x0000002c   Code   RO        11717    i.ethernetif_input  ethernetif.o
    0x0800c086   0x0800c086   0x00000026   Code   RO         8025    i.f_close           ff.o
    0x0800c0ac   0x0800c0ac   0x00000166   Code   RO         8027    i.f_getfree         ff.o
    0x0800c212   0x0800c212   0x000001f4   Code   RO         8031    i.f_mkdir           ff.o
    0x0800c406   0x0800c406   0x00000002   PAD
    0x0800c408   0x0800c408   0x00000570   Code   RO         8032    i.f_mkfs            ff.o
    0x0800c978   0x0800c978   0x0000005c   Code   RO         8033    i.f_mount           ff.o
    0x0800c9d4   0x0800c9d4   0x000002bc   Code   RO         8034    i.f_open            ff.o
    0x0800cc90   0x0800cc90   0x00000228   Code   RO         8039    i.f_read            ff.o
    0x0800ceb8   0x0800ceb8   0x00000268   Code   RO         8042    i.f_setlabel        ff.o
    0x0800d120   0x0800d120   0x0000018e   Code   RO         8044    i.f_sync            ff.o
    0x0800d2ae   0x0800d2ae   0x00000292   Code   RO         8047    i.f_write           ff.o
    0x0800d540   0x0800d540   0x0000004a   Code   RO         8433    i.fatfs_getfree     fatfs_app.o
    0x0800d58a   0x0800d58a   0x00000002   PAD
    0x0800d58c   0x0800d58c   0x00000098   Code   RO         8509    i.ff_convert        mycc936.o
    0x0800d624   0x0800d624   0x0000000e   Code   RO         7942    i.ff_memalloc       diskio.o
    0x0800d632   0x0800d632   0x0000000e   Code   RO         7943    i.ff_memfree        diskio.o
    0x0800d640   0x0800d640   0x00000038   Code   RO         8510    i.ff_wtoupper       mycc936.o
    0x0800d678   0x0800d678   0x00000036   Code   RO         8048    i.fill_fat_chain    ff.o
    0x0800d6ae   0x0800d6ae   0x000000a4   Code   RO         8049    i.find_bitmap       ff.o
    0x0800d752   0x0800d752   0x00000002   PAD
    0x0800d754   0x0800d754   0x00000458   Code   RO         8050    i.find_volume       ff.o
    0x0800dbac   0x0800dbac   0x000000e4   Code   RO         8051    i.follow_path       ff.o
    0x0800dc90   0x0800dc90   0x00000044   Code   RO         8589    i.font_init         font_update.o
    0x0800dcd4   0x0800dcd4   0x00000024   Code   RO         4700    i.fputc             usart.o
    0x0800dcf8   0x0800dcf8   0x0000009c   Code   RO         8590    i.fupd_prog         font_update.o
    0x0800dd94   0x0800dd94   0x000000cc   Code   RO         8052    i.gen_numname       ff.o
    0x0800de60   0x0800de60   0x0000017a   Code   RO         8053    i.get_fat           ff.o
    0x0800dfda   0x0800dfda   0x00000004   Code   RO         7944    i.get_fattime       diskio.o
    0x0800dfde   0x0800dfde   0x0000004a   Code   RO         8055    i.get_ldnumber      ff.o
    0x0800e028   0x0800e028   0x0000003c   Code   RO        14730    i.gui_fill_rectangle  gui.o
    0x0800e064   0x0800e064   0x000000a8   Code   RO        14733    i.gui_init          gui.o
    0x0800e10c   0x0800e10c   0x000000e4   Code   RO        16259    i.jpeg_data_process  camera_app.o
    0x0800e1f0   0x0800e1f0   0x00000026   Code   RO         8057    i.ld_clust          ff.o
    0x0800e216   0x0800e216   0x00000018   Code   RO         8058    i.ld_dword          ff.o
    0x0800e22e   0x0800e22e   0x00000062   Code   RO         8059    i.ld_qword          ff.o
    0x0800e290   0x0800e290   0x0000000c   Code   RO         8060    i.ld_word           ff.o
    0x0800e29c   0x0800e29c   0x0000003c   Code   RO         8061    i.load_obj_dir      ff.o
    0x0800e2d8   0x0800e2d8   0x000000dc   Code   RO         8062    i.load_xdir         ff.o
    0x0800e3b4   0x0800e3b4   0x00000074   Code   RO        11719    i.low_level_input   ethernetif.o
    0x0800e428   0x0800e428   0x00000010   Code   RO        11248    i.lwip_pkt_handle   lwip_comm.o
    0x0800e438   0x0800e438   0x000000d8   Code   RO            6    i.main              main.o
    0x0800e510   0x0800e510   0x00000024   Code   RO         8063    i.mem_cmp           ff.o
    0x0800e534   0x0800e534   0x0000001a   Code   RO         8064    i.mem_cpy           ff.o
    0x0800e54e   0x0800e54e   0x00000002   PAD
    0x0800e550   0x0800e550   0x0000013c   Code   RO        12121    i.mem_free          mem.o
    0x0800e68c   0x0800e68c   0x00000268   Code   RO        12123    i.mem_malloc        mem.o
    0x0800e8f4   0x0800e8f4   0x00000012   Code   RO         8065    i.mem_set           ff.o
    0x0800e906   0x0800e906   0x00000002   PAD
    0x0800e908   0x0800e908   0x000000ac   Code   RO        12164    i.memp_free         memp.o
    0x0800e9b4   0x0800e9b4   0x000000ec   Code   RO        12167    i.memp_malloc       memp.o
    0x0800eaa0   0x0800eaa0   0x00000034   Code   RO         8066    i.move_window       ff.o
    0x0800ead4   0x0800ead4   0x0000006c   Code   RO         7854    i.my_mem_free       malloc.o
    0x0800eb40   0x0800eb40   0x00000044   Code   RO         7855    i.my_mem_init       malloc.o
    0x0800eb84   0x0800eb84   0x000000a8   Code   RO         7856    i.my_mem_malloc     malloc.o
    0x0800ec2c   0x0800ec2c   0x00000040   Code   RO         7857    i.my_mem_perused    malloc.o
    0x0800ec6c   0x0800ec6c   0x00000014   Code   RO         7858    i.my_mem_set        malloc.o
    0x0800ec80   0x0800ec80   0x00000024   Code   RO         7859    i.myfree            malloc.o
    0x0800eca4   0x0800eca4   0x00000028   Code   RO         7860    i.mymalloc          malloc.o
    0x0800eccc   0x0800eccc   0x0000040c   Code   RO        12302    i.pbuf_alloc        pbuf.o
    0x0800f0d8   0x0800f0d8   0x000001a0   Code   RO        12311    i.pbuf_free         pbuf.o
    0x0800f278   0x0800f278   0x0000000e   Code   RO         8824    i.pic_memalloc      piclib.o
    0x0800f286   0x0800f286   0x0000000e   Code   RO         8825    i.pic_memfree       piclib.o
    0x0800f294   0x0800f294   0x00000088   Code   RO         8067    i.pick_lfn          ff.o
    0x0800f31c   0x0800f31c   0x00000038   Code   RO         8828    i.piclib_draw_hline  piclib.o
    0x0800f354   0x0800f354   0x0000002c   Code   RO         8829    i.piclib_fill_color  piclib.o
    0x0800f380   0x0800f380   0x0000005c   Code   RO         8830    i.piclib_init       piclib.o
    0x0800f3dc   0x0800f3dc   0x000001b0   Code   RO        12125    i.plug_holes        mem.o
    0x0800f58c   0x0800f58c   0x00000144   Code   RO         8068    i.put_fat           ff.o
    0x0800f6d0   0x0800f6d0   0x00000080   Code   RO         8069    i.put_lfn           ff.o
    0x0800f750   0x0800f750   0x0000010a   Code   RO         8071    i.remove_chain      ff.o
    0x0800f85a   0x0800f85a   0x00000024   Code   RO         8072    i.st_clust          ff.o
    0x0800f87e   0x0800f87e   0x00000018   Code   RO         8073    i.st_dword          ff.o
    0x0800f896   0x0800f896   0x0000005c   Code   RO         8074    i.st_qword          ff.o
    0x0800f8f2   0x0800f8f2   0x0000000c   Code   RO         8075    i.st_word           ff.o
    0x0800f8fe   0x0800f8fe   0x0000006e   Code   RO         8076    i.store_xdir        ff.o
    0x0800f96c   0x0800f96c   0x00000020   Code   RO         8077    i.sum_sfn           ff.o
    0x0800f98c   0x0800f98c   0x00000090   Code   RO         8078    i.sync_fs           ff.o
    0x0800fa1c   0x0800fa1c   0x00000052   Code   RO         8079    i.sync_window       ff.o
    0x0800fa6e   0x0800fa6e   0x00000002   PAD
    0x0800fa70   0x0800fa70   0x00000050   Code   RO            7    i.system_error_show  main.o
    0x0800fac0   0x0800fac0   0x000000ec   Code   RO            8    i.system_exsram_test  main.o
    0x0800fbac   0x0800fbac   0x0000015c   Code   RO            9    i.system_files_erase  main.o
    0x0800fd08   0x0800fd08   0x000000dc   Code   RO           10    i.system_font_update_confirm  main.o
    0x0800fde4   0x0800fde4   0x00000180   Code   RO         8591    i.updata_fontx      font_update.o
    0x0800ff64   0x0800ff64   0x00000150   Code   RO         8592    i.update_font       font_update.o
    0x080100b4   0x080100b4   0x00000042   Code   RO         8080    i.validate          ff.o
    0x080100f6   0x080100f6   0x0000003a   Code   RO         8081    i.xdir_sum          ff.o
    0x08010130   0x08010130   0x0000004c   Code   RO         8082    i.xname_sum         ff.o
    0x0801017c   0x0801017c   0x00004918   Data   RO         5759    .constdata          tftlcd.o
    0x08014a94   0x08014a94   0x00000004   Data   RO         6103    .constdata          touch.o
    0x08014a98   0x08014a98   0x00000024   Data   RO         7867    .constdata          malloc.o
    0x08014abc   0x08014abc   0x0000004a   Data   RO         8084    .constdata          ff.o
    0x08014b06   0x08014b06   0x000003c0   Data   RO         8511    .constdata          mycc936.o
    0x08014ec6   0x08014ec6   0x00000002   PAD
    0x08014ec8   0x08014ec8   0x00000028   Data   RO         8594    .constdata          font_update.o
    0x08014ef0   0x08014ef0   0x000220c4   Data   RO        15434    .constdata          common.o
    0x08036fb4   0x08036fb4   0x00000044   Data   RO         5183    .conststring        time.o
    0x08036ff8   0x08036ff8   0x00000079   Data   RO         6104    .conststring        touch.o
    0x08037071   0x08037071   0x00000003   PAD
    0x08037074   0x08037074   0x000000b8   Data   RO         8595    .conststring        font_update.o
    0x0803712c   0x0803712c   0x000001e7   Data   RO        15435    .conststring        common.o
    0x08037313   0x08037313   0x00000001   PAD
    0x08037314   0x08037314   0x00000020   Data   RO        16934    Region$$Table       anon$$obj.o


    Execution Region RW_IRAM1 (Exec base: 0x20000000, Load base: 0x08037334, Size: 0x0001bad8, Max: 0x00020000, ABSOLUTE, COMPRESSED[0x00000138])

    Exec Addr    Load Addr    Size         Type   Attr      Idx    E Section Name        Object

    0x20000000   COMPRESSED   0x00000024   Data   RW           11    .data               main.o
    0x20000024   COMPRESSED   0x00000010   Data   RW          636    .data               stm32f4xx_rcc.o
    0x20000034   COMPRESSED   0x00000010   Data   RW         4021    .data               stm32f4x7_eth.o
    0x20000044   COMPRESSED   0x00000004   Data   RW         4655    .data               systick.o
    0x20000048   COMPRESSED   0x00000002   Data   RW         4702    .data               usart.o
    0x2000004a   COMPRESSED   0x00000001   Data   RW         4770    .data               key.o
    0x2000004b   COMPRESSED   0x00000001   PAD
    0x2000004c   COMPRESSED   0x00000002   Data   RW         5034    .data               flash.o
    0x2000004e   COMPRESSED   0x00000002   PAD
    0x20000050   COMPRESSED   0x00000010   Data   RW         5184    .data               time.o
    0x20000060   COMPRESSED   0x00000008   Data   RW         5292    .data               rtc.o
    0x20000068   COMPRESSED   0x00000010   Data   RW         5383    .data               sdio_sdcard.o
    0x20000078   COMPRESSED   0x00000005   Data   RW         5569    .data               hwjs.o
    0x2000007d   COMPRESSED   0x00000001   PAD
    0x2000007e   COMPRESSED   0x0000000c   Data   RW         5760    .data               tftlcd.o
    0x2000008a   COMPRESSED   0x00000002   PAD
    0x2000008c   COMPRESSED   0x0000004a   Data   RW         6105    .data               touch.o
    0x200000d6   COMPRESSED   0x00000074   Data   RW         7219    .data               wm8978.o
    0x2000014a   COMPRESSED   0x00000002   PAD
    0x2000014c   COMPRESSED   0x00000004   Data   RW         7434    .data               i2s.o
    0x20000150   COMPRESSED   0x00000008   Data   RW         7497    .data               dcmi.o
    0x20000158   COMPRESSED   0x0000000a   Data   RW         7800    .data               distance_sensor.o
    0x20000162   COMPRESSED   0x00000002   PAD
    0x20000164   COMPRESSED   0x00000024   Data   RW         7868    .data               malloc.o
    0x20000188   COMPRESSED   0x00000002   Data   RW         7945    .data               diskio.o
    0x2000018a   COMPRESSED   0x00000002   Data   RW         8085    .data               ff.o
    0x2000018c   COMPRESSED   0x00000014   Data   RW         8437    .data               fatfs_app.o
    0x200001a0   COMPRESSED   0x0000000c   Data   RW        11250    .data               lwip_comm.o
    0x200001ac   COMPRESSED   0x00000010   Data   RW        12126    .data               mem.o
    0x200001bc   COMPRESSED   0x00000034   Data   RW        13522    .data               usbd_core.o
    0x200001f0   COMPRESSED   0x0000000d   Data   RW        13696    .data               usbd_req.o
    0x200001fd   COMPRESSED   0x00000003   PAD
    0x20000200   COMPRESSED   0x000000a1   Data   RW        15436    .data               common.o
    0x200002a1   COMPRESSED   0x00000003   PAD
    0x200002a4   COMPRESSED   0x00000018   Data   RW        16266    .data               camera_app.o
    0x200002bc   COMPRESSED   0x00000004   Data   RW        16854    .data               mc_w.l(stdout.o)
    0x200002c0   COMPRESSED   0x00000004   Data   RW        16866    .data               mc_w.l(errno.o)
    0x200002c4        -       0x000000c8   Zero   RW         4701    .bss                usart.o
    0x2000038c        -       0x00001000   Zero   RW         5033    .bss                flash.o
    0x2000138c        -       0x00000031   Zero   RW         5291    .bss                rtc.o
    0x200013bd   COMPRESSED   0x00000003   PAD
    0x200013c0        -       0x000002c0   Zero   RW         5382    .bss                sdio_sdcard.o
    0x20001680        -       0x00000018   Zero   RW         7799    .bss                distance_sensor.o
    0x20001698   COMPRESSED   0x00000008   PAD
    0x200016a0        -       0x000193c0   Zero   RW         7866    .bss                malloc.o
    0x2001aa60        -       0x0000000c   Zero   RW         8083    .bss                ff.o
    0x2001aa6c   COMPRESSED   0x00000004   PAD
    0x2001aa70        -       0x00000178   Zero   RW         8434    .bss                fatfs_app.o
    0x2001abe8        -       0x00000029   Zero   RW         8593    .bss                font_update.o
    0x2001ac11   COMPRESSED   0x00000003   PAD
    0x2001ac14        -       0x0000003c   Zero   RW         8831    .bss                piclib.o
    0x2001ac50        -       0x00000048   Zero   RW        11249    .bss                lwip_comm.o
    0x2001ac98        -       0x00000028   Zero   RW        12168    .bss                memp.o
    0x2001acc0        -       0x0000001d   Zero   RW        14753    .bss                gui.o
    0x2001acdd   COMPRESSED   0x00000003   PAD
    0x2001ace0        -       0x000005f4   Zero   RW        16176    .bss                usb_app.o
    0x2001b2d4   COMPRESSED   0x00000004   PAD
    0x2001b2d8        -       0x00000800   Zero   RW          471    STACK               startup_stm32f40_41xxx.o



  Load Region LR$$.ARM.__AT_0x10000000 (Base: 0x10000000, Size: 0x00000000, Max: 0x0000f000, ABSOLUTE)

    Execution Region ER$$.ARM.__AT_0x10000000 (Exec base: 0x10000000, Load base: 0x10000000, Size: 0x0000f000, Max: 0x0000f000, ABSOLUTE, UNINIT)

    Exec Addr    Load Addr    Size         Type   Attr      Idx    E Section Name        Object

    0x10000000        -       0x0000f000   Zero   RW         7862    .ARM.__AT_0x10000000  malloc.o



  Load Region LR$$.ARM.__AT_0x1000F000 (Base: 0x1000f000, Size: 0x00000000, Max: 0x00000f00, ABSOLUTE)

    Execution Region ER$$.ARM.__AT_0x1000F000 (Exec base: 0x1000f000, Load base: 0x1000f000, Size: 0x00000f00, Max: 0x00000f00, ABSOLUTE, UNINIT)

    Exec Addr    Load Addr    Size         Type   Attr      Idx    E Section Name        Object

    0x1000f000        -       0x00000f00   Zero   RW         7863    .ARM.__AT_0x1000F000  malloc.o



  Load Region LR$$.ARM.__AT_0x68000000 (Base: 0x68000000, Size: 0x00000000, Max: 0x000f0000, ABSOLUTE)

    Execution Region ER$$.ARM.__AT_0x68000000 (Exec base: 0x68000000, Load base: 0x68000000, Size: 0x000f0000, Max: 0x000f0000, ABSOLUTE, UNINIT)

    Exec Addr    Load Addr    Size         Type   Attr      Idx    E Section Name        Object

    0x68000000        -       0x000f0000   Zero   RW         7864    .ARM.__AT_0x68000000  malloc.o



  Load Region LR$$.ARM.__AT_0x680F0000 (Base: 0x680f0000, Size: 0x00000000, Max: 0x0000f000, ABSOLUTE)

    Execution Region ER$$.ARM.__AT_0x680F0000 (Exec base: 0x680f0000, Load base: 0x680f0000, Size: 0x0000f000, Max: 0x0000f000, ABSOLUTE, UNINIT)

    Exec Addr    Load Addr    Size         Type   Attr      Idx    E Section Name        Object

    0x680f0000        -       0x0000f000   Zero   RW         7865    .ARM.__AT_0x680F0000  malloc.o


==============================================================================

Image component sizes


      Code (inc. data)   RO Data    RW Data    ZI Data      Debug   Object Name

       308          0          0          0          0       4029   24cxx.o
        84          4          0          0          0        676   adc_temp.o
        68         10          0          0          0        572   beep.o
       496         10          0          0          0       2889   bmp.o
       404        124          0         24          0       3463   camera_app.o
       426         22          0          0          0       3653   can.o
         0          0     139947        161          0       8966   common.o
       104         24          0          8          0       1875   dcmi.o
       506         10          0          2          0       7896   diskio.o
      1032        240          0         10         24       5696   distance_sensor.o
       160          6          0          0          0       4550   ethernetif.o
       206         18          0         20        376       5005   fatfs_app.o
     13152        176         74          2         12      58291   ff.o
       864        100          0          2       4096       8114   flash.o
       944         42        224          0         41       5472   font_update.o
       228         34          0          0         29       4631   gui.o
       188         20          0          5          0       1644   hwjs.o
        44         14          0          4          0       1232   i2s.o
       648         88          0          0          0       5861   iic.o
       228         20          0          1          0       1318   key.o
       196         12          0          0          0       1801   lan8720.o
        88          6          0          0          0        579   led.o
       132          8          0          0          0        709   lsens.o
        16          6          0         12         72       4623   lwip_comm.o
      4996        956          0         36          0     426658   main.o
       504         60         36         36    1213120       6952   malloc.o
      1364        632          0         16          0       3891   mem.o
       408        264          0          0         40       2976   memp.o
       180         24          0          0          0       2529   misc.o
       396          0          0          0          0       4760   mpu6050.o
       208         16        960          0          0       2115   mycc936.o
      1452        570          0          0          0       3125   pbuf.o
       220         38          0          0         60       4961   piclib.o
       534         50          0          8         49       4977   rtc.o
      7482        400          0         16        704      35561   sdio_sdcard.o
       292         20          0          0          0       1925   spi.o
       762         22          0          0          0       2644   sram.o
        36          8        392          0       2048        884   startup_stm32f40_41xxx.o
        64          6          0         16          0       3138   stm32f4x7_eth.o
       198         34          0          0          0       4037   stm32f4xx_adc.o
      1264         28          0          0          0       5979   stm32f4xx_can.o
        40         10          0          0          0       1364   stm32f4xx_dcmi.o
       768         86          0          0          0       8162   stm32f4xx_dma.o
       160         12          0          0          0       1845   stm32f4xx_exti.o
       348         12          0          0          0       2349   stm32f4xx_fsmc.o
       240          0          0          0          0       4179   stm32f4xx_gpio.o
        26          0          0          0          0       4598   stm32f4xx_it.o
        12          6          0          0          0        638   stm32f4xx_pwr.o
       572         72          0         16          0       9404   stm32f4xx_rcc.o
      1366        104          0          0          0      14920   stm32f4xx_rtc.o
       208         38          0          0          0       6545   stm32f4xx_sdio.o
       112          0          0          0          0       4158   stm32f4xx_spi.o
       214         28          0          0          0       4334   stm32f4xx_tim.o
       486          8          0          0          0       7785   stm32f4xx_usart.o
         8          0          0          0          0        997   system.o
       340         32          0          0          0       1729   system_stm32f4xx.o
       268         16          0          4          0       2705   systick.o
      2724        118      18712         12          0      19338   tftlcd.o
       744        114         68         16          0       7174   time.o
      4142        260        125         74          0      11281   touch.o
       352         26          0          2        200       2688   usart.o
         0          0          0          0       1524        270   usb_app.o
        12          0          0          0          0       1037   usb_bsp.o
      1722          4          0          0          0      33141   usb_core.o
       436          0          0          0          0       5102   usb_dcd.o
      1930         50          0          0          0      10491   usb_dcd_int.o
       688          6          0         52          0      10774   usbd_core.o
       178          0          0          0          0       4252   usbd_ioreq.o
      1630         54          0         13          0      10326   usbd_req.o
        16          6          0          0          0        548   usbd_usr.o
       416         12          0        116          0       3412   wm8978.o

    ----------------------------------------------------------------------
     61102       5196     160576        700    1222420     856203   Object Totals
         0          0         32          0          0          0   (incl. Generated)
        62          0          6         16         25          0   (incl. Padding)

    ----------------------------------------------------------------------

      Code (inc. data)   RO Data    RW Data    ZI Data      Debug   Library Member Name

       122          0          0          0          0        148   sqrt.o
        86          0          0          0          0          0   __dczerorl2.o
         0          0          0          0          0          0   entry.o
         0          0          0          0          0          0   entry10a.o
         0          0          0          0          0          0   entry11a.o
         8          4          0          0          0          0   entry2.o
         4          0          0          0          0          0   entry5.o
         0          0          0          0          0          0   entry7b.o
         0          0          0          0          0          0   entry8b.o
         8          4          0          0          0          0   entry9a.o
        12          6          0          4          0         68   errno.o
        30          0          0          0          0          0   handlers.o
        36          8          0          0          0         68   init.o
         0          0          0          0          0          0   iusefp.o
        98          0          0          0          0         84   ldiv.o
        30          0          0          0          0         68   llshl.o
        36          0          0          0          0         68   llsshr.o
        32          0          0          0          0         68   llushr.o
        36          0          0          0          0         68   memcpya.o
      2308         96          0          0          0        604   printfa.o
         0          0          0          4          0          0   stdout.o
        24          0          0          0          0         68   strcat.o
        18          0          0          0          0         68   strcpy.o
        44          0          0          0          0         80   uidiv.o
        98          0          0          0          0         92   uldiv.o
        48          0          0          0          0         68   cdcmple.o
        48          0          0          0          0         68   cdrcmple.o
       334          0          0          0          0        148   dadd.o
       222          0          0          0          0        100   ddiv.o
       186          0          0          0          0        176   depilogue.o
        50          0          0          0          0         76   dfixui.o
        48          0          0          0          0         68   dfixul.o
        26          0          0          0          0         76   dfltui.o
       228          0          0          0          0         96   dmul.o
       162          0          0          0          0        100   dsqrt.o
        38          0          0          0          0         68   f2d.o

    ----------------------------------------------------------------------
      4422        118          0          8          0       2596   Library Totals
         2          0          0          0          0          0   (incl. Padding)

    ----------------------------------------------------------------------

      Code (inc. data)   RO Data    RW Data    ZI Data      Debug   Library Name

       122          0          0          0          0        148   m_wm.l
      2908        118          0          8          0       1404   mc_w.l
      1390          0          0          0          0       1044   mf_w.l

    ----------------------------------------------------------------------
      4422        118          0          8          0       2596   Library Totals

    ----------------------------------------------------------------------

==============================================================================


      Code (inc. data)   RO Data    RW Data    ZI Data      Debug   

     65524       5314     160576        708    1222420     815683   Grand Totals
     65524       5314     160576        312    1222420     815683   ELF Image Totals (compressed)
     65524       5314     160576        312          0          0   ROM Totals

==============================================================================

    Total RO  Size (Code + RO Data)               226100 ( 220.80kB)
    Total RW  Size (RW Data + ZI Data)           1223128 (1194.46kB)
    Total ROM Size (Code + RO Data + RW Data)     226412 ( 221.11kB)

==============================================================================

